Component: ARM Compiler 5.06 update 7 (build 960) Tool: armlink [4d3601]

==============================================================================

Section Cross References

    startup_stm32g431xx.o(STACK) refers (Special) to heapauxi.o(.text) for __use_two_region_memory
    startup_stm32g431xx.o(HEAP) refers (Special) to heapauxi.o(.text) for __use_two_region_memory
    startup_stm32g431xx.o(RESET) refers (Special) to heapauxi.o(.text) for __use_two_region_memory
    startup_stm32g431xx.o(RESET) refers to startup_stm32g431xx.o(STACK) for __initial_sp
    startup_stm32g431xx.o(RESET) refers to startup_stm32g431xx.o(.text) for Reset_Handler
    startup_stm32g431xx.o(RESET) refers to stm32g4xx_mc_it.o(i.HardFault_Handler) for HardFault_Handler
    startup_stm32g431xx.o(RESET) refers to stm32g4xx_mc_it.o(i.SysTick_Handler) for SysTick_Handler
    startup_stm32g431xx.o(RESET) refers to stm32g4xx_mc_it.o(i.DMA1_Channel2_IRQHandler) for DMA1_Channel2_IRQHandler
    startup_stm32g431xx.o(RESET) refers to stm32g4xx_mc_it.o(i.ADC1_2_IRQHandler) for ADC1_2_IRQHandler
    startup_stm32g431xx.o(RESET) refers to stm32g4xx_mc_it.o(i.EXTI9_5_IRQHandler) for EXTI9_5_IRQHandler
    startup_stm32g431xx.o(RESET) refers to stm32g4xx_mc_it.o(i.TIM1_BRK_TIM15_IRQHandler) for TIM1_BRK_TIM15_IRQHandler
    startup_stm32g431xx.o(RESET) refers to stm32g4xx_mc_it.o(i.TIM1_UP_TIM16_IRQHandler) for TIM1_UP_TIM16_IRQHandler
    startup_stm32g431xx.o(RESET) refers to stm32g4xx_mc_it.o(i.USART1_IRQHandler) for USART1_IRQHandler
    startup_stm32g431xx.o(.text) refers (Special) to heapauxi.o(.text) for __use_two_region_memory
    startup_stm32g431xx.o(.text) refers to system_stm32g4xx.o(i.SystemInit) for SystemInit
    startup_stm32g431xx.o(.text) refers to __main.o(!!!main) for __main
    startup_stm32g431xx.o(.text) refers to startup_stm32g431xx.o(HEAP) for Heap_Mem
    startup_stm32g431xx.o(.text) refers to startup_stm32g431xx.o(STACK) for Stack_Mem
    main.o(i.SystemClock_Config) refers to rt_memclr_w.o(.text) for __aeabi_memclr4
    main.o(i.SystemClock_Config) refers to stm32g4xx_hal_pwr_ex.o(i.HAL_PWREx_ControlVoltageScaling) for HAL_PWREx_ControlVoltageScaling
    main.o(i.SystemClock_Config) refers to stm32g4xx_hal_rcc.o(i.HAL_RCC_OscConfig) for HAL_RCC_OscConfig
    main.o(i.SystemClock_Config) refers to stm32g4xx_hal_rcc.o(i.HAL_RCC_ClockConfig) for HAL_RCC_ClockConfig
    main.o(i.SystemClock_Config) refers to stm32g4xx_hal_rcc_ex.o(i.HAL_RCCEx_PeriphCLKConfig) for HAL_RCCEx_PeriphCLKConfig
    main.o(i.SystemClock_Config) refers to stm32g4xx_hal_rcc.o(i.HAL_RCC_EnableCSS) for HAL_RCC_EnableCSS
    main.o(i.main) refers to stm32g4xx_hal.o(i.HAL_Init) for HAL_Init
    main.o(i.main) refers to main.o(i.SystemClock_Config) for SystemClock_Config
    main.o(i.main) refers to gpio.o(i.MX_GPIO_Init) for MX_GPIO_Init
    main.o(i.main) refers to dma.o(i.MX_DMA_Init) for MX_DMA_Init
    main.o(i.main) refers to adc.o(i.MX_ADC1_Init) for MX_ADC1_Init
    main.o(i.main) refers to adc.o(i.MX_ADC2_Init) for MX_ADC2_Init
    main.o(i.main) refers to cordic.o(i.MX_CORDIC_Init) for MX_CORDIC_Init
    main.o(i.main) refers to opamp.o(i.MX_OPAMP1_Init) for MX_OPAMP1_Init
    main.o(i.main) refers to opamp.o(i.MX_OPAMP2_Init) for MX_OPAMP2_Init
    main.o(i.main) refers to tim.o(i.MX_TIM1_Init) for MX_TIM1_Init
    main.o(i.main) refers to usart.o(i.MX_USART1_UART_Init) for MX_USART1_UART_Init
    main.o(i.main) refers to motorcontrol.o(i.MX_MotorControl_Init) for MX_MotorControl_Init
    main.o(i.main) refers to stm32g4xx_hal_cortex.o(i.HAL_NVIC_SetPriority) for HAL_NVIC_SetPriority
    main.o(i.main) refers to stm32g4xx_hal_cortex.o(i.HAL_NVIC_EnableIRQ) for HAL_NVIC_EnableIRQ
    gpio.o(i.MX_GPIO_Init) refers to stm32g4xx_hal_gpio.o(i.HAL_GPIO_Init) for HAL_GPIO_Init
    adc.o(i.HAL_ADC_MspDeInit) refers to stm32g4xx_hal_gpio.o(i.HAL_GPIO_DeInit) for HAL_GPIO_DeInit
    adc.o(i.HAL_ADC_MspDeInit) refers to adc.o(.data) for .data
    adc.o(i.HAL_ADC_MspInit) refers to stm32g4xx_hal_gpio.o(i.HAL_GPIO_Init) for HAL_GPIO_Init
    adc.o(i.HAL_ADC_MspInit) refers to adc.o(.data) for .data
    adc.o(i.MX_ADC1_Init) refers to stm32g4xx_hal_adc.o(i.HAL_ADC_Init) for HAL_ADC_Init
    adc.o(i.MX_ADC1_Init) refers to main.o(i.Error_Handler) for Error_Handler
    adc.o(i.MX_ADC1_Init) refers to stm32g4xx_hal_adc_ex.o(i.HAL_ADCEx_MultiModeConfigChannel) for HAL_ADCEx_MultiModeConfigChannel
    adc.o(i.MX_ADC1_Init) refers to stm32g4xx_hal_adc_ex.o(i.HAL_ADCEx_InjectedConfigChannel) for HAL_ADCEx_InjectedConfigChannel
    adc.o(i.MX_ADC1_Init) refers to stm32g4xx_hal_adc.o(i.HAL_ADC_ConfigChannel) for HAL_ADC_ConfigChannel
    adc.o(i.MX_ADC1_Init) refers to adc.o(.bss) for .bss
    adc.o(i.MX_ADC2_Init) refers to stm32g4xx_hal_adc.o(i.HAL_ADC_Init) for HAL_ADC_Init
    adc.o(i.MX_ADC2_Init) refers to main.o(i.Error_Handler) for Error_Handler
[...]
    _sys_exit                                0x080005d5   Thumb Code     8  sys_exit.o(.text)
    __I$use$semihosting                      0x080005e1   Thumb Code     0  use_no_semi.o(.text)
    __use_no_semihosting_swi                 0x080005e1   Thumb Code     2  use_no_semi.o(.text)
    ADC1_2_IRQHandler                        0x080005e3   Thumb Code    12  stm32g4xx_mc_it.o(i.ADC1_2_IRQHandler)
    __semihosting_library_function           0x080005e3   Thumb Code     0  indicate_semi.o(.text)
    ASPEP_CheckBeacon                        0x080005ef   Thumb Code   124  aspep.o(i.ASPEP_CheckBeacon)
    ASPEP_HWDMAReset                         0x0800066b   Thumb Code    22  aspep.o(i.ASPEP_HWDMAReset)
    ASPEP_HWDataReceivedIT                   0x08000681   Thumb Code   150  aspep.o(i.ASPEP_HWDataReceivedIT)
    ASPEP_HWDataTransmittedIT                0x0800071d   Thumb Code   148  aspep.o(i.ASPEP_HWDataTransmittedIT)
    ASPEP_RXframeProcess                     0x080007b1   Thumb Code   490  aspep.o(i.ASPEP_RXframeProcess)
    ASPEP_getBuffer                          0x08000a71   Thumb Code    86  aspep.o(i.ASPEP_getBuffer)
    ASPEP_sendPacket                         0x08000ac7   Thumb Code    88  aspep.o(i.ASPEP_sendPacket)
    ASPEP_start                              0x08000b1f   Thumb Code    40  aspep.o(i.ASPEP_start)
    Circle_Limitation                        0x08000b47   Thumb Code    92  circle_limitation.o(i.Circle_Limitation)
    DMA1_Channel2_IRQHandler                 0x08000ba5   Thumb Code    22  stm32g4xx_mc_it.o(i.DMA1_Channel2_IRQHandler)
    EXTI9_5_IRQHandler                       0x08000bc5   Thumb Code    20  stm32g4xx_mc_it.o(i.EXTI9_5_IRQHandler)
    Error_Handler                            0x08000bdd   Thumb Code     4  main.o(i.Error_Handler)
    FOC_CalcCurrRef                          0x08000be1   Thumb Code    42  mc_tasks.o(i.FOC_CalcCurrRef)
    FOC_Clear                                0x08000c15   Thumb Code    86  mc_tasks.o(i.FOC_Clear)
    FOC_InitAdditionalMethods                0x08000c81   Thumb Code     2  mc_tasks.o(i.FOC_InitAdditionalMethods)
    HAL_ADCEx_InjectedConfigChannel          0x08000c85   Thumb Code  1470  stm32g4xx_hal_adc_ex.o(i.HAL_ADCEx_InjectedConfigChannel)
    HAL_ADCEx_MultiModeConfigChannel         0x08001261   Thumb Code   240  stm32g4xx_hal_adc_ex.o(i.HAL_ADCEx_MultiModeConfigChannel)
    HAL_ADC_ConfigChannel                    0x08001359   Thumb Code  1204  stm32g4xx_hal_adc.o(i.HAL_ADC_ConfigChannel)
    HAL_ADC_Init                             0x08001831   Thumb Code   554  stm32g4xx_hal_adc.o(i.HAL_ADC_Init)
    HAL_ADC_MspInit                          0x08001a71   Thumb Code   194  adc.o(i.HAL_ADC_MspInit)
    HAL_CORDIC_Init                          0x08001b41   Thumb Code    52  stm32g4xx_hal_cordic.o(i.HAL_CORDIC_Init)
    HAL_CORDIC_MspInit                       0x08001b75   Thumb Code    40  cordic.o(i.HAL_CORDIC_MspInit)
    HAL_DMA_Init                             0x08001ba1   Thumb Code   252  stm32g4xx_hal_dma.o(i.HAL_DMA_Init)
    HAL_GPIO_Init                            0x08001cc9   Thumb Code   466  stm32g4xx_hal_gpio.o(i.HAL_GPIO_Init)
    HAL_GetTick                              0x08001ead   Thumb Code     6  stm32g4xx_hal.o(i.HAL_GetTick)
    HAL_IncTick                              0x08001eb9   Thumb Code    12  stm32g4xx_hal.o(i.HAL_IncTick)
    HAL_Init                                 0x08001ec9   Thumb Code    30  stm32g4xx_hal.o(i.HAL_Init)
    HAL_InitTick                             0x08001ee9   Thumb Code    58  stm32g4xx_hal.o(i.HAL_InitTick)
    HAL_MspInit                              0x08001f2d   Thumb Code    50  stm32g4xx_hal_msp.o(i.HAL_MspInit)
    HAL_NVIC_EnableIRQ                       0x08001f65   Thumb Code    30  stm32g4xx_hal_cortex.o(i.HAL_NVIC_EnableIRQ)
    HAL_NVIC_SetPriority                     0x08001f85   Thumb Code    96  stm32g4xx_hal_cortex.o(i.HAL_NVIC_SetPriority)
    HAL_NVIC_SetPriorityGrouping             0x08001fe9   Thumb Code    30  stm32g4xx_hal_cortex.o(i.HAL_NVIC_SetPriorityGrouping)
    HAL_OPAMP_Init                           0x0800200d   Thumb Code   228  stm32g4xx_hal_opamp.o(i.HAL_OPAMP_Init)
    HAL_OPAMP_MspInit                        0x080020f9   Thumb Code   136  opamp.o(i.HAL_OPAMP_MspInit)
    HAL_PWREx_ControlVoltageScaling          0x08002191   Thumb Code   180  stm32g4xx_hal_pwr_ex.o(i.HAL_PWREx_ControlVoltageScaling)
    HAL_PWREx_DisableUCPDDeadBattery         0x08002251   Thumb Code    12  stm32g4xx_hal_pwr_ex.o(i.HAL_PWREx_DisableUCPDDeadBattery)
    HAL_RCCEx_PeriphCLKConfig                0x08002261   Thumb Code   700  stm32g4xx_hal_rcc_ex.o(i.HAL_RCCEx_PeriphCLKConfig)
    HAL_RCC_ClockConfig                      0x08002525   Thumb Code   488  stm32g4xx_hal_rcc.o(i.HAL_RCC_ClockConfig)
    HAL_RCC_EnableCSS                        0x0800272d   Thumb Code    12  stm32g4xx_hal_rcc.o(i.HAL_RCC_EnableCSS)
    HAL_RCC_GetHCLKFreq                      0x0800273d   Thumb Code     6  stm32g4xx_hal_rcc.o(i.HAL_RCC_GetHCLKFreq)
    HAL_RCC_GetPCLK1Freq                     0x08002749   Thumb Code    24  stm32g4xx_hal_rcc.o(i.HAL_RCC_GetPCLK1Freq)
    HAL_RCC_GetPCLK2Freq                     0x0800276d   Thumb Code    24  stm32g4xx_hal_rcc.o(i.HAL_RCC_GetPCLK2Freq)
    HAL_RCC_GetSysClockFreq                  0x08002791   Thumb Code   100  stm32g4xx_hal_rcc.o(i.HAL_RCC_GetSysClockFreq)
    HAL_RCC_OscConfig                        0x08002801   Thumb Code  1226  stm32g4xx_hal_rcc.o(i.HAL_RCC_OscConfig)
    HAL_SYSTICK_Callback                     0x08002ccb   Thumb Code     2  stm32g4xx_hal_cortex.o(i.HAL_SYSTICK_Callback)
    HAL_SYSTICK_Config                       0x08002ccd   Thumb Code    38  stm32g4xx_hal_cortex.o(i.HAL_SYSTICK_Config)
    HAL_SYSTICK_IRQHandler                   0x08002cf9   Thumb Code     8  stm32g4xx_hal_cortex.o(i.HAL_SYSTICK_IRQHandler)
    HAL_TIMEx_ConfigBreakDeadTime            0x08002d01   Thumb Code   178  stm32g4xx_hal_tim_ex.o(i.HAL_TIMEx_ConfigBreakDeadTime)
    HAL_TIMEx_MasterConfigSynchronization    0x08002dbd   Thumb Code   144  stm32g4xx_hal_tim_ex.o(i.HAL_TIMEx_MasterConfigSynchronization)
    HAL_TIM_Base_Init                        0x08002e55   Thumb Code    98  stm32g4xx_hal_tim.o(i.HAL_TIM_Base_Init)
    HAL_TIM_Base_MspInit                     0x08002eb9   Thumb Code    40  tim.o(i.HAL_TIM_Base_MspInit)
    HAL_TIM_PWM_ConfigChannel                0x08002ee5   Thumb Code   848  stm32g4xx_hal_tim.o(i.HAL_TIM_PWM_ConfigChannel)
    HAL_TIM_PWM_Init                         0x08003249   Thumb Code    98  stm32g4xx_hal_tim.o(i.HAL_TIM_PWM_Init)
    HAL_TIM_PWM_MspInit                      0x080032ab   Thumb Code     2  stm32g4xx_hal_tim.o(i.HAL_TIM_PWM_MspInit)
    HAL_TIM_SlaveConfigSynchro               0x080032ad   Thumb Code    86  stm32g4xx_hal_tim.o(i.HAL_TIM_SlaveConfigSynchro)
    HAL_UARTEx_DisableFifoMode               0x08003303   Thumb Code    62  stm32g4xx_hal_uart_ex.o(i.HAL_UARTEx_DisableFifoMode)
    HAL_UARTEx_SetRxFifoThreshold            0x08003341   Thumb Code   134  stm32g4xx_hal_uart_ex.o(i.HAL_UARTEx_SetRxFifoThreshold)
    HAL_UARTEx_SetTxFifoThreshold            0x080033cd   Thumb Code   134  stm32g4xx_hal_uart_ex.o(i.HAL_UARTEx_SetTxFifoThreshold)
    HAL_UART_Init                            0x08003459   Thumb Code   110  stm32g4xx_hal_uart.o(i.HAL_UART_Init)
    HAL_UART_MspInit                         0x080034c9   Thumb Code   180  usart.o(i.HAL_UART_MspInit)
    HardFault_Handler                        0x08003595   Thumb Code     6  stm32g4xx_mc_it.o(i.HardFault_Handler)
    MCI_Clear_Iqdref                         0x08003691   Thumb Code    16  mc_interface.o(i.MCI_Clear_Iqdref)
    MCI_ExecBufferedCommands                 0x080036a1   Thumb Code   114  mc_interface.o(i.MCI_ExecBufferedCommands)
    MCI_ExecSpeedRamp                        0x08003713   Thumb Code    14  mc_interface.o(i.MCI_ExecSpeedRamp)
    MCI_ExecTorqueRamp                       0x08003721   Thumb Code    18  mc_interface.o(i.MCI_ExecTorqueRamp)
    MCI_FaultAcknowledged                    0x08003733   Thumb Code    36  mc_interface.o(i.MCI_FaultAcknowledged)
    MCI_FaultProcessing                      0x08003757   Thumb Code    18  mc_interface.o(i.MCI_FaultProcessing)
    MCI_GetAvrgMecSpeedUnit                  0x08003769   Thumb Code    16  mc_interface.o(i.MCI_GetAvrgMecSpeedUnit)
    MCI_GetControlMode                       0x08003779   Thumb Code     4  mc_interface.o(i.MCI_GetControlMode)
    MCI_GetCurrentFaults                     0x0800377d   Thumb Code     4  mc_interface.o(i.MCI_GetCurrentFaults)
    MCI_GetFaultState                        0x08003781   Thumb Code    10  mc_interface.o(i.MCI_GetFaultState)
    MCI_GetIab                               0x0800378b   Thumb Code     6  mc_interface.o(i.MCI_GetIab)
    MCI_GetIalphabeta                        0x08003791   Thumb Code     6  mc_interface.o(i.MCI_GetIalphabeta)
    MCI_GetImposedMotorDirection             0x08003797   Thumb Code    54  mc_interface.o(i.MCI_GetImposedMotorDirection)
    MCI_GetIqd                               0x080037cd   Thumb Code     6  mc_interface.o(i.MCI_GetIqd)
    MCI_GetIqdref                            0x080037d3   Thumb Code     6  mc_interface.o(i.MCI_GetIqdref)
    MCI_GetLastRampFinalDuration             0x080037d9   Thumb Code     4  mc_interface.o(i.MCI_GetLastRampFinalDuration)
    MCI_GetLastRampFinalSpeed                0x080037dd   Thumb Code     6  mc_interface.o(i.MCI_GetLastRampFinalSpeed)
    MCI_GetLastRampFinalTorque               0x080037e3   Thumb Code     6  mc_interface.o(i.MCI_GetLastRampFinalTorque)
    MCI_GetMecSpeedRefUnit                   0x080037e9   Thumb Code     6  mc_interface.o(i.MCI_GetMecSpeedRefUnit)
    MCI_GetOccurredFaults                    0x080037ef   Thumb Code     4  mc_interface.o(i.MCI_GetOccurredFaults)
    MCI_GetSTMState                          0x080037f3   Thumb Code     4  mc_interface.o(i.MCI_GetSTMState)
    MCI_GetTeref                             0x080037f7   Thumb Code     8  mc_interface.o(i.MCI_GetTeref)
    MCI_GetValphabeta                        0x080037ff   Thumb Code     8  mc_interface.o(i.MCI_GetValphabeta)
    MCI_GetVqd                               0x08003807   Thumb Code     8  mc_interface.o(i.MCI_GetVqd)
    MCI_Init                                 0x0800380f   Thumb Code    28  mc_interface.o(i.MCI_Init)
    MCI_SetCurrentReferences                 0x0800382b   Thumb Code    20  mc_interface.o(i.MCI_SetCurrentReferences)
    MCI_StartMotor                           0x0800383f   Thumb Code    38  mc_interface.o(i.MCI_StartMotor)
    MCI_StopMotor                            0x08003865   Thumb Code    48  mc_interface.o(i.MCI_StopMotor)
    MCI_StopRamp                             0x08003895   Thumb Code     6  mc_interface.o(i.MCI_StopRamp)
    MCM_Clarke                               0x0800389d   Thumb Code    72  mc_math.o(i.MCM_Clarke)
    MCM_Park                                 0x080038e9   Thumb Code   122  mc_math.o(i.MCM_Park)
    MCM_Rev_Park                             0x0800396d   Thumb Code    54  mc_math.o(i.MCM_Rev_Park)
    MCM_Sqrt                                 0x080039a5   Thumb Code    28  mc_math.o(i.MCM_Sqrt)
    MCM_Trig_Functions                       0x080039c5   Thumb Code    22  mc_math.o(i.MCM_Trig_Functions)
    MCPA_cfgLog                              0x080039e1   Thumb Code   238  mcpa.o(i.MCPA_cfgLog)
    MCPA_dataLog                             0x08003ad1   Thumb Code   414  mcpa.o(i.MCPA_dataLog)
    MCPA_flushDataLog                        0x08003c75   Thumb Code   124  mcpa.o(i.MCPA_flushDataLog)
    MCP_ReceivedPacket                       0x08003cf1   Thumb Code   282  mcp.o(i.MCP_ReceivedPacket)
    MC_GetSTMStateMotor1                     0x08003e15   Thumb Code     8  mc_api.o(i.MC_GetSTMStateMotor1)
    MC_RunMotorControlTasks                  0x08003e21   Thumb Code    22  mc_tasks.o(i.MC_RunMotorControlTasks)
    MC_Scheduler                             0x08003e3d   Thumb Code   106  mc_tasks.o(i.MC_Scheduler)
    MC_StartMotor1                           0x08003eb1   Thumb Code     8  mc_api.o(i.MC_StartMotor1)
    MC_StopMotor1                            0x08003ebd   Thumb Code     8  mc_api.o(i.MC_StopMotor1)
    MCboot                                   0x08003ec9   Thumb Code   216  mc_tasks.o(i.MCboot)
    MPM_CalcElMotorPower                     0x08003fe9   Thumb Code    70  motor_power_measurement.o(i.MPM_CalcElMotorPower)
    MPM_Clear                                0x0800402f   Thumb Code    26  motor_power_measurement.o(i.MPM_Clear)
    MPM_GetAvrgElMotorPowerW                 0x08004049   Thumb Code     6  motor_power_measurement.o(i.MPM_GetAvrgElMotorPowerW)
    MX_ADC1_Init                             0x08004051   Thumb Code   234  adc.o(i.MX_ADC1_Init)
    MX_ADC2_Init                             0x08004149   Thumb Code   154  adc.o(i.MX_ADC2_Init)
    MX_CORDIC_Init                           0x080041f1   Thumb Code    28  cordic.o(i.MX_CORDIC_Init)
    MX_DMA_Init                              0x08004215   Thumb Code    40  dma.o(i.MX_DMA_Init)
    MX_GPIO_Init                             0x08004241   Thumb Code   100  gpio.o(i.MX_GPIO_Init)
    MX_MotorControl_Init                     0x080042ad   Thumb Code    44  motorcontrol.o(i.MX_MotorControl_Init)
    MX_OPAMP1_Init                           0x080042e1   Thumb Code    42  opamp.o(i.MX_OPAMP1_Init)
    MX_OPAMP2_Init                           0x08004315   Thumb Code    42  opamp.o(i.MX_OPAMP2_Init)
    MX_TIM1_Init                             0x08004349   Thumb Code   452  tim.o(i.MX_TIM1_Init)
    MX_USART1_UART_Init                      0x0800451d   Thumb Code   100  usart.o(i.MX_USART1_UART_Init)
    NTC_CalcAvTemp                           0x08004589   Thumb Code    58  ntc_temperature_sensor.o(i.NTC_CalcAvTemp)
    NTC_Clear                                0x080045c3   Thumb Code     6  ntc_temperature_sensor.o(i.NTC_Clear)
    NTC_GetAvTemp_C                          0x080045c9   Thumb Code    34  ntc_temperature_sensor.o(i.NTC_GetAvTemp_C)
    NTC_Init                                 0x080045eb   Thumb Code    36  ntc_temperature_sensor.o(i.NTC_Init)
    NTC_SetFaultState                        0x0800460f   Thumb Code    24  ntc_temperature_sensor.o(i.NTC_SetFaultState)
    PID_GetKD                                0x08004627   Thumb Code     6  pid_regulator.o(i.PID_GetKD)
    PID_GetKDDivisorPOW2                     0x0800462d   Thumb Code     4  pid_regulator.o(i.PID_GetKDDivisorPOW2)
    PID_GetKI                                0x08004631   Thumb Code     6  pid_regulator.o(i.PID_GetKI)
    PID_GetKIDivisor                         0x08004637   Thumb Code     4  pid_regulator.o(i.PID_GetKIDivisor)
    PID_GetKIDivisorPOW2                     0x0800463b   Thumb Code     4  pid_regulator.o(i.PID_GetKIDivisorPOW2)
    PID_GetKP                                0x0800463f   Thumb Code     6  pid_regulator.o(i.PID_GetKP)
    PID_GetKPDivisorPOW2                     0x08004645   Thumb Code     4  pid_regulator.o(i.PID_GetKPDivisorPOW2)
    PID_HandleInit                           0x08004649   Thumb Code    20  pid_regulator.o(i.PID_HandleInit)
    PID_SetIntegralTerm                      0x0800465d   Thumb Code     4  pid_regulator.o(i.PID_SetIntegralTerm)
    PID_SetKD                                0x08004661   Thumb Code     4  pid_regulator.o(i.PID_SetKD)
    PID_SetKDDivisorPOW2                     0x08004665   Thumb Code    12  pid_regulator.o(i.PID_SetKDDivisorPOW2)
    PID_SetKI                                0x08004671   Thumb Code     4  pid_regulator.o(i.PID_SetKI)
    PID_SetKIDivisorPOW2                     0x08004675   Thumb Code    36  pid_regulator.o(i.PID_SetKIDivisorPOW2)
    PID_SetKP                                0x08004699   Thumb Code     4  pid_regulator.o(i.PID_SetKP)
    PID_SetKPDivisorPOW2                     0x0800469d   Thumb Code    12  pid_regulator.o(i.PID_SetKPDivisorPOW2)
    PID_SetLowerIntegralTermLimit            0x080046a9   Thumb Code     4  pid_regulator.o(i.PID_SetLowerIntegralTermLimit)
    PID_SetUpperIntegralTermLimit            0x080046ad   Thumb Code     4  pid_regulator.o(i.PID_SetUpperIntegralTermLimit)
    PI_Controller                            0x080046b1   Thumb Code   122  pid_regulator.o(i.PI_Controller)
    PQD_CalcElMotorPower                     0x08004731   Thumb Code    90  pqd_motor_power_measurement.o(i.PQD_CalcElMotorPower)
    PWMC_CheckOverCurrent                    0x08004791   Thumb Code     4  pwm_curr_fdbk.o(i.PWMC_CheckOverCurrent)
    PWMC_CurrentReadingCalibr                0x08004795   Thumb Code    66  pwm_curr_fdbk.o(i.PWMC_CurrentReadingCalibr)
    PWMC_GetPhaseCurrents                    0x080047d7   Thumb Code     4  pwm_curr_fdbk.o(i.PWMC_GetPhaseCurrents)
    PWMC_SetPhaseVoltage                     0x080047db   Thumb Code   526  pwm_curr_fdbk.o(i.PWMC_SetPhaseVoltage)
    PWMC_SwitchOffPWM                        0x080049e9   Thumb Code     4  pwm_curr_fdbk.o(i.PWMC_SwitchOffPWM)
    PWMC_SwitchOnPWM                         0x080049ed   Thumb Code     4  pwm_curr_fdbk.o(i.PWMC_SwitchOnPWM)
    R3_2_BRK2_IRQHandler                     0x08004ae9   Thumb Code    66  r3_2_g4xx_pwm_curr_fdbk.o(i.R3_2_BRK2_IRQHandler)
    R3_2_BRK_IRQHandler                      0x08004b2b   Thumb Code    34  r3_2_g4xx_pwm_curr_fdbk.o(i.R3_2_BRK_IRQHandler)
    R3_2_CurrentReadingPolarization          0x08004b4d   Thumb Code   448  r3_2_g4xx_pwm_curr_fdbk.o(i.R3_2_CurrentReadingPolarization)
    R3_2_GetOffsetCalib                      0x08004d21   Thumb Code    16  r3_2_g4xx_pwm_curr_fdbk.o(i.R3_2_GetOffsetCalib)
    R3_2_GetPhaseCurrents                    0x08004d31   Thumb Code   290  r3_2_g4xx_pwm_curr_fdbk.o(i.R3_2_GetPhaseCurrents)
    R3_2_Init                                0x08004f0d   Thumb Code   676  r3_2_g4xx_pwm_curr_fdbk.o(i.R3_2_Init)
    R3_2_IsOverCurrentOccurred               0x080051b5   Thumb Code    38  r3_2_g4xx_pwm_curr_fdbk.o(i.R3_2_IsOverCurrentOccurred)
    R3_2_RLDetectionModeDisable              0x080051dd   Thumb Code   226  r3_2_g4xx_pwm_curr_fdbk.o(i.R3_2_RLDetectionModeDisable)
    R3_2_RLDetectionModeEnable               0x080052d1   Thumb Code   174  r3_2_g4xx_pwm_curr_fdbk.o(i.R3_2_RLDetectionModeEnable)
    R3_2_RLDetectionModeSetDuty              0x08005391   Thumb Code   122  r3_2_g4xx_pwm_curr_fdbk.o(i.R3_2_RLDetectionModeSetDuty)
    R3_2_SetADCSampPointPolarization         0x08005589   Thumb Code    54  r3_2_g4xx_pwm_curr_fdbk.o(i.R3_2_SetADCSampPointPolarization)
    R3_2_SetADCSampPointSectX                0x080055c5   Thumb Code   132  r3_2_g4xx_pwm_curr_fdbk.o(i.R3_2_SetADCSampPointSectX)
    R3_2_SetOffsetCalib                      0x08005749   Thumb Code    22  r3_2_g4xx_pwm_curr_fdbk.o(i.R3_2_SetOffsetCalib)
    R3_2_SwitchOffPWM                        0x0800575f   Thumb Code   120  r3_2_g4xx_pwm_curr_fdbk.o(i.R3_2_SwitchOffPWM)
    R3_2_SwitchOnPWM                         0x080057d7   Thumb Code   200  r3_2_g4xx_pwm_curr_fdbk.o(i.R3_2_SwitchOnPWM)
    R3_2_TIMx_UP_IRQHandler                  0x0800589f   Thumb Code   152  r3_2_g4xx_pwm_curr_fdbk.o(i.R3_2_TIMx_UP_IRQHandler)
    R3_2_TurnOnLowSides                      0x08005937   Thumb Code    96  r3_2_g4xx_pwm_curr_fdbk.o(i.R3_2_TurnOnLowSides)
    RCM_ExecNextConv                         0x08005999   Thumb Code   134  regular_conversion_manager.o(i.RCM_ExecNextConv)
    RCM_ExecRegularConv                      0x08005a31   Thumb Code   302  regular_conversion_manager.o(i.RCM_ExecRegularConv)
    RCM_ExecUserConv                         0x08005b75   Thumb Code    76  regular_conversion_manager.o(i.RCM_ExecUserConv)
    RCM_ReadOngoingConv                      0x08005bcd   Thumb Code    62  regular_conversion_manager.o(i.RCM_ReadOngoingConv)
    RCM_RegisterRegConv                      0x08005c19   Thumb Code   288  regular_conversion_manager.o(i.RCM_RegisterRegConv)
    REMNG_Calc                               0x08005d49   Thumb Code    44  ramp_ext_mngr.o(i.REMNG_Calc)
    REMNG_ExecRamp                           0x08005d75   Thumb Code   130  ramp_ext_mngr.o(i.REMNG_ExecRamp)
    REMNG_Init                               0x08005df7   Thumb Code    16  ramp_ext_mngr.o(i.REMNG_Init)
    REMNG_RampCompleted                      0x08005e07   Thumb Code    14  ramp_ext_mngr.o(i.REMNG_RampCompleted)
    RI_GetIDSize                             0x08005e15   Thumb Code    32  register_interface.o(i.RI_GetIDSize)
    RI_GetPtrReg                             0x08005e35   Thumb Code   222  register_interface.o(i.RI_GetPtrReg)
    RI_GetRegCommandParser                   0x08005f21   Thumb Code  1928  register_interface.o(i.RI_GetRegCommandParser)
    RI_SetRegCommandParser                   0x080066d1   Thumb Code  1570  register_interface.o(i.RI_SetRegCommandParser)
    RUC_Clear                                0x08006d01   Thumb Code   136  revup_ctrl.o(i.RUC_Clear)
    RUC_Exec                                 0x08006d89   Thumb Code   106  revup_ctrl.o(i.RUC_Exec)
    RUC_FirstAccelerationStageReached        0x08006df3   Thumb Code    20  revup_ctrl.o(i.RUC_FirstAccelerationStageReached)
    RUC_GetNumberOfPhases                    0x08006e07   Thumb Code     6  revup_ctrl.o(i.RUC_GetNumberOfPhases)
    RUC_GetPhase                             0x08006e0d   Thumb Code    26  revup_ctrl.o(i.RUC_GetPhase)
    RUC_Init                                 0x08006e27   Thumb Code    96  revup_ctrl.o(i.RUC_Init)
    RUC_SetPhase                             0x08006e87   Thumb Code    30  revup_ctrl.o(i.RUC_SetPhase)
    RVBS_CalcAvVbus                          0x08006ea5   Thumb Code   102  r_divider_bus_voltage_sensor.o(i.RVBS_CalcAvVbus)
    RVBS_CheckFaultState                     0x08006f0b   Thumb Code    24  r_divider_bus_voltage_sensor.o(i.RVBS_CheckFaultState)
    RVBS_Clear                               0x08006f23   Thumb Code    44  r_divider_bus_voltage_sensor.o(i.RVBS_Clear)
    RVBS_Init                                0x08006f4f   Thumb Code    22  r_divider_bus_voltage_sensor.o(i.RVBS_Init)
    SPD_GetAvrgMecSpeedUnit                  0x08006f65   Thumb Code     6  speed_pos_fdbk.o(i.SPD_GetAvrgMecSpeedUnit)
    SPD_GetElAngle                           0x08006f6b   Thumb Code     6  speed_pos_fdbk.o(i.SPD_GetElAngle)
    SPD_GetInstElSpeedDpp                    0x08006f71   Thumb Code     6  speed_pos_fdbk.o(i.SPD_GetInstElSpeedDpp)
    SPD_GetS16Speed                          0x08006f77   Thumb Code    20  speed_pos_fdbk.o(i.SPD_GetS16Speed)
    SPD_IsMecSpeedReliable                   0x08006f8b   Thumb Code    96  speed_pos_fdbk.o(i.SPD_IsMecSpeedReliable)
    STC_CalcTorqueReference                  0x08006feb   Thumb Code    80  speed_torq_ctrl.o(i.STC_CalcTorqueReference)
    STC_Clear                                0x0800703b   Thumb Code    16  speed_torq_ctrl.o(i.STC_Clear)
    STC_ExecRamp                             0x0800704b   Thumb Code   140  speed_torq_ctrl.o(i.STC_ExecRamp)
    STC_ForceSpeedReferenceToCurrentSpeed    0x080070d7   Thumb Code    16  speed_torq_ctrl.o(i.STC_ForceSpeedReferenceToCurrentSpeed)
    STC_GetDefaultIqdref                     0x080070e7   Thumb Code    16  speed_torq_ctrl.o(i.STC_GetDefaultIqdref)
    STC_GetMecSpeedRefUnit                   0x080070f7   Thumb Code     6  speed_torq_ctrl.o(i.STC_GetMecSpeedRefUnit)
    STC_GetMecSpeedRefUnitDefault            0x080070fd   Thumb Code     6  speed_torq_ctrl.o(i.STC_GetMecSpeedRefUnitDefault)
    STC_GetSpeedSensor                       0x08007103   Thumb Code     4  speed_torq_ctrl.o(i.STC_GetSpeedSensor)
    STC_GetTorqueRef                         0x08007107   Thumb Code     6  speed_torq_ctrl.o(i.STC_GetTorqueRef)
    STC_Init                                 0x0800710d   Thumb Code    32  speed_torq_ctrl.o(i.STC_Init)
    STC_SetControlMode                       0x0800712d   Thumb Code     8  speed_torq_ctrl.o(i.STC_SetControlMode)
    STC_SetSpeedSensor                       0x08007135   Thumb Code     4  speed_torq_ctrl.o(i.STC_SetSpeedSensor)
    STC_StopRamp                             0x08007139   Thumb Code     8  speed_torq_ctrl.o(i.STC_StopRamp)
    STO_OTF_ResetPLL                         0x08007141   Thumb Code    10  sto_pll_speed_pos_fdbk.o(i.STO_OTF_ResetPLL)
    STO_PLL_CalcAvrgElSpeedDpp               0x0800714b   Thumb Code    78  sto_pll_speed_pos_fdbk.o(i.STO_PLL_CalcAvrgElSpeedDpp)
    STO_PLL_CalcAvrgMecSpeedUnit             0x08007199   Thumb Code   340  sto_pll_speed_pos_fdbk.o(i.STO_PLL_CalcAvrgMecSpeedUnit)
    STO_PLL_CalcElAngle                      0x080072ed   Thumb Code   482  sto_pll_speed_pos_fdbk.o(i.STO_PLL_CalcElAngle)
    STO_PLL_Clear                            0x080074cf   Thumb Code   124  sto_pll_speed_pos_fdbk.o(i.STO_PLL_Clear)
    STO_PLL_ForceConvergency1                0x0800754b   Thumb Code    10  sto_pll_speed_pos_fdbk.o(i.STO_PLL_ForceConvergency1)
    STO_PLL_ForceConvergency2                0x08007555   Thumb Code    10  sto_pll_speed_pos_fdbk.o(i.STO_PLL_ForceConvergency2)
    STO_PLL_GetEstimatedBemf                 0x0800755f   Thumb Code    20  sto_pll_speed_pos_fdbk.o(i.STO_PLL_GetEstimatedBemf)
    STO_PLL_GetEstimatedBemfLevel            0x08007573   Thumb Code     6  sto_pll_speed_pos_fdbk.o(i.STO_PLL_GetEstimatedBemfLevel)
    STO_PLL_GetEstimatedCurrent              0x08007579   Thumb Code    24  sto_pll_speed_pos_fdbk.o(i.STO_PLL_GetEstimatedCurrent)
    STO_PLL_GetObservedBemfLevel             0x08007591   Thumb Code     6  sto_pll_speed_pos_fdbk.o(i.STO_PLL_GetObservedBemfLevel)
    STO_PLL_GetObserverGains                 0x08007597   Thumb Code    10  sto_pll_speed_pos_fdbk.o(i.STO_PLL_GetObserverGains)
    STO_PLL_Init                             0x080075a1   Thumb Code    90  sto_pll_speed_pos_fdbk.o(i.STO_PLL_Init)
    STO_PLL_IsObserverConverged              0x08007601   Thumb Code   168  sto_pll_speed_pos_fdbk.o(i.STO_PLL_IsObserverConverged)
    STO_PLL_IsVarianceTight                  0x080076a9   Thumb Code     8  sto_pll_speed_pos_fdbk.o(i.STO_PLL_IsVarianceTight)
    STO_PLL_SetObserverGains                 0x080076b1   Thumb Code     6  sto_pll_speed_pos_fdbk.o(i.STO_PLL_SetObserverGains)
    STO_ResetPLL                             0x080076b7   Thumb Code     8  sto_pll_speed_pos_fdbk.o(i.STO_ResetPLL)
    SysTick_Handler                          0x080076c1   Thumb Code    36  stm32g4xx_mc_it.o(i.SysTick_Handler)
    SystemClock_Config                       0x080076e9   Thumb Code   158  main.o(i.SystemClock_Config)
    SystemInit                               0x08007789   Thumb Code    12  system_stm32g4xx.o(i.SystemInit)
    TIM1_BRK_TIM15_IRQHandler                0x08007799   Thumb Code    54  stm32g4xx_mc_it.o(i.TIM1_BRK_TIM15_IRQHandler)
    TIM1_UP_TIM16_IRQHandler                 0x080077dd   Thumb Code    14  stm32g4xx_mc_it.o(i.TIM1_UP_TIM16_IRQHandler)
    TIM_Base_SetConfig                       0x080077f5   Thumb Code   152  stm32g4xx_hal_tim.o(i.TIM_Base_SetConfig)
    TIM_OC2_SetConfig                        0x080078a9   Thumb Code   136  stm32g4xx_hal_tim.o(i.TIM_OC2_SetConfig)
    TSK_ChargeBootCapDelayHasElapsedM1       0x08007a71   Thumb Code    14  mc_tasks.o(i.TSK_ChargeBootCapDelayHasElapsedM1)
    TSK_HardwareFaultTask                    0x08007a85   Thumb Code    24  mc_tasks.o(i.TSK_HardwareFaultTask)
    TSK_HighFrequencyTask                    0x08007aa5   Thumb Code   338  mc_tasks.o(i.TSK_HighFrequencyTask)
    TSK_MediumFrequencyTaskM1                0x08007c2d   Thumb Code   760  mc_tasks.o(i.TSK_MediumFrequencyTaskM1)
    TSK_SafetyTask                           0x08007f4d   Thumb Code    26  mc_tasks.o(i.TSK_SafetyTask)
    TSK_SafetyTask_PWMOFF                    0x08007f6d   Thumb Code   128  mc_tasks.o(i.TSK_SafetyTask_PWMOFF)
    TSK_SetChargeBootCapDelayM1              0x08008009   Thumb Code     6  mc_tasks.o(i.TSK_SetChargeBootCapDelayM1)
    TSK_SetStopPermanencyTimeM1              0x08008015   Thumb Code     6  mc_tasks.o(i.TSK_SetStopPermanencyTimeM1)
    TSK_StopPermanencyTimeHasElapsedM1       0x08008021   Thumb Code    14  mc_tasks.o(i.TSK_StopPermanencyTimeHasElapsedM1)
    UART_AdvFeatureConfig                    0x08008035   Thumb Code   218  stm32g4xx_hal_uart.o(i.UART_AdvFeatureConfig)
    UART_CheckIdleState                      0x0800810f   Thumb Code   100  stm32g4xx_hal_uart.o(i.UART_CheckIdleState)
    UART_SetConfig                           0x08008175   Thumb Code   620  stm32g4xx_hal_uart.o(i.UART_SetConfig)
    UART_WaitOnFlagUntilTimeout              0x080083f9   Thumb Code   228  stm32g4xx_hal_uart.o(i.UART_WaitOnFlagUntilTimeout)
    UASPEP_IDLE_ENABLE                       0x080084dd   Thumb Code    26  usart_aspep_driver.o(i.UASPEP_IDLE_ENABLE)
    UASPEP_INIT                              0x080084f9   Thumb Code   168  usart_aspep_driver.o(i.UASPEP_INIT)
    UASPEP_RECEIVE_BUFFER                    0x080085a5   Thumb Code    74  usart_aspep_driver.o(i.UASPEP_RECEIVE_BUFFER)
    UASPEP_SEND_PACKET                       0x080085f5   Thumb Code    74  usart_aspep_driver.o(i.UASPEP_SEND_PACKET)
    UI_HandleStartStopButton_cb              0x08008645   Thumb Code    24  mc_tasks.o(i.UI_HandleStartStopButton_cb)
    USART1_IRQHandler                        0x0800865d   Thumb Code   234  stm32g4xx_mc_it.o(i.USART1_IRQHandler)
    VBS_GetAvBusVoltage_V                    0x08008761   Thumb Code    10  bus_voltage_sensor.o(i.VBS_GetAvBusVoltage_V)
    VBS_GetAvBusVoltage_d                    0x0800876b   Thumb Code     4  bus_voltage_sensor.o(i.VBS_GetAvBusVoltage_d)
    VSS_CalcAvrgMecSpeedUnit                 0x0800876f   Thumb Code   130  virtual_speed_sensor.o(i.VSS_CalcAvrgMecSpeedUnit)
    VSS_CalcElAngle                          0x080087f1   Thumb Code   158  virtual_speed_sensor.o(i.VSS_CalcElAngle)
    VSS_Clear                                0x0800888f   Thumb Code    44  virtual_speed_sensor.o(i.VSS_Clear)
    VSS_Init                                 0x080088bb   Thumb Code     8  virtual_speed_sensor.o(i.VSS_Init)
    VSS_SetMecAcceleration                   0x080088c3   Thumb Code   140  virtual_speed_sensor.o(i.VSS_SetMecAcceleration)
    VSS_SetMecAngle                          0x0800894f   Thumb Code    14  virtual_speed_sensor.o(i.VSS_SetMecAngle)
    VSS_SetStartTransition                   0x0800895d   Thumb Code    28  virtual_speed_sensor.o(i.VSS_SetStartTransition)
    VSS_TransitionEnded                      0x08008979   Thumb Code     6  virtual_speed_sensor.o(i.VSS_TransitionEnded)
    getScalingFactor                         0x08008981   Thumb Code    40  ramp_ext_mngr.o(i.getScalingFactor)
    main                                     0x080089a9   Thumb Code   146  main.o(i.main)
    mc_lock_pins                             0x08008a3d   Thumb Code   218  mc_tasks.o(i.mc_lock_pins)
    startTimers                              0x08008b39   Thumb Code   100  pwm_common.o(i.startTimers)
    waitForPolarizationEnd                   0x08008ba5   Thumb Code    72  pwm_common.o(i.waitForPolarizationEnd)
    _fp_init                                 0x08008bed   Thumb Code    10  fpinit.o(x$fpl$fpinit)
    __fplib_config_fpu_vfp                   0x08008bf5   Thumb Code     0  fpinit.o(x$fpl$fpinit)
    __fplib_config_pureend_doubles           0x08008bf5   Thumb Code     0  fpinit.o(x$fpl$fpinit)
    R3_3_OPAMPParamsM1                       0x08008c00   Data         108  mc_parameters.o(.constdata)
    R3_2_ParamsM1                            0x08008c6c   Data         204  mc_parameters.o(.constdata)
    CTL_BOARD                                0x08008d42   Data          16  mc_configuration_registers.o(.constdata)
    FIRMWARE_NAME                            0x08008d63   Data          24  mc_configuration_registers.o(.constdata)
    globalConfig_reg                         0x08008d7b   Data          10  mc_configuration_registers.o(.constdata)
    M1_MotorConfig_reg                       0x08008d93   Data          60  mc_configuration_registers.o(.constdata)
    UARTPrescTable                           0x08008eee   Data          24  stm32g4xx_hal_uart.o(.constdata)
    AHBPrescTable                            0x08008f16   Data          16  system_stm32g4xx.o(.constdata)
    APBPrescTable                            0x08008f26   Data           8  system_stm32g4xx.o(.constdata)
    Region$$Table$$Base                      0x08008f44   Number         0  anon$$obj.o(Region$$Table)
    Region$$Table$$Limit                     0x08008f64   Number         0  anon$$obj.o(Region$$Table)
    pMCI                                     0x20000004   Data           4  motorcontrol.o(.data)
    PQD_MotorPowMeasM1                       0x20000008   Data         276  mc_config.o(.data)
    PIDSpeedHandle_M1                        0x2000011c   Data          44  mc_config.o(.data)
    PIDIqHandle_M1                           0x20000148   Data          44  mc_config.o(.data)
    PIDIdHandle_M1                           0x20000174   Data          44  mc_config.o(.data)
    SpeednTorqCtrlM1                         0x200001a0   Data          52  mc_config.o(.data)
    RevUpControlM1                           0x200001d4   Data         120  mc_config.o(.data)
    PWM_Handle_M1                            0x2000024c   Data         152  mc_config.o(.data)
    VirtualSpeedSensorM1                     0x200002e4   Data          56  mc_config.o(.data)
    STO_PLL_M1                               0x2000031c   Data         296  mc_config.o(.data)
    STO_M1                                   0x20000444   Data          20  mc_config.o(.data)
    TempSensor_M1                            0x20000458   Data          40  mc_config.o(.data)
    BusVoltageSensor_M1                      0x20000480   Data          40  mc_config.o(.data)
    RampExtMngrHFParamsM1                    0x200004a8   Data          24  mc_config.o(.data)
    CircleLimitationM1                       0x200004c0   Data         180  mc_config.o(.data)
    pSTC                                     0x20000574   Data           4  mc_config.o(.data)
    pPIDIq                                   0x20000578   Data           4  mc_config.o(.data)
    pPIDId                                   0x2000057c   Data           4  mc_config.o(.data)
    pTemperatureSensor                       0x20000580   Data           4  mc_config.o(.data)
    pMPM                                     0x20000584   Data           4  mc_config.o(.data)
    aspepOverUartA                           0x2000059c   Data         116  mcp_config.o(.data)
    MCP_Over_UartA                           0x20000610   Data          16  mcp_config.o(.data)
    MCPA_UART_A                              0x20000620   Data          44  mcp_config.o(.data)
    MCP_UserCallBack                         0x2000064c   Data           8  mcp_config.o(.data)
    PWR_BOARD_NAME                           0x20000680   Data           4  mc_configuration_registers.o(.data)
    FOCConfig_reg                            0x20000684   Data           4  mc_configuration_registers.o(.data)
    MotorConfig_reg                          0x20000688   Data           4  mc_configuration_registers.o(.data)
    ApplicationConfig_reg                    0x2000068c   Data           4  mc_configuration_registers.o(.data)
    uwTickPrio                               0x20000690   Data           4  stm32g4xx_hal.o(.data)
    uwTickFreq                               0x20000694   Data           4  stm32g4xx_hal.o(.data)
    uwTick                                   0x20000698   Data           4  stm32g4xx_hal.o(.data)
    SystemCoreClock                          0x2000069c   Data           4  system_stm32g4xx.o(.data)
    GLOBAL_TIMESTAMP                         0x200006a0   Data           4  mcpa.o(.data)
    hadc1                                    0x200006a4   Data         108  adc.o(.bss)
    hadc2                                    0x20000710   Data         108  adc.o(.bss)
    hcordic                                  0x2000077c   Data          40  cordic.o(.bss)
    Mci                                      0x200007b0   Data          32  mc_config.o(.bss)
    dataPtrTableA                            0x200019e4   Data          40  mcp_config.o(.bss)
    dataPtrTableBuffA                        0x20001a0c   Data          40  mcp_config.o(.bss)
    dataSizeTableA                           0x20001a34   Data          10  mcp_config.o(.bss)
    dataSizeTableBuffA                       0x20001a3e   Data          10  mcp_config.o(.bss)
    hopamp1                                  0x20001ab8   Data          60  opamp.o(.bss)
    hopamp2                                  0x20001af4   Data          60  opamp.o(.bss)
    htim1                                    0x20001b30   Data          76  tim.o(.bss)
    huart1                                   0x20001b7c   Data         144  usart.o(.bss)
    hdma_usart1_rx                           0x20001c0c   Data          96  usart.o(.bss)
    hdma_usart1_tx                           0x20001c6c   Data          96  usart.o(.bss)
    __libspace_start                         0x20001ccc   Data          96  libspace.o(.bss)
    __temporary_stack_top$libspace           0x20001d2c   Data           0  libspace.o(.bss)



==============================================================================

Memory Map of the image

  Image Entry point : 0x080001d9

  Load Region LR_IROM1 (Base: 0x08000000, Size: 0x00009608, Max: 0x00020000, ABSOLUTE, COMPRESSED[0x0000913c])

    Execution Region ER_IROM1 (Exec base: 0x08000000, Load base: 0x08000000, Size: 0x00008f64, Max: 0x00020000, ABSOLUTE)

    Exec Addr    Load Addr    Size         Type   Attr      Idx    E Section Name        Object

    0x08000000   0x08000000   0x000001d8   Data   RO            3    RESET               startup_stm32g431xx.o
    0x080001d8   0x080001d8   0x00000008   Code   RO         7508  * !!!main             c_w.l(__main.o)
    0x080001e0   0x080001e0   0x00000034   Code   RO         7704    !!!scatter          c_w.l(__scatter.o)
    0x08000214   0x08000214   0x0000005a   Code   RO         7702    !!dczerorl2         c_w.l(__dczerorl2.o)
    0x0800026e   0x0800026e   0x00000002   PAD
    0x08000270   0x08000270   0x0000001c   Code   RO         7706    !!handler_zi        c_w.l(__scatter_zi.o)
    0x0800028c   0x0800028c   0x00000002   Code   RO         7570    .ARM.Collect$$libinit$$00000000  c_w.l(libinit.o)
    0x0800028e   0x0800028e   0x00000004   Code   RO         7582    .ARM.Collect$$libinit$$00000001  c_w.l(libinit2.o)
    0x08000292   0x08000292   0x00000000   Code   RO         7585    .ARM.Collect$$libinit$$00000004  c_w.l(libinit2.o)
    0x08000292   0x08000292   0x00000000   Code   RO         7588    .ARM.Collect$$libinit$$0000000A  c_w.l(libinit2.o)
    0x08000292   0x08000292   0x00000000   Code   RO         7590    .ARM.Collect$$libinit$$0000000C  c_w.l(libinit2.o)
    0x08000292   0x08000292   0x00000000   Code   RO         7592    .ARM.Collect$$libinit$$0000000E  c_w.l(libinit2.o)
    0x08000292   0x08000292   0x00000000   Code   RO         7595    .ARM.Collect$$libinit$$00000011  c_w.l(libinit2.o)
    0x08000292   0x08000292   0x00000000   Code   RO         7597    .ARM.Collect$$libinit$$00000013  c_w.l(libinit2.o)
    0x08000292   0x08000292   0x00000000   Code   RO         7599    .ARM.Collect$$libinit$$00000015  c_w.l(libinit2.o)
    0x08000292   0x08000292   0x00000000   Code   RO         7601    .ARM.Collect$$libinit$$00000017  c_w.l(libinit2.o)
    0x08000292   0x08000292   0x00000000   Code   RO         7603    .ARM.Collect$$libinit$$00000019  c_w.l(libinit2.o)
    0x08000292   0x08000292   0x00000000   Code   RO         7605    .ARM.Collect$$libinit$$0000001B  c_w.l(libinit2.o)
    0x08000292   0x08000292   0x00000000   Code   RO         7607    .ARM.Collect$$libinit$$0000001D  c_w.l(libinit2.o)
    0x08000292   0x08000292   0x00000000   Code   RO         7609    .ARM.Collect$$libinit$$0000001F  c_w.l(libinit2.o)
    0x08000292   0x08000292   0x00000000   Code   RO         7611    .ARM.Collect$$libinit$$00000021  c_w.l(libinit2.o)
    0x08000292   0x08000292   0x00000000   Code   RO         7613    .ARM.Collect$$libinit$$00000023  c_w.l(libinit2.o)
    0x08000292   0x08000292   0x00000000   Code   RO         7615    .ARM.Collect$$libinit$$00000025  c_w.l(libinit2.o)
    0x08000292   0x08000292   0x00000000   Code   RO         7619    .ARM.Collect$$libinit$$0000002C  c_w.l(libinit2.o)
    0x08000292   0x08000292   0x00000000   Code   RO         7621    .ARM.Collect$$libinit$$0000002E  c_w.l(libinit2.o)
    0x08000292   0x08000292   0x00000000   Code   RO         7623    .ARM.Collect$$libinit$$00000030  c_w.l(libinit2.o)
    0x08000292   0x08000292   0x00000000   Code   RO         7625    .ARM.Collect$$libinit$$00000032  c_w.l(libinit2.o)
    0x08000292   0x08000292   0x00000002   Code   RO         7626    .ARM.Collect$$libinit$$00000033  c_w.l(libinit2.o)
    0x08000294   0x08000294   0x00000002   Code   RO         7657    .ARM.Collect$$libshutdown$$00000000  c_w.l(libshutdown.o)
    0x08000296   0x08000296   0x00000000   Code   RO         7683    .ARM.Collect$$libshutdown$$00000002  c_w.l(libshutdown2.o)
    0x08000296   0x08000296   0x00000000   Code   RO         7685    .ARM.Collect$$libshutdown$$00000004  c_w.l(libshutdown2.o)
    0x08000296   0x08000296   0x00000000   Code   RO         7687    .ARM.Collect$$libshutdown$$00000006  c_w.l(libshutdown2.o)
    0x08000296   0x08000296   0x00000000   Code   RO         7690    .ARM.Collect$$libshutdown$$00000009  c_w.l(libshutdown2.o)
    0x08000296   0x08000296   0x00000000   Code   RO         7693    .ARM.Collect$$libshutdown$$0000000C  c_w.l(libshutdown2.o)
    0x08000296   0x08000296   0x00000000   Code   RO         7695    .ARM.Collect$$libshutdown$$0000000E  c_w.l(libshutdown2.o)
    0x08000296   0x08000296   0x00000000   Code   RO         7698    .ARM.Collect$$libshutdown$$00000011  c_w.l(libshutdown2.o)
    0x08000296   0x08000296   0x00000002   Code   RO         7699    .ARM.Collect$$libshutdown$$00000012  c_w.l(libshutdown2.o)
    0x08000298   0x08000298   0x00000000   Code   RO         7526    .ARM.Collect$$rtentry$$00000000  c_w.l(__rtentry.o)
    0x08000298   0x08000298   0x00000000   Code   RO         7541    .ARM.Collect$$rtentry$$00000002  c_w.l(__rtentry2.o)
    0x08000298   0x08000298   0x00000006   Code   RO         7553    .ARM.Collect$$rtentry$$00000004  c_w.l(__rtentry4.o)
    0x0800029e   0x0800029e   0x00000000   Code   RO         7543    .ARM.Collect$$rtentry$$00000009  c_w.l(__rtentry2.o)
    0x0800029e   0x0800029e   0x00000004   Code   RO         7544    .ARM.Collect$$rtentry$$0000000A  c_w.l(__rtentry2.o)
    0x080002a2   0x080002a2   0x00000000   Code   RO         7546    .ARM.Collect$$rtentry$$0000000C  c_w.l(__rtentry2.o)
    0x080002a2   0x080002a2   0x00000008   Code   RO         7547    .ARM.Collect$$rtentry$$0000000D  c_w.l(__rtentry2.o)
    0x080002aa   0x080002aa   0x00000002   Code   RO         7574    .ARM.Collect$$rtexit$$00000000  c_w.l(rtexit.o)
    0x080002ac   0x080002ac   0x00000000   Code   RO         7630    .ARM.Collect$$rtexit$$00000002  c_w.l(rtexit2.o)
    0x080002ac   0x080002ac   0x00000004   Code   RO         7631    .ARM.Collect$$rtexit$$00000003  c_w.l(rtexit2.o)
    0x080002b0   0x080002b0   0x00000006   Code   RO         7632    .ARM.Collect$$rtexit$$00000004  c_w.l(rtexit2.o)
    0x080002b6   0x080002b6   0x00000002   PAD
    0x080002b8   0x080002b8   0x00000040   Code   RO            4    .text               startup_stm32g431xx.o
    0x080002f8   0x080002f8   0x000000ee   Code   RO         7496    .text               c_w.l(lludivv7m.o)
    0x080003e6   0x080003e6   0x00000048   Code   RO         7498    .text               c_w.l(llsdiv.o)
    0x0800042e   0x0800042e   0x0000008a   Code   RO         7500    .text               c_w.l(rt_memcpy_v6.o)
    0x080004b8   0x080004b8   0x00000064   Code   RO         7502    .text               c_w.l(rt_memcpy_w.o)
    0x0800051c   0x0800051c   0x0000004e   Code   RO         7504    .text               c_w.l(rt_memclr_w.o)
    0x0800056a   0x0800056a   0x00000006   Code   RO         7506    .text               c_w.l(heapauxi.o)
    0x08000570   0x08000570   0x0000004a   Code   RO         7557    .text               c_w.l(sys_stackheap_outer.o)
    0x080005ba   0x080005ba   0x00000012   Code   RO         7559    .text               c_w.l(exit.o)
    0x080005cc   0x080005cc   0x00000008   Code   RO         7571    .text               c_w.l(libspace.o)
    0x080005d4   0x080005d4   0x0000000c   Code   RO         7627    .text               c_w.l(sys_exit.o)
    0x080005e0   0x080005e0   0x00000002   Code   RO         7646    .text               c_w.l(use_no_semi.o)
    0x080005e2   0x080005e2   0x00000000   Code   RO         7648    .text               c_w.l(indicate_semi.o)
    0x080005e2   0x080005e2   0x0000000c   Code   RO         1726    i.ADC1_2_IRQHandler  stm32g4xx_mc_it.o
    0x080005ee   0x080005ee   0x0000007c   Code   RO         2057    i.ASPEP_CheckBeacon  aspep.o
    0x0800066a   0x0800066a   0x00000016   Code   RO         2058    i.ASPEP_HWDMAReset  aspep.o
    0x08000680   0x08000680   0x0000009c   Code   RO         2059    i.ASPEP_HWDataReceivedIT  aspep.o
    0x0800071c   0x0800071c   0x00000094   Code   RO         2060    i.ASPEP_HWDataTransmittedIT  aspep.o
    0x080007b0   0x080007b0   0x000001ea   Code   RO         2061    i.ASPEP_RXframeProcess  aspep.o
    0x0800099a   0x0800099a   0x00000002   PAD
    0x0800099c   0x0800099c   0x000000d4   Code   RO         2062    i.ASPEP_TXframeProcess  aspep.o
    0x08000a70   0x08000a70   0x00000056   Code   RO         2063    i.ASPEP_getBuffer   aspep.o
    0x08000ac6   0x08000ac6   0x00000058   Code   RO         2065    i.ASPEP_sendPacket  aspep.o
    0x08000b1e   0x08000b1e   0x00000028   Code   RO         2067    i.ASPEP_start       aspep.o
    0x08000b46   0x08000b46   0x0000005c   Code   RO         6058    i.Circle_Limitation  circle_limitation.o
    0x08000ba2   0x08000ba2   0x00000002   PAD
    0x08000ba4   0x08000ba4   0x00000020   Code   RO         1727    i.DMA1_Channel2_IRQHandler  stm32g4xx_mc_it.o
    0x08000bc4   0x08000bc4   0x00000018   Code   RO         1728    i.EXTI9_5_IRQHandler  stm32g4xx_mc_it.o
    0x08000bdc   0x08000bdc   0x00000004   Code   RO           13    i.Error_Handler     main.o
    0x08000be0   0x08000be0   0x00000034   Code   RO          900    i.FOC_CalcCurrRef   mc_tasks.o
    0x08000c14   0x08000c14   0x0000006c   Code   RO          901    i.FOC_Clear         mc_tasks.o
    0x08000c80   0x08000c80   0x00000002   Code   RO          902    i.FOC_InitAdditionalMethods  mc_tasks.o
    0x08000c82   0x08000c82   0x00000002   PAD
    0x08000c84   0x08000c84   0x000005dc   Code   RO         2534    i.HAL_ADCEx_InjectedConfigChannel  stm32g4xx_hal_adc_ex.o
    0x08001260   0x08001260   0x000000f8   Code   RO         2545    i.HAL_ADCEx_MultiModeConfigChannel  stm32g4xx_hal_adc_ex.o
    0x08001358   0x08001358   0x000004d8   Code   RO         2332    i.HAL_ADC_ConfigChannel  stm32g4xx_hal_adc.o
    0x08001830   0x08001830   0x00000240   Code   RO         2341    i.HAL_ADC_Init      stm32g4xx_hal_adc.o
    0x08001a70   0x08001a70   0x000000d0   Code   RO          373    i.HAL_ADC_MspInit   adc.o
    0x08001b40   0x08001b40   0x00000034   Code   RO         4159    i.HAL_CORDIC_Init   stm32g4xx_hal_cordic.o
    0x08001b74   0x08001b74   0x0000002c   Code   RO          422    i.HAL_CORDIC_MspInit  cordic.o
    0x08001ba0   0x08001ba0   0x00000128   Code   RO         3529    i.HAL_DMA_Init      stm32g4xx_hal_dma.o
    0x08001cc8   0x08001cc8   0x000001e4   Code   RO         3388    i.HAL_GPIO_Init     stm32g4xx_hal_gpio.o
    0x08001eac   0x08001eac   0x0000000c   Code   RO         2723    i.HAL_GetTick       stm32g4xx_hal.o
    0x08001eb8   0x08001eb8   0x00000010   Code   RO         2726    i.HAL_IncTick       stm32g4xx_hal.o
    0x08001ec8   0x08001ec8   0x0000001e   Code   RO         2727    i.HAL_Init          stm32g4xx_hal.o
    0x08001ee6   0x08001ee6   0x00000002   PAD
    0x08001ee8   0x08001ee8   0x00000044   Code   RO         2728    i.HAL_InitTick      stm32g4xx_hal.o
    0x08001f2c   0x08001f2c   0x00000038   Code   RO         2301    i.HAL_MspInit       stm32g4xx_hal_msp.o
    0x08001f64   0x08001f64   0x0000001e   Code   RO         4020    i.HAL_NVIC_EnableIRQ  stm32g4xx_hal_cortex.o
    0x08001f82   0x08001f82   0x00000002   PAD
    0x08001f84   0x08001f84   0x00000064   Code   RO         4026    i.HAL_NVIC_SetPriority  stm32g4xx_hal_cortex.o
    0x08001fe8   0x08001fe8   0x00000024   Code   RO         4027    i.HAL_NVIC_SetPriorityGrouping  stm32g4xx_hal_cortex.o
    0x0800200c   0x0800200c   0x000000ec   Code   RO         4265    i.HAL_OPAMP_Init    stm32g4xx_hal_opamp.o
    0x080020f8   0x080020f8   0x00000098   Code   RO         2142    i.HAL_OPAMP_MspInit  opamp.o
    0x08002190   0x08002190   0x000000c0   Code   RO         3776    i.HAL_PWREx_ControlVoltageScaling  stm32g4xx_hal_pwr_ex.o
    0x08002250   0x08002250   0x00000010   Code   RO         3788    i.HAL_PWREx_DisableUCPDDeadBattery  stm32g4xx_hal_pwr_ex.o
    0x08002260   0x08002260   0x000002c4   Code   RO         3071    i.HAL_RCCEx_PeriphCLKConfig  stm32g4xx_hal_rcc_ex.o
    0x08002524   0x08002524   0x00000208   Code   RO         2947    i.HAL_RCC_ClockConfig  stm32g4xx_hal_rcc.o
    0x0800272c   0x0800272c   0x00000010   Code   RO         2950    i.HAL_RCC_EnableCSS  stm32g4xx_hal_rcc.o
    0x0800273c   0x0800273c   0x0000000c   Code   RO         2953    i.HAL_RCC_GetHCLKFreq  stm32g4xx_hal_rcc.o
    0x08002748   0x08002748   0x00000024   Code   RO         2955    i.HAL_RCC_GetPCLK1Freq  stm32g4xx_hal_rcc.o
    0x0800276c   0x0800276c   0x00000024   Code   RO         2956    i.HAL_RCC_GetPCLK2Freq  stm32g4xx_hal_rcc.o
    0x08002790   0x08002790   0x00000070   Code   RO         2957    i.HAL_RCC_GetSysClockFreq  stm32g4xx_hal_rcc.o
    0x08002800   0x08002800   0x000004ca   Code   RO         2960    i.HAL_RCC_OscConfig  stm32g4xx_hal_rcc.o
    0x08002cca   0x08002cca   0x00000002   Code   RO         4030    i.HAL_SYSTICK_Callback  stm32g4xx_hal_cortex.o
    0x08002ccc   0x08002ccc   0x0000002c   Code   RO         4031    i.HAL_SYSTICK_Config  stm32g4xx_hal_cortex.o
    0x08002cf8   0x08002cf8   0x00000008   Code   RO         4032    i.HAL_SYSTICK_IRQHandler  stm32g4xx_hal_cortex.o
    0x08002d00   0x08002d00   0x000000bc   Code   RO         5044    i.HAL_TIMEx_ConfigBreakDeadTime  stm32g4xx_hal_tim_ex.o
    0x08002dbc   0x08002dbc   0x00000098   Code   RO         5081    i.HAL_TIMEx_MasterConfigSynchronization  stm32g4xx_hal_tim_ex.o
    0x08002e54   0x08002e54   0x00000062   Code   RO         4372    i.HAL_TIM_Base_Init  stm32g4xx_hal_tim.o
    0x08002eb6   0x08002eb6   0x00000002   PAD
    0x08002eb8   0x08002eb8   0x0000002c   Code   RO         2190    i.HAL_TIM_Base_MspInit  tim.o
    0x08002ee4   0x08002ee4   0x00000364   Code   RO         4444    i.HAL_TIM_PWM_ConfigChannel  stm32g4xx_hal_tim.o
    0x08003248   0x08003248   0x00000062   Code   RO         4447    i.HAL_TIM_PWM_Init  stm32g4xx_hal_tim.o
    0x080032aa   0x080032aa   0x00000002   Code   RO         4449    i.HAL_TIM_PWM_MspInit  stm32g4xx_hal_tim.o
    0x080032ac   0x080032ac   0x00000056   Code   RO         4461    i.HAL_TIM_SlaveConfigSynchro  stm32g4xx_hal_tim.o
    0x08003302   0x08003302   0x0000003e   Code   RO         5871    i.HAL_UARTEx_DisableFifoMode  stm32g4xx_hal_uart_ex.o
    0x08003340   0x08003340   0x0000008c   Code   RO         5879    i.HAL_UARTEx_SetRxFifoThreshold  stm32g4xx_hal_uart_ex.o
    0x080033cc   0x080033cc   0x0000008c   Code   RO         5880    i.HAL_UARTEx_SetTxFifoThreshold  stm32g4xx_hal_uart_ex.o
    0x08003458   0x08003458   0x0000006e   Code   RO         5492    i.HAL_UART_Init     stm32g4xx_hal_uart.o
    0x080034c6   0x080034c6   0x00000002   PAD
    0x080034c8   0x080034c8   0x000000cc   Code   RO         2238    i.HAL_UART_MspInit  usart.o
    0x08003594   0x08003594   0x00000006   Code   RO         1729    i.HardFault_Handler  stm32g4xx_mc_it.o
    0x0800359a   0x0800359a   0x00000002   PAD
    0x0800359c   0x0800359c   0x00000074   Code   RO         7222    i.LL_TIM_OC_EnablePreload  r3_2_g4xx_pwm_curr_fdbk.o
    0x08003610   0x08003610   0x00000080   Code   RO         7223    i.LL_TIM_OC_SetMode  r3_2_g4xx_pwm_curr_fdbk.o
    0x08003690   0x08003690   0x00000010   Code   RO         1396    i.MCI_Clear_Iqdref  mc_interface.o
    0x080036a0   0x080036a0   0x00000072   Code   RO         1397    i.MCI_ExecBufferedCommands  mc_interface.o
    0x08003712   0x08003712   0x0000000e   Code   RO         1398    i.MCI_ExecSpeedRamp  mc_interface.o
    0x08003720   0x08003720   0x00000012   Code   RO         1400    i.MCI_ExecTorqueRamp  mc_interface.o
    0x08003732   0x08003732   0x00000024   Code   RO         1402    i.MCI_FaultAcknowledged  mc_interface.o
    0x08003756   0x08003756   0x00000012   Code   RO         1403    i.MCI_FaultProcessing  mc_interface.o
    0x08003768   0x08003768   0x00000010   Code   RO         1404    i.MCI_GetAvrgMecSpeedUnit  mc_interface.o
    0x08003778   0x08003778   0x00000004   Code   RO         1407    i.MCI_GetControlMode  mc_interface.o
    0x0800377c   0x0800377c   0x00000004   Code   RO         1408    i.MCI_GetCurrentFaults  mc_interface.o
    0x08003780   0x08003780   0x0000000a   Code   RO         1410    i.MCI_GetFaultState  mc_interface.o
    0x0800378a   0x0800378a   0x00000006   Code   RO         1411    i.MCI_GetIab        mc_interface.o
    0x08003790   0x08003790   0x00000006   Code   RO         1413    i.MCI_GetIalphabeta  mc_interface.o
    0x08003796   0x08003796   0x00000036   Code   RO         1414    i.MCI_GetImposedMotorDirection  mc_interface.o
    0x080037cc   0x080037cc   0x00000006   Code   RO         1415    i.MCI_GetIqd        mc_interface.o
    0x080037d2   0x080037d2   0x00000006   Code   RO         1418    i.MCI_GetIqdref     mc_interface.o
    0x080037d8   0x080037d8   0x00000004   Code   RO         1420    i.MCI_GetLastRampFinalDuration  mc_interface.o
    0x080037dc   0x080037dc   0x00000006   Code   RO         1421    i.MCI_GetLastRampFinalSpeed  mc_interface.o
    0x080037e2   0x080037e2   0x00000006   Code   RO         1423    i.MCI_GetLastRampFinalTorque  mc_interface.o
    0x080037e8   0x080037e8   0x00000006   Code   RO         1424    i.MCI_GetMecSpeedRefUnit  mc_interface.o
    0x080037ee   0x080037ee   0x00000004   Code   RO         1426    i.MCI_GetOccurredFaults  mc_interface.o
    0x080037f2   0x080037f2   0x00000004   Code   RO         1429    i.MCI_GetSTMState   mc_interface.o
    0x080037f6   0x080037f6   0x00000008   Code   RO         1431    i.MCI_GetTeref      mc_interface.o
    0x080037fe   0x080037fe   0x00000008   Code   RO         1433    i.MCI_GetValphabeta  mc_interface.o
    0x08003806   0x08003806   0x00000008   Code   RO         1434    i.MCI_GetVqd        mc_interface.o
    0x0800380e   0x0800380e   0x0000001c   Code   RO         1435    i.MCI_Init          mc_interface.o
    0x0800382a   0x0800382a   0x00000014   Code   RO         1439    i.MCI_SetCurrentReferences  mc_interface.o
    0x0800383e   0x0800383e   0x00000026   Code   RO         1441    i.MCI_StartMotor    mc_interface.o
    0x08003864   0x08003864   0x00000030   Code   RO         1444    i.MCI_StopMotor     mc_interface.o
    0x08003894   0x08003894   0x00000006   Code   RO         1445    i.MCI_StopRamp      mc_interface.o
    0x0800389a   0x0800389a   0x00000002   PAD
    0x0800389c   0x0800389c   0x0000004c   Code   RO         1339    i.MCM_Clarke        mc_math.o
    0x080038e8   0x080038e8   0x00000084   Code   RO         1340    i.MCM_Park          mc_math.o
    0x0800396c   0x0800396c   0x00000036   Code   RO         1341    i.MCM_Rev_Park      mc_math.o
    0x080039a2   0x080039a2   0x00000002   PAD
    0x080039a4   0x080039a4   0x00000020   Code   RO         1342    i.MCM_Sqrt          mc_math.o
    0x080039c4   0x080039c4   0x0000001c   Code   RO         1343    i.MCM_Trig_Functions  mc_math.o
    0x080039e0   0x080039e0   0x000000ee   Code   RO         7455    i.MCPA_cfgLog       mcpa.o
    0x08003ace   0x08003ace   0x00000002   PAD
    0x08003ad0   0x08003ad0   0x000001a4   Code   RO         7456    i.MCPA_dataLog      mcpa.o
    0x08003c74   0x08003c74   0x0000007c   Code   RO         7457    i.MCPA_flushDataLog  mcpa.o
    0x08003cf0   0x08003cf0   0x00000124   Code   RO         7425    i.MCP_ReceivedPacket  mcp.o
    0x08003e14   0x08003e14   0x0000000c   Code   RO          547    i.MC_GetSTMStateMotor1  mc_api.o
    0x08003e20   0x08003e20   0x0000001c   Code   RO          904    i.MC_RunMotorControlTasks  mc_tasks.o
    0x08003e3c   0x08003e3c   0x00000074   Code   RO          905    i.MC_Scheduler      mc_tasks.o
    0x08003eb0   0x08003eb0   0x0000000c   Code   RO          561    i.MC_StartMotor1    mc_api.o
    0x08003ebc   0x08003ebc   0x0000000c   Code   RO          563    i.MC_StopMotor1     mc_api.o
    0x08003ec8   0x08003ec8   0x00000120   Code   RO          906    i.MCboot            mc_tasks.o
    0x08003fe8   0x08003fe8   0x00000046   Code   RO         6115    i.MPM_CalcElMotorPower  motor_power_measurement.o
    0x0800402e   0x0800402e   0x0000001a   Code   RO         6116    i.MPM_Clear         motor_power_measurement.o
    0x08004048   0x08004048   0x00000006   Code   RO         6117    i.MPM_GetAvrgElMotorPowerW  motor_power_measurement.o
    0x0800404e   0x0800404e   0x00000002   PAD
    0x08004050   0x08004050   0x000000f8   Code   RO          374    i.MX_ADC1_Init      adc.o
    0x08004148   0x08004148   0x000000a8   Code   RO          375    i.MX_ADC2_Init      adc.o
    0x080041f0   0x080041f0   0x00000024   Code   RO          423    i.MX_CORDIC_Init    cordic.o
    0x08004214   0x08004214   0x0000002c   Code   RO          463    i.MX_DMA_Init       dma.o
    0x08004240   0x08004240   0x0000006c   Code   RO          348    i.MX_GPIO_Init      gpio.o
    0x080042ac   0x080042ac   0x00000034   Code   RO          487    i.MX_MotorControl_Init  motorcontrol.o
    0x080042e0   0x080042e0   0x00000034   Code   RO         2143    i.MX_OPAMP1_Init    opamp.o
    0x08004314   0x08004314   0x00000034   Code   RO         2144    i.MX_OPAMP2_Init    opamp.o
    0x08004348   0x08004348   0x000001d4   Code   RO         2192    i.MX_TIM1_Init      tim.o
    0x0800451c   0x0800451c   0x0000006c   Code   RO         2239    i.MX_USART1_UART_Init  usart.o
    0x08004588   0x08004588   0x0000003a   Code   RO         6157    i.NTC_CalcAvTemp    ntc_temperature_sensor.o
    0x080045c2   0x080045c2   0x00000006   Code   RO         6159    i.NTC_Clear         ntc_temperature_sensor.o
    0x080045c8   0x080045c8   0x00000022   Code   RO         6160    i.NTC_GetAvTemp_C   ntc_temperature_sensor.o
    0x080045ea   0x080045ea   0x00000024   Code   RO         6162    i.NTC_Init          ntc_temperature_sensor.o
    0x0800460e   0x0800460e   0x00000018   Code   RO         6163    i.NTC_SetFaultState  ntc_temperature_sensor.o
    0x08004626   0x08004626   0x00000006   Code   RO         6271    i.PID_GetKD         pid_regulator.o
    0x0800462c   0x0800462c   0x00000004   Code   RO         6273    i.PID_GetKDDivisorPOW2  pid_regulator.o
    0x08004630   0x08004630   0x00000006   Code   RO         6274    i.PID_GetKI         pid_regulator.o
    0x08004636   0x08004636   0x00000004   Code   RO         6275    i.PID_GetKIDivisor  pid_regulator.o
    0x0800463a   0x0800463a   0x00000004   Code   RO         6276    i.PID_GetKIDivisorPOW2  pid_regulator.o
    0x0800463e   0x0800463e   0x00000006   Code   RO         6277    i.PID_GetKP         pid_regulator.o
    0x08004644   0x08004644   0x00000004   Code   RO         6279    i.PID_GetKPDivisorPOW2  pid_regulator.o
    0x08004648   0x08004648   0x00000014   Code   RO         6280    i.PID_HandleInit    pid_regulator.o
    0x0800465c   0x0800465c   0x00000004   Code   RO         6281    i.PID_SetIntegralTerm  pid_regulator.o
    0x08004660   0x08004660   0x00000004   Code   RO         6282    i.PID_SetKD         pid_regulator.o
    0x08004664   0x08004664   0x0000000c   Code   RO         6283    i.PID_SetKDDivisorPOW2  pid_regulator.o
    0x08004670   0x08004670   0x00000004   Code   RO         6284    i.PID_SetKI         pid_regulator.o
    0x08004674   0x08004674   0x00000024   Code   RO         6285    i.PID_SetKIDivisorPOW2  pid_regulator.o
    0x08004698   0x08004698   0x00000004   Code   RO         6286    i.PID_SetKP         pid_regulator.o
    0x0800469c   0x0800469c   0x0000000c   Code   RO         6287    i.PID_SetKPDivisorPOW2  pid_regulator.o
    0x080046a8   0x080046a8   0x00000004   Code   RO         6288    i.PID_SetLowerIntegralTermLimit  pid_regulator.o
    0x080046ac   0x080046ac   0x00000004   Code   RO         6291    i.PID_SetUpperIntegralTermLimit  pid_regulator.o
    0x080046b0   0x080046b0   0x00000080   Code   RO         6293    i.PI_Controller     pid_regulator.o
    0x08004730   0x08004730   0x00000060   Code   RO         6442    i.PQD_CalcElMotorPower  pqd_motor_power_measurement.o
    0x08004790   0x08004790   0x00000004   Code   RO         1046    i.PWMC_CheckOverCurrent  pwm_curr_fdbk.o
    0x08004794   0x08004794   0x00000042   Code   RO         1048    i.PWMC_CurrentReadingCalibr  pwm_curr_fdbk.o
    0x080047d6   0x080047d6   0x00000004   Code   RO         1053    i.PWMC_GetPhaseCurrents  pwm_curr_fdbk.o
    0x080047da   0x080047da   0x0000020e   Code   RO         1073    i.PWMC_SetPhaseVoltage  pwm_curr_fdbk.o
    0x080049e8   0x080049e8   0x00000004   Code   RO         1074    i.PWMC_SwitchOffPWM  pwm_curr_fdbk.o
    0x080049ec   0x080049ec   0x00000004   Code   RO         1075    i.PWMC_SwitchOnPWM  pwm_curr_fdbk.o
    0x080049f0   0x080049f0   0x000000f8   Code   RO         7224    i.R3_2_ADCxInit     r3_2_g4xx_pwm_curr_fdbk.o
    0x08004ae8   0x08004ae8   0x00000042   Code   RO         7225    i.R3_2_BRK2_IRQHandler  r3_2_g4xx_pwm_curr_fdbk.o
    0x08004b2a   0x08004b2a   0x00000022   Code   RO         7226    i.R3_2_BRK_IRQHandler  r3_2_g4xx_pwm_curr_fdbk.o
    0x08004b4c   0x08004b4c   0x000001d4   Code   RO         7227    i.R3_2_CurrentReadingPolarization  r3_2_g4xx_pwm_curr_fdbk.o
    0x08004d20   0x08004d20   0x00000010   Code   RO         7228    i.R3_2_GetOffsetCalib  r3_2_g4xx_pwm_curr_fdbk.o
    0x08004d30   0x08004d30   0x00000128   Code   RO         7229    i.R3_2_GetPhaseCurrents  r3_2_g4xx_pwm_curr_fdbk.o
    0x08004e58   0x08004e58   0x00000060   Code   RO         7231    i.R3_2_HFCurrentsPolarizationAB  r3_2_g4xx_pwm_curr_fdbk.o
    0x08004eb8   0x08004eb8   0x00000054   Code   RO         7232    i.R3_2_HFCurrentsPolarizationC  r3_2_g4xx_pwm_curr_fdbk.o
    0x08004f0c   0x08004f0c   0x000002a8   Code   RO         7233    i.R3_2_Init         r3_2_g4xx_pwm_curr_fdbk.o
    0x080051b4   0x080051b4   0x00000026   Code   RO         7234    i.R3_2_IsOverCurrentOccurred  r3_2_g4xx_pwm_curr_fdbk.o
    0x080051da   0x080051da   0x00000002   PAD
    0x080051dc   0x080051dc   0x000000f4   Code   RO         7235    i.R3_2_RLDetectionModeDisable  r3_2_g4xx_pwm_curr_fdbk.o
    0x080052d0   0x080052d0   0x000000c0   Code   RO         7236    i.R3_2_RLDetectionModeEnable  r3_2_g4xx_pwm_curr_fdbk.o
    0x08005390   0x08005390   0x00000080   Code   RO         7237    i.R3_2_RLDetectionModeSetDuty  r3_2_g4xx_pwm_curr_fdbk.o
    0x08005410   0x08005410   0x00000050   Code   RO         7238    i.R3_2_RLGetPhaseCurrents  r3_2_g4xx_pwm_curr_fdbk.o
    0x08005460   0x08005460   0x000000d2   Code   RO         7239    i.R3_2_RLSwitchOnPWM  r3_2_g4xx_pwm_curr_fdbk.o
    0x08005532   0x08005532   0x00000054   Code   RO         7240    i.R3_2_RLTurnOnLowSides  r3_2_g4xx_pwm_curr_fdbk.o
    0x08005586   0x08005586   0x00000002   PAD
    0x08005588   0x08005588   0x0000003c   Code   RO         7241    i.R3_2_SetADCSampPointPolarization  r3_2_g4xx_pwm_curr_fdbk.o
    0x080055c4   0x080055c4   0x00000088   Code   RO         7242    i.R3_2_SetADCSampPointSectX  r3_2_g4xx_pwm_curr_fdbk.o
    0x0800564c   0x0800564c   0x000000fc   Code   RO         7244    i.R3_2_SetAOReferenceVoltage  r3_2_g4xx_pwm_curr_fdbk.o
    0x08005748   0x08005748   0x00000016   Code   RO         7245    i.R3_2_SetOffsetCalib  r3_2_g4xx_pwm_curr_fdbk.o
    0x0800575e   0x0800575e   0x00000078   Code   RO         7246    i.R3_2_SwitchOffPWM  r3_2_g4xx_pwm_curr_fdbk.o
    0x080057d6   0x080057d6   0x000000c8   Code   RO         7247    i.R3_2_SwitchOnPWM  r3_2_g4xx_pwm_curr_fdbk.o
    0x0800589e   0x0800589e   0x00000098   Code   RO         7248    i.R3_2_TIMx_UP_IRQHandler  r3_2_g4xx_pwm_curr_fdbk.o
    0x08005936   0x08005936   0x00000060   Code   RO         7249    i.R3_2_TurnOnLowSides  r3_2_g4xx_pwm_curr_fdbk.o
    0x08005996   0x08005996   0x00000002   PAD
    0x08005998   0x08005998   0x00000098   Code   RO         1255    i.RCM_ExecNextConv  regular_conversion_manager.o
    0x08005a30   0x08005a30   0x00000144   Code   RO         1256    i.RCM_ExecRegularConv  regular_conversion_manager.o
    0x08005b74   0x08005b74   0x00000058   Code   RO         1257    i.RCM_ExecUserConv  regular_conversion_manager.o
    0x08005bcc   0x08005bcc   0x0000004c   Code   RO         1261    i.RCM_ReadOngoingConv  regular_conversion_manager.o
    0x08005c18   0x08005c18   0x00000130   Code   RO         1262    i.RCM_RegisterRegConv  regular_conversion_manager.o
    0x08005d48   0x08005d48   0x0000002c   Code   RO         6550    i.REMNG_Calc        ramp_ext_mngr.o
    0x08005d74   0x08005d74   0x00000082   Code   RO         6551    i.REMNG_ExecRamp    ramp_ext_mngr.o
    0x08005df6   0x08005df6   0x00000010   Code   RO         6553    i.REMNG_Init        ramp_ext_mngr.o
    0x08005e06   0x08005e06   0x0000000e   Code   RO         6554    i.REMNG_RampCompleted  ramp_ext_mngr.o
    0x08005e14   0x08005e14   0x00000020   Code   RO         1835    i.RI_GetIDSize      register_interface.o
    0x08005e34   0x08005e34   0x000000ec   Code   RO         1836    i.RI_GetPtrReg      register_interface.o
    0x08005f20   0x08005f20   0x000007b0   Code   RO         1837    i.RI_GetRegCommandParser  register_interface.o
    0x080066d0   0x080066d0   0x00000630   Code   RO         1838    i.RI_SetRegCommandParser  register_interface.o
    0x08006d00   0x08006d00   0x00000088   Code   RO         6610    i.RUC_Clear         revup_ctrl.o
    0x08006d88   0x08006d88   0x0000006a   Code   RO         6612    i.RUC_Exec          revup_ctrl.o
    0x08006df2   0x08006df2   0x00000014   Code   RO         6613    i.RUC_FirstAccelerationStageReached  revup_ctrl.o
    0x08006e06   0x08006e06   0x00000006   Code   RO         6614    i.RUC_GetNumberOfPhases  revup_ctrl.o
    0x08006e0c   0x08006e0c   0x0000001a   Code   RO         6615    i.RUC_GetPhase      revup_ctrl.o
    0x08006e26   0x08006e26   0x00000060   Code   RO         6621    i.RUC_Init          revup_ctrl.o
    0x08006e86   0x08006e86   0x0000001e   Code   RO         6624    i.RUC_SetPhase      revup_ctrl.o
    0x08006ea4   0x08006ea4   0x00000066   Code   RO         6502    i.RVBS_CalcAvVbus   r_divider_bus_voltage_sensor.o
    0x08006f0a   0x08006f0a   0x00000018   Code   RO         6504    i.RVBS_CheckFaultState  r_divider_bus_voltage_sensor.o
    0x08006f22   0x08006f22   0x0000002c   Code   RO         6505    i.RVBS_Clear        r_divider_bus_voltage_sensor.o
    0x08006f4e   0x08006f4e   0x00000016   Code   RO         6506    i.RVBS_Init         r_divider_bus_voltage_sensor.o
    0x08006f64   0x08006f64   0x00000006   Code   RO         6743    i.SPD_GetAvrgMecSpeedUnit  speed_pos_fdbk.o
    0x08006f6a   0x08006f6a   0x00000006   Code   RO         6744    i.SPD_GetElAngle    speed_pos_fdbk.o
    0x08006f70   0x08006f70   0x00000006   Code   RO         6747    i.SPD_GetInstElSpeedDpp  speed_pos_fdbk.o
    0x08006f76   0x08006f76   0x00000014   Code   RO         6749    i.SPD_GetS16Speed   speed_pos_fdbk.o
    0x08006f8a   0x08006f8a   0x00000060   Code   RO         6750    i.SPD_IsMecSpeedReliable  speed_pos_fdbk.o
    0x08006fea   0x08006fea   0x00000050   Code   RO         6820    i.STC_CalcTorqueReference  speed_torq_ctrl.o
    0x0800703a   0x0800703a   0x00000010   Code   RO         6821    i.STC_Clear         speed_torq_ctrl.o
    0x0800704a   0x0800704a   0x0000008c   Code   RO         6822    i.STC_ExecRamp      speed_torq_ctrl.o
    0x080070d6   0x080070d6   0x00000010   Code   RO         6823    i.STC_ForceSpeedReferenceToCurrentSpeed  speed_torq_ctrl.o
    0x080070e6   0x080070e6   0x00000010   Code   RO         6825    i.STC_GetDefaultIqdref  speed_torq_ctrl.o
    0x080070f6   0x080070f6   0x00000006   Code   RO         6827    i.STC_GetMecSpeedRefUnit  speed_torq_ctrl.o
    0x080070fc   0x080070fc   0x00000006   Code   RO         6828    i.STC_GetMecSpeedRefUnitDefault  speed_torq_ctrl.o
    0x08007102   0x08007102   0x00000004   Code   RO         6830    i.STC_GetSpeedSensor  speed_torq_ctrl.o
    0x08007106   0x08007106   0x00000006   Code   RO         6831    i.STC_GetTorqueRef  speed_torq_ctrl.o
    0x0800710c   0x0800710c   0x00000020   Code   RO         6832    i.STC_Init          speed_torq_ctrl.o
    0x0800712c   0x0800712c   0x00000008   Code   RO         6834    i.STC_SetControlMode  speed_torq_ctrl.o
    0x08007134   0x08007134   0x00000004   Code   RO         6836    i.STC_SetSpeedSensor  speed_torq_ctrl.o
    0x08007138   0x08007138   0x00000008   Code   RO         6837    i.STC_StopRamp      speed_torq_ctrl.o
    0x08007140   0x08007140   0x0000000a   Code   RO         6953    i.STO_OTF_ResetPLL  sto_pll_speed_pos_fdbk.o
    0x0800714a   0x0800714a   0x0000004e   Code   RO         6955    i.STO_PLL_CalcAvrgElSpeedDpp  sto_pll_speed_pos_fdbk.o
    0x08007198   0x08007198   0x00000154   Code   RO         6956    i.STO_PLL_CalcAvrgMecSpeedUnit  sto_pll_speed_pos_fdbk.o
    0x080072ec   0x080072ec   0x000001e2   Code   RO         6957    i.STO_PLL_CalcElAngle  sto_pll_speed_pos_fdbk.o
    0x080074ce   0x080074ce   0x0000007c   Code   RO         6958    i.STO_PLL_Clear     sto_pll_speed_pos_fdbk.o
    0x0800754a   0x0800754a   0x0000000a   Code   RO         6959    i.STO_PLL_ForceConvergency1  sto_pll_speed_pos_fdbk.o
    0x08007554   0x08007554   0x0000000a   Code   RO         6960    i.STO_PLL_ForceConvergency2  sto_pll_speed_pos_fdbk.o
    0x0800755e   0x0800755e   0x00000014   Code   RO         6961    i.STO_PLL_GetEstimatedBemf  sto_pll_speed_pos_fdbk.o
    0x08007572   0x08007572   0x00000006   Code   RO         6962    i.STO_PLL_GetEstimatedBemfLevel  sto_pll_speed_pos_fdbk.o
    0x08007578   0x08007578   0x00000018   Code   RO         6963    i.STO_PLL_GetEstimatedCurrent  sto_pll_speed_pos_fdbk.o
    0x08007590   0x08007590   0x00000006   Code   RO         6964    i.STO_PLL_GetObservedBemfLevel  sto_pll_speed_pos_fdbk.o
    0x08007596   0x08007596   0x0000000a   Code   RO         6965    i.STO_PLL_GetObserverGains  sto_pll_speed_pos_fdbk.o
    0x080075a0   0x080075a0   0x00000060   Code   RO         6966    i.STO_PLL_Init      sto_pll_speed_pos_fdbk.o
    0x08007600   0x08007600   0x000000a8   Code   RO         6968    i.STO_PLL_IsObserverConverged  sto_pll_speed_pos_fdbk.o
    0x080076a8   0x080076a8   0x00000008   Code   RO         6969    i.STO_PLL_IsVarianceTight  sto_pll_speed_pos_fdbk.o
    0x080076b0   0x080076b0   0x00000006   Code   RO         6972    i.STO_PLL_SetObserverGains  sto_pll_speed_pos_fdbk.o
    0x080076b6   0x080076b6   0x00000008   Code   RO         6973    i.STO_ResetPLL      sto_pll_speed_pos_fdbk.o
    0x080076be   0x080076be   0x00000002   PAD
    0x080076c0   0x080076c0   0x00000028   Code   RO         1730    i.SysTick_Handler   stm32g4xx_mc_it.o
    0x080076e8   0x080076e8   0x0000009e   Code   RO           14    i.SystemClock_Config  main.o
    0x08007786   0x08007786   0x00000002   PAD
    0x08007788   0x08007788   0x00000010   Code   RO         5979    i.SystemInit        system_stm32g4xx.o
    0x08007798   0x08007798   0x00000044   Code   RO         1731    i.TIM1_BRK_TIM15_IRQHandler  stm32g4xx_mc_it.o
    0x080077dc   0x080077dc   0x00000018   Code   RO         1732    i.TIM1_UP_TIM16_IRQHandler  stm32g4xx_mc_it.o
    0x080077f4   0x080077f4   0x000000b4   Code   RO         4465    i.TIM_Base_SetConfig  stm32g4xx_hal_tim.o
    0x080078a8   0x080078a8   0x00000090   Code   RO         4477    i.TIM_OC2_SetConfig  stm32g4xx_hal_tim.o
    0x08007938   0x08007938   0x00000138   Code   RO         4478    i.TIM_SlaveTimer_SetConfig  stm32g4xx_hal_tim.o
    0x08007a70   0x08007a70   0x00000014   Code   RO          907    i.TSK_ChargeBootCapDelayHasElapsedM1  mc_tasks.o
    0x08007a84   0x08007a84   0x00000020   Code   RO          908    i.TSK_HardwareFaultTask  mc_tasks.o
    0x08007aa4   0x08007aa4   0x00000188   Code   RO          909    i.TSK_HighFrequencyTask  mc_tasks.o
    0x08007c2c   0x08007c2c   0x00000320   Code   RO          911    i.TSK_MediumFrequencyTaskM1  mc_tasks.o
    0x08007f4c   0x08007f4c   0x00000020   Code   RO          912    i.TSK_SafetyTask    mc_tasks.o
    0x08007f6c   0x08007f6c   0x0000009c   Code   RO          913    i.TSK_SafetyTask_PWMOFF  mc_tasks.o
    0x08008008   0x08008008   0x0000000c   Code   RO          914    i.TSK_SetChargeBootCapDelayM1  mc_tasks.o
    0x08008014   0x08008014   0x0000000c   Code   RO          915    i.TSK_SetStopPermanencyTimeM1  mc_tasks.o
    0x08008020   0x08008020   0x00000014   Code   RO          916    i.TSK_StopPermanencyTimeHasElapsedM1  mc_tasks.o
    0x08008034   0x08008034   0x000000da   Code   RO         5506    i.UART_AdvFeatureConfig  stm32g4xx_hal_uart.o
    0x0800810e   0x0800810e   0x00000064   Code   RO         5507    i.UART_CheckIdleState  stm32g4xx_hal_uart.o
    0x08008172   0x08008172   0x00000002   PAD
    0x08008174   0x08008174   0x00000284   Code   RO         5522    i.UART_SetConfig    stm32g4xx_hal_uart.o
    0x080083f8   0x080083f8   0x000000e4   Code   RO         5529    i.UART_WaitOnFlagUntilTimeout  stm32g4xx_hal_uart.o
    0x080084dc   0x080084dc   0x0000001a   Code   RO         1963    i.UASPEP_IDLE_ENABLE  usart_aspep_driver.o
    0x080084f6   0x080084f6   0x00000002   PAD
    0x080084f8   0x080084f8   0x000000ac   Code   RO         1964    i.UASPEP_INIT       usart_aspep_driver.o
    0x080085a4   0x080085a4   0x00000050   Code   RO         1965    i.UASPEP_RECEIVE_BUFFER  usart_aspep_driver.o
    0x080085f4   0x080085f4   0x00000050   Code   RO         1966    i.UASPEP_SEND_PACKET  usart_aspep_driver.o
    0x08008644   0x08008644   0x00000018   Code   RO          917    i.UI_HandleStartStopButton_cb  mc_tasks.o
    0x0800865c   0x0800865c   0x00000104   Code   RO         1733    i.USART1_IRQHandler  stm32g4xx_mc_it.o
    0x08008760   0x08008760   0x0000000a   Code   RO         6017    i.VBS_GetAvBusVoltage_V  bus_voltage_sensor.o
    0x0800876a   0x0800876a   0x00000004   Code   RO         6018    i.VBS_GetAvBusVoltage_d  bus_voltage_sensor.o
    0x0800876e   0x0800876e   0x00000082   Code   RO         7126    i.VSS_CalcAvrgMecSpeedUnit  virtual_speed_sensor.o
    0x080087f0   0x080087f0   0x0000009e   Code   RO         7127    i.VSS_CalcElAngle   virtual_speed_sensor.o
    0x0800888e   0x0800888e   0x0000002c   Code   RO         7128    i.VSS_Clear         virtual_speed_sensor.o
    0x080088ba   0x080088ba   0x00000008   Code   RO         7130    i.VSS_Init          virtual_speed_sensor.o
    0x080088c2   0x080088c2   0x0000008c   Code   RO         7135    i.VSS_SetMecAcceleration  virtual_speed_sensor.o
    0x0800894e   0x0800894e   0x0000000e   Code   RO         7136    i.VSS_SetMecAngle   virtual_speed_sensor.o
    0x0800895c   0x0800895c   0x0000001c   Code   RO         7137    i.VSS_SetStartTransition  virtual_speed_sensor.o
    0x08008978   0x08008978   0x00000006   Code   RO         7138    i.VSS_TransitionEnded  virtual_speed_sensor.o
    0x0800897e   0x0800897e   0x00000002   PAD
    0x08008980   0x08008980   0x00000028   Code   RO         6556    i.getScalingFactor  ramp_ext_mngr.o
    0x080089a8   0x080089a8   0x00000092   Code   RO           15    i.main              main.o
    0x08008a3a   0x08008a3a   0x00000002   PAD
    0x08008a3c   0x08008a3c   0x000000fc   Code   RO          918    i.mc_lock_pins      mc_tasks.o
    0x08008b38   0x08008b38   0x0000006c   Code   RO         6466    i.startTimers       pwm_common.o
    0x08008ba4   0x08008ba4   0x00000048   Code   RO         6467    i.waitForPolarizationEnd  pwm_common.o
    0x08008bec   0x08008bec   0x0000000a   Code   RO         7642    x$fpl$fpinit        fz_wm.l(fpinit.o)
    0x08008bf6   0x08008bf6   0x00000002   PAD
    0x08008bf8   0x08008bf8   0x00000002   Data   RO          920    .constdata          mc_tasks.o
    0x08008bfa   0x08008bfa   0x00000006   Data   RO         1734    .constdata          stm32g4xx_mc_it.o
    0x08008c00   0x08008c00   0x0000006c   Data   RO         1810    .constdata          mc_parameters.o
    0x08008c6c   0x08008c6c   0x000000cc   Data   RO         1811    .constdata          mc_parameters.o
    0x08008d38   0x08008d38   0x00000004   Data   RO         1839    .constdata          register_interface.o
    0x08008d3c   0x08008d3c   0x00000006   Data   RO         1967    .constdata          usart_aspep_driver.o
    0x08008d42   0x08008d42   0x00000010   Data   RO         2022    .constdata          mc_configuration_registers.o
    0x08008d52   0x08008d52   0x00000011   Data   RO         2023    .constdata          mc_configuration_registers.o
    0x08008d63   0x08008d63   0x00000018   Data   RO         2024    .constdata          mc_configuration_registers.o
    0x08008d7b   0x08008d7b   0x0000000a   Data   RO         2025    .constdata          mc_configuration_registers.o
    0x08008d85   0x08008d85   0x0000000e   Data   RO         2026    .constdata          mc_configuration_registers.o
    0x08008d93   0x08008d93   0x0000003c   Data   RO         2027    .constdata          mc_configuration_registers.o
    0x08008dcf   0x08008dcf   0x0000000e   Data   RO         2028    .constdata          mc_configuration_registers.o
    0x08008ddd   0x08008ddd   0x00000110   Data   RO         2068    .constdata          aspep.o
    0x08008eed   0x08008eed   0x00000001   PAD
    0x08008eee   0x08008eee   0x00000018   Data   RO         5530    .constdata          stm32g4xx_hal_uart.o
    0x08008f06   0x08008f06   0x00000010   Data   RO         5884    .constdata          stm32g4xx_hal_uart_ex.o
    0x08008f16   0x08008f16   0x00000010   Data   RO         5980    .constdata          system_stm32g4xx.o
    0x08008f26   0x08008f26   0x00000008   Data   RO         5981    .constdata          system_stm32g4xx.o
    0x08008f2e   0x08008f2e   0x00000014   Data   RO         7251    .constdata          r3_2_g4xx_pwm_curr_fdbk.o
    0x08008f42   0x08008f42   0x00000002   PAD
    0x08008f44   0x08008f44   0x00000020   Data   RO         7700    Region$$Table       anon$$obj.o


    Execution Region RW_IRAM1 (Exec base: 0x20000000, Load base: 0x08008f64, Size: 0x00002330, Max: 0x00008000, ABSOLUTE, COMPRESSED[0x000001d8])

    Exec Addr    Load Addr    Size         Type   Attr      Idx    E Section Name        Object

    0x20000000   COMPRESSED   0x00000004   Data   RW          377    .data               adc.o
    0x20000004   COMPRESSED   0x00000004   Data   RW          488    .data               motorcontrol.o
    0x20000008   COMPRESSED   0x00000114   Data   RW          814    .data               mc_config.o
    0x2000011c   COMPRESSED   0x0000002c   Data   RW          815    .data               mc_config.o
    0x20000148   COMPRESSED   0x0000002c   Data   RW          816    .data               mc_config.o
    0x20000174   COMPRESSED   0x0000002c   Data   RW          817    .data               mc_config.o
    0x200001a0   COMPRESSED   0x00000034   Data   RW          818    .data               mc_config.o
    0x200001d4   COMPRESSED   0x00000078   Data   RW          819    .data               mc_config.o
    0x2000024c   COMPRESSED   0x00000098   Data   RW          820    .data               mc_config.o
    0x200002e4   COMPRESSED   0x00000038   Data   RW          821    .data               mc_config.o
    0x2000031c   COMPRESSED   0x00000128   Data   RW          822    .data               mc_config.o
    0x20000444   COMPRESSED   0x00000014   Data   RW          823    .data               mc_config.o
    0x20000458   COMPRESSED   0x00000028   Data   RW          824    .data               mc_config.o
    0x20000480   COMPRESSED   0x00000028   Data   RW          825    .data               mc_config.o
    0x200004a8   COMPRESSED   0x00000018   Data   RW          826    .data               mc_config.o
    0x200004c0   COMPRESSED   0x000000b4   Data   RW          827    .data               mc_config.o
    0x20000574   COMPRESSED   0x00000004   Data   RW          828    .data               mc_config.o
    0x20000578   COMPRESSED   0x00000004   Data   RW          829    .data               mc_config.o
    0x2000057c   COMPRESSED   0x00000004   Data   RW          830    .data               mc_config.o
    0x20000580   COMPRESSED   0x00000004   Data   RW          831    .data               mc_config.o
    0x20000584   COMPRESSED   0x00000004   Data   RW          832    .data               mc_config.o
    0x20000588   COMPRESSED   0x00000014   Data   RW          869    .data               mcp_config.o
    0x2000059c   COMPRESSED   0x00000074   Data   RW          870    .data               mcp_config.o
    0x20000610   COMPRESSED   0x00000010   Data   RW          871    .data               mcp_config.o
    0x20000620   COMPRESSED   0x0000002c   Data   RW          872    .data               mcp_config.o
    0x2000064c   COMPRESSED   0x00000008   Data   RW          873    .data               mcp_config.o
    0x20000654   COMPRESSED   0x00000014   Data   RW          921    .data               mc_tasks.o
    0x20000668   COMPRESSED   0x00000006   Data   RW         1266    .data               regular_conversion_manager.o
    0x2000066e   COMPRESSED   0x00000001   Data   RW         1735    .data               stm32g4xx_mc_it.o
    0x2000066f   COMPRESSED   0x00000001   PAD
    0x20000670   COMPRESSED   0x00000010   Data   RW         1840    .data               register_interface.o
    0x20000680   COMPRESSED   0x00000004   Data   RW         2029    .data               mc_configuration_registers.o
    0x20000684   COMPRESSED   0x00000004   Data   RW         2030    .data               mc_configuration_registers.o
    0x20000688   COMPRESSED   0x00000004   Data   RW         2031    .data               mc_configuration_registers.o
    0x2000068c   COMPRESSED   0x00000004   Data   RW         2032    .data               mc_configuration_registers.o
    0x20000690   COMPRESSED   0x0000000c   Data   RW         2747    .data               stm32g4xx_hal.o
    0x2000069c   COMPRESSED   0x00000004   Data   RW         5982    .data               system_stm32g4xx.o
    0x200006a0   COMPRESSED   0x00000004   Data   RW         7458    .data               mcpa.o
    0x200006a4        -       0x000000d8   Zero   RW          376    .bss                adc.o
    0x2000077c        -       0x00000028   Zero   RW          424    .bss                cordic.o
    0x200007a4        -       0x0000000c   Zero   RW          812    .bss                mc_config.o
    0x200007b0        -       0x00000020   Zero   RW          813    .bss                mc_config.o
    0x200007d0        -       0x00000106   Zero   RW          861    .bss                mcp_config.o
    0x200008d6        -       0x00000102   Zero   RW          862    .bss                mcp_config.o
    0x200009d8        -       0x00000806   Zero   RW          863    .bss                mcp_config.o
    0x200011de        -       0x00000806   Zero   RW          864    .bss                mcp_config.o
    0x200019e4        -       0x00000028   Zero   RW          865    .bss                mcp_config.o
    0x20001a0c        -       0x00000028   Zero   RW          866    .bss                mcp_config.o
    0x20001a34        -       0x0000000a   Zero   RW          867    .bss                mcp_config.o
    0x20001a3e        -       0x0000000a   Zero   RW          868    .bss                mcp_config.o
    0x20001a48        -       0x00000026   Zero   RW          919    .bss                mc_tasks.o
    0x20001a6e   COMPRESSED   0x00000002   PAD
    0x20001a70        -       0x00000048   Zero   RW         1265    .bss                regular_conversion_manager.o
    0x20001ab8        -       0x00000078   Zero   RW         2145    .bss                opamp.o
    0x20001b30        -       0x0000004c   Zero   RW         2193    .bss                tim.o
    0x20001b7c        -       0x00000150   Zero   RW         2240    .bss                usart.o
    0x20001ccc        -       0x00000060   Zero   RW         7572    .bss                c_w.l(libspace.o)
    0x20001d2c   COMPRESSED   0x00000004   PAD
    0x20001d30        -       0x00000200   Zero   RW            2    HEAP                startup_stm32g431xx.o
    0x20001f30        -       0x00000400   Zero   RW            1    STACK               startup_stm32g431xx.o


==============================================================================

Image component sizes


      Code (inc. data)   RO Data    RW Data    ZI Data      Debug   Object Name

       624         42          0          4        216       2822   adc.o
      1366         14        272          0          0       9284   aspep.o
        14          0          0          0          0       1768   bus_voltage_sensor.o
        92          0          0          0          0       1664   circle_limitation.o
        80         12          0          0         40       1632   cordic.o
         0          0          0          0          0       4224   digital_output.o
        44          4          0          0          0        814   dma.o
       108          8          0          0          0        951   gpio.o
       308          0          0          0          0     732599   main.o
        36         12          0          0          0       1464   mc_api.o
         0          0          0       1408         44       1740   mc_config.o
         0          0        155         16          0       3730   mc_configuration_registers.o
       522          0          0          0          0      17257   mc_interface.o
       322         24          0          0          0       9387   mc_math.o
         0          0        312          0          0        291   mc_parameters.o
      2346        314          2         20         38      18948   mc_tasks.o
       292         10          0          0          0       1737   mcp.o
         0          0          0        204       4728       1811   mcp_config.o
       782          6          0          4          0       5092   mcpa.o
       102          0          0          0          0       2622   motor_power_measurement.o
        52          8          0          4          0       1094   motorcontrol.o
       158          0          0          0          0       4078   ntc_temperature_sensor.o
       256         36          0          0        120       2396   opamp.o
       266          6          0          0          0      12616   pid_regulator.o
        96          6          0          0          0       1283   pqd_motor_power_measurement.o
       180          8          0          0          0      52259   pwm_common.o
       608          0          0          0          0       4990   pwm_curr_fdbk.o
      4246        132         20          0          0     178671   r3_2_g4xx_pwm_curr_fdbk.o
       192          0          0          0          0       3706   r_divider_bus_voltage_sensor.o
       244          0          0          0          0       4536   ramp_ext_mngr.o
      3820        128          4         16          0      12580   register_interface.o
       944         82          0          6         72      71740   regular_conversion_manager.o
       420          0          0          0          0       6044   revup_ctrl.o
       134          0          0          0          0       4178   speed_pos_fdbk.o
       342          0          0          0          0       9805   speed_torq_ctrl.o
        64         26        472          0       1536        860   startup_stm32g431xx.o
       126         20          0         12          0       3785   stm32g4xx_hal.o
      1816         58          0          0          0      71491   stm32g4xx_hal_adc.o
      1748         52          0          0          0      71037   stm32g4xx_hal_adc_ex.o
        52          0          0          0          0       1262   stm32g4xx_hal_cordic.o
       220         16          0          0          0      34611   stm32g4xx_hal_cortex.o
       296         44          0          0          0       1663   stm32g4xx_hal_dma.o
       484         18          0          0          0       1452   stm32g4xx_hal_gpio.o
        56          6          0          0          0        878   stm32g4xx_hal_msp.o
       236          8          0          0          0       1809   stm32g4xx_hal_opamp.o
       208         16          0          0          0       1457   stm32g4xx_hal_pwr_ex.o
      1958         94          0          0          0       7558   stm32g4xx_hal_rcc.o
       708          8          0          0          0       1904   stm32g4xx_hal_rcc_ex.o
      1788         62          0          0          0      10057   stm32g4xx_hal_tim.o
       340         18          0          0          0       2372   stm32g4xx_hal_tim_ex.o
      1300         44         24          0          0      24911   stm32g4xx_hal_uart.o
       342         12         16          0          0       3469   stm32g4xx_hal_uart_ex.o
       466         68          6          1          0      90501   stm32g4xx_mc_it.o
      1406          6          0          0          0      16057   sto_pll_speed_pos_fdbk.o
        16          4         24          4          0       1155   system_stm32g4xx.o
       512         20          0          0         76       2260   tim.o
       312         32          0          0        336       1968   usart.o
       358         16          6          0          0      40262   usart_aspep_driver.o
       528          0          0          0          0       6834   virtual_speed_sensor.o

    ----------------------------------------------------------------------
     34378       1500       1348       1700       7208    1589426   Object Totals
         0          0         32          0          0          0   (incl. Generated)
        42          0          3          1          2          0   (incl. Padding)

    ----------------------------------------------------------------------

      Code (inc. data)   RO Data    RW Data    ZI Data      Debug   Library Member Name

        90          0          0          0          0          0   __dczerorl2.o
         8          0          0          0          0         68   __main.o
         0          0          0          0          0          0   __rtentry.o
        12          0          0          0          0          0   __rtentry2.o
         6          0          0          0          0          0   __rtentry4.o
        52          8          0          0          0          0   __scatter.o
        28          0          0          0          0          0   __scatter_zi.o
        18          0          0          0          0         80   exit.o
         6          0          0          0          0        152   heapauxi.o
         0          0          0          0          0          0   indicate_semi.o
         2          0          0          0          0          0   libinit.o
         6          0          0          0          0          0   libinit2.o
         2          0          0          0          0          0   libshutdown.o
         2          0          0          0          0          0   libshutdown2.o
         8          4          0          0         96         68   libspace.o
        72          0          0          0          0         76   llsdiv.o
       238          0          0          0          0        100   lludivv7m.o
        78          0          0          0          0         80   rt_memclr_w.o
       138          0          0          0          0         68   rt_memcpy_v6.o
       100          0          0          0          0         80   rt_memcpy_w.o
         2          0          0          0          0          0   rtexit.o
        10          0          0          0          0          0   rtexit2.o
        12          4          0          0          0         68   sys_exit.o
        74          0          0          0          0         80   sys_stackheap_outer.o
         2          0          0          0          0         68   use_no_semi.o
        10          0          0          0          0        116   fpinit.o

    ----------------------------------------------------------------------
       982         16          0          0        100       1104   Library Totals
         6          0          0          0          4          0   (incl. Padding)

    ----------------------------------------------------------------------

      Code (inc. data)   RO Data    RW Data    ZI Data      Debug   Library Name

       966         16          0          0         96        988   c_w.l
        10          0          0          0          0        116   fz_wm.l

    ----------------------------------------------------------------------
       982         16          0          0        100       1104   Library Totals

    ----------------------------------------------------------------------

==============================================================================


      Code (inc. data)   RO Data    RW Data    ZI Data      Debug   

     35360       1516       1348       1700       7308    1563114   Grand Totals
     35360       1516       1348        472       7308    1563114   ELF Image Totals (compressed)
     35360       1516       1348        472          0          0   ROM Totals

==============================================================================

    Total RO  Size (Code + RO Data)                36708 (  35.85kB)
    Total RW  Size (RW Data + ZI Data)              9008 (   8.80kB)
    Total ROM Size (Code + RO Data + RW Data)      37180 (  36.31kB)

==============================================================================

