Component: ARM Compiler 5.06 update 7 (build 960) Tool: armlink [4d3601]

==============================================================================

Section Cross References

    startup_stm32g431xx.o(STACK) refers (Special) to heapauxi.o(.text) for __use_two_region_memory
    startup_stm32g431xx.o(HEAP) refers (Special) to heapauxi.o(.text) for __use_two_region_memory
    startup_stm32g431xx.o(RESET) refers (Special) to heapauxi.o(.text) for __use_two_region_memory
    startup_stm32g431xx.o(RESET) refers to startup_stm32g431xx.o(STACK) for __initial_sp
    startup_stm32g431xx.o(RESET) refers to startup_stm32g431xx.o(.text) for Reset_Handler
    startup_stm32g431xx.o(RESET) refers to stm32g4xx_mc_it.o(i.HardFault_Handler) for HardFault_Handler
    startup_stm32g431xx.o(RESET) refers to stm32g4xx_mc_it.o(i.SysTick_Handler) for SysTick_Handler
    startup_stm32g431xx.o(RESET) refers to stm32g4xx_mc_it.o(i.DMA1_Channel2_IRQHandler) for DMA1_Channel2_IRQHandler
    startup_stm32g431xx.o(RESET) refers to stm32g4xx_mc_it.o(i.ADC1_2_IRQHandler) for ADC1_2_IRQHandler
    startup_stm32g431xx.o(RESET) refers to stm32g4xx_mc_it.o(i.EXTI9_5_IRQHandler) for EXTI9_5_IRQHandler
    startup_stm32g431xx.o(RESET) refers to stm32g4xx_mc_it.o(i.TIM1_BRK_TIM15_IRQHandler) for TIM1_BRK_TIM15_IRQHandler
    startup_stm32g431xx.o(RESET) refers to stm32g4xx_mc_it.o(i.TIM1_UP_TIM16_IRQHandler) for TIM1_UP_TIM16_IRQHandler
    startup_stm32g431xx.o(RESET) refers to stm32g4xx_mc_it.o(i.TIM2_IRQHandler) for TIM2_IRQHandler
    startup_stm32g431xx.o(RESET) refers to stm32g4xx_mc_it.o(i.USART1_IRQHandler) for USART1_IRQHandler
    startup_stm32g431xx.o(.text) refers (Special) to heapauxi.o(.text) for __use_two_region_memory
    startup_stm32g431xx.o(.text) refers to system_stm32g4xx.o(i.SystemInit) for SystemInit
    startup_stm32g431xx.o(.text) refers to __main.o(!!!main) for __main
    startup_stm32g431xx.o(.text) refers to startup_stm32g431xx.o(HEAP) for Heap_Mem
    startup_stm32g431xx.o(.text) refers to startup_stm32g431xx.o(STACK) for Stack_Mem
    main.o(i.SystemClock_Config) refers to rt_memclr_w.o(.text) for __aeabi_memclr4
    main.o(i.SystemClock_Config) refers to stm32g4xx_hal_pwr_ex.o(i.HAL_PWREx_ControlVoltageScaling) for HAL_PWREx_ControlVoltageScaling
    main.o(i.SystemClock_Config) refers to stm32g4xx_hal_rcc.o(i.HAL_RCC_OscConfig) for HAL_RCC_OscConfig
    main.o(i.SystemClock_Config) refers to stm32g4xx_hal_rcc.o(i.HAL_RCC_ClockConfig) for HAL_RCC_ClockConfig
    main.o(i.SystemClock_Config) refers to stm32g4xx_hal_rcc_ex.o(i.HAL_RCCEx_PeriphCLKConfig) for HAL_RCCEx_PeriphCLKConfig
    main.o(i.SystemClock_Config) refers to stm32g4xx_hal_rcc.o(i.HAL_RCC_EnableCSS) for HAL_RCC_EnableCSS
    main.o(i.main) refers to stm32g4xx_hal.o(i.HAL_Init) for HAL_Init
    main.o(i.main) refers to main.o(i.SystemClock_Config) for SystemClock_Config
    main.o(i.main) refers to gpio.o(i.MX_GPIO_Init) for MX_GPIO_Init
    main.o(i.main) refers to dma.o(i.MX_DMA_Init) for MX_DMA_Init
    main.o(i.main) refers to adc.o(i.MX_ADC1_Init) for MX_ADC1_Init
    main.o(i.main) refers to adc.o(i.MX_ADC2_Init) for MX_ADC2_Init
    main.o(i.main) refers to cordic.o(i.MX_CORDIC_Init) for MX_CORDIC_Init
    main.o(i.main) refers to opamp.o(i.MX_OPAMP1_Init) for MX_OPAMP1_Init
    main.o(i.main) refers to opamp.o(i.MX_OPAMP2_Init) for MX_OPAMP2_Init
    main.o(i.main) refers to tim.o(i.MX_TIM1_Init) for MX_TIM1_Init
    main.o(i.main) refers to tim.o(i.MX_TIM2_Init) for MX_TIM2_Init
    main.o(i.main) refers to usart.o(i.MX_USART1_UART_Init) for MX_USART1_UART_Init
    main.o(i.main) refers to motorcontrol.o(i.MX_MotorControl_Init) for MX_MotorControl_Init
    main.o(i.main) refers to stm32g4xx_hal_cortex.o(i.HAL_NVIC_SetPriority) for HAL_NVIC_SetPriority
    main.o(i.main) refers to stm32g4xx_hal_cortex.o(i.HAL_NVIC_EnableIRQ) for HAL_NVIC_EnableIRQ
    gpio.o(i.MX_GPIO_Init) refers to stm32g4xx_hal_gpio.o(i.HAL_GPIO_Init) for HAL_GPIO_Init
    adc.o(i.HAL_ADC_MspDeInit) refers to stm32g4xx_hal_gpio.o(i.HAL_GPIO_DeInit) for HAL_GPIO_DeInit
    adc.o(i.HAL_ADC_MspDeInit) refers to adc.o(.data) for .data
    adc.o(i.HAL_ADC_MspInit) refers to stm32g4xx_hal_gpio.o(i.HAL_GPIO_Init) for HAL_GPIO_Init
    adc.o(i.HAL_ADC_MspInit) refers to adc.o(.data) for .data
    adc.o(i.MX_ADC1_Init) refers to stm32g4xx_hal_adc.o(i.HAL_ADC_Init) for HAL_ADC_Init
    adc.o(i.MX_ADC1_Init) refers to main.o(i.Error_Handler) for Error_Handler
    adc.o(i.MX_ADC1_Init) refers to stm32g4xx_hal_adc_ex.o(i.HAL_ADCEx_MultiModeConfigChannel) for HAL_ADCEx_MultiModeConfigChannel
    adc.o(i.MX_ADC1_Init) refers to stm32g4xx_hal_adc_ex.o(i.HAL_ADCEx_InjectedConfigChannel) for HAL_ADCEx_InjectedConfigChannel
    adc.o(i.MX_ADC1_Init) refers to stm32g4xx_hal_adc.o(i.HAL_ADC_ConfigChannel) for HAL_ADC_ConfigChannel
    adc.o(i.MX_ADC1_Init) refers to adc.o(.bss) for .bss
    adc.o(i.MX_ADC2_Init) refers to stm32g4xx_hal_adc.o(i.HAL_ADC_Init) for HAL_ADC_Init
[...]
    DMA2_Channel5_IRQHandler                 0x080002d3   Thumb Code     0  startup_stm32g431xx.o(.text)
    DMA2_Channel6_IRQHandler                 0x080002d3   Thumb Code     0  startup_stm32g431xx.o(.text)
    DMAMUX_OVR_IRQHandler                    0x080002d3   Thumb Code     0  startup_stm32g431xx.o(.text)
    EXTI0_IRQHandler                         0x080002d3   Thumb Code     0  startup_stm32g431xx.o(.text)
    EXTI15_10_IRQHandler                     0x080002d3   Thumb Code     0  startup_stm32g431xx.o(.text)
    EXTI1_IRQHandler                         0x080002d3   Thumb Code     0  startup_stm32g431xx.o(.text)
    EXTI2_IRQHandler                         0x080002d3   Thumb Code     0  startup_stm32g431xx.o(.text)
    EXTI3_IRQHandler                         0x080002d3   Thumb Code     0  startup_stm32g431xx.o(.text)
    EXTI4_IRQHandler                         0x080002d3   Thumb Code     0  startup_stm32g431xx.o(.text)
    FDCAN1_IT0_IRQHandler                    0x080002d3   Thumb Code     0  startup_stm32g431xx.o(.text)
    FDCAN1_IT1_IRQHandler                    0x080002d3   Thumb Code     0  startup_stm32g431xx.o(.text)
    FLASH_IRQHandler                         0x080002d3   Thumb Code     0  startup_stm32g431xx.o(.text)
    FMAC_IRQHandler                          0x080002d3   Thumb Code     0  startup_stm32g431xx.o(.text)
    FPU_IRQHandler                           0x080002d3   Thumb Code     0  startup_stm32g431xx.o(.text)
    I2C1_ER_IRQHandler                       0x080002d3   Thumb Code     0  startup_stm32g431xx.o(.text)
    I2C1_EV_IRQHandler                       0x080002d3   Thumb Code     0  startup_stm32g431xx.o(.text)
    I2C2_ER_IRQHandler                       0x080002d3   Thumb Code     0  startup_stm32g431xx.o(.text)
    I2C2_EV_IRQHandler                       0x080002d3   Thumb Code     0  startup_stm32g431xx.o(.text)
    I2C3_ER_IRQHandler                       0x080002d3   Thumb Code     0  startup_stm32g431xx.o(.text)
    I2C3_EV_IRQHandler                       0x080002d3   Thumb Code     0  startup_stm32g431xx.o(.text)
    LPTIM1_IRQHandler                        0x080002d3   Thumb Code     0  startup_stm32g431xx.o(.text)
    LPUART1_IRQHandler                       0x080002d3   Thumb Code     0  startup_stm32g431xx.o(.text)
    PVD_PVM_IRQHandler                       0x080002d3   Thumb Code     0  startup_stm32g431xx.o(.text)
    RCC_IRQHandler                           0x080002d3   Thumb Code     0  startup_stm32g431xx.o(.text)
    RNG_IRQHandler                           0x080002d3   Thumb Code     0  startup_stm32g431xx.o(.text)
    RTC_Alarm_IRQHandler                     0x080002d3   Thumb Code     0  startup_stm32g431xx.o(.text)
    RTC_TAMP_LSECSS_IRQHandler               0x080002d3   Thumb Code     0  startup_stm32g431xx.o(.text)
    RTC_WKUP_IRQHandler                      0x080002d3   Thumb Code     0  startup_stm32g431xx.o(.text)
    SAI1_IRQHandler                          0x080002d3   Thumb Code     0  startup_stm32g431xx.o(.text)
    SPI1_IRQHandler                          0x080002d3   Thumb Code     0  startup_stm32g431xx.o(.text)
    SPI2_IRQHandler                          0x080002d3   Thumb Code     0  startup_stm32g431xx.o(.text)
    SPI3_IRQHandler                          0x080002d3   Thumb Code     0  startup_stm32g431xx.o(.text)
    TIM1_CC_IRQHandler                       0x080002d3   Thumb Code     0  startup_stm32g431xx.o(.text)
    TIM1_TRG_COM_TIM17_IRQHandler            0x080002d3   Thumb Code     0  startup_stm32g431xx.o(.text)
    TIM3_IRQHandler                          0x080002d3   Thumb Code     0  startup_stm32g431xx.o(.text)
    TIM4_IRQHandler                          0x080002d3   Thumb Code     0  startup_stm32g431xx.o(.text)
    TIM6_DAC_IRQHandler                      0x080002d3   Thumb Code     0  startup_stm32g431xx.o(.text)
    TIM7_IRQHandler                          0x080002d3   Thumb Code     0  startup_stm32g431xx.o(.text)
    TIM8_BRK_IRQHandler                      0x080002d3   Thumb Code     0  startup_stm32g431xx.o(.text)
    TIM8_CC_IRQHandler                       0x080002d3   Thumb Code     0  startup_stm32g431xx.o(.text)
    TIM8_TRG_COM_IRQHandler                  0x080002d3   Thumb Code     0  startup_stm32g431xx.o(.text)
    TIM8_UP_IRQHandler                       0x080002d3   Thumb Code     0  startup_stm32g431xx.o(.text)
    UART4_IRQHandler                         0x080002d3   Thumb Code     0  startup_stm32g431xx.o(.text)
    UCPD1_IRQHandler                         0x080002d3   Thumb Code     0  startup_stm32g431xx.o(.text)
    USART2_IRQHandler                        0x080002d3   Thumb Code     0  startup_stm32g431xx.o(.text)
    USART3_IRQHandler                        0x080002d3   Thumb Code     0  startup_stm32g431xx.o(.text)
    USBWakeUp_IRQHandler                     0x080002d3   Thumb Code     0  startup_stm32g431xx.o(.text)
    USB_HP_IRQHandler                        0x080002d3   Thumb Code     0  startup_stm32g431xx.o(.text)
    USB_LP_IRQHandler                        0x080002d3   Thumb Code     0  startup_stm32g431xx.o(.text)
    WWDG_IRQHandler                          0x080002d3   Thumb Code     0  startup_stm32g431xx.o(.text)
    __user_initial_stackheap                 0x080002d5   Thumb Code     0  startup_stm32g431xx.o(.text)
    __aeabi_uldivmod                         0x080002f9   Thumb Code     0  lludivv7m.o(.text)
    _ll_udiv                                 0x080002f9   Thumb Code   238  lludivv7m.o(.text)
    __aeabi_memcpy                           0x080003e7   Thumb Code     0  rt_memcpy_v6.o(.text)
    __rt_memcpy                              0x080003e7   Thumb Code   138  rt_memcpy_v6.o(.text)
    _memcpy_lastbytes                        0x0800044d   Thumb Code     0  rt_memcpy_v6.o(.text)
    __aeabi_memcpy4                          0x08000471   Thumb Code     0  rt_memcpy_w.o(.text)
    __aeabi_memcpy8                          0x08000471   Thumb Code     0  rt_memcpy_w.o(.text)
    __rt_memcpy_w                            0x08000471   Thumb Code   100  rt_memcpy_w.o(.text)
    _memcpy_lastbytes_aligned                0x080004b9   Thumb Code     0  rt_memcpy_w.o(.text)
    __aeabi_memclr4                          0x080004d5   Thumb Code     0  rt_memclr_w.o(.text)
    __aeabi_memclr8                          0x080004d5   Thumb Code     0  rt_memclr_w.o(.text)
    __rt_memclr_w                            0x080004d5   Thumb Code    78  rt_memclr_w.o(.text)
    _memset_w                                0x080004d9   Thumb Code     0  rt_memclr_w.o(.text)
    __use_two_region_memory                  0x08000523   Thumb Code     2  heapauxi.o(.text)
    __rt_heap_escrow$2region                 0x08000525   Thumb Code     2  heapauxi.o(.text)
    __rt_heap_expand$2region                 0x08000527   Thumb Code     2  heapauxi.o(.text)
    __user_setup_stackheap                   0x08000529   Thumb Code    74  sys_stackheap_outer.o(.text)
    exit                                     0x08000573   Thumb Code    18  exit.o(.text)
    __user_libspace                          0x08000585   Thumb Code     8  libspace.o(.text)
    __user_perproc_libspace                  0x08000585   Thumb Code     0  libspace.o(.text)
    __user_perthread_libspace                0x08000585   Thumb Code     0  libspace.o(.text)
    _sys_exit                                0x0800058d   Thumb Code     8  sys_exit.o(.text)
    __I$use$semihosting                      0x08000599   Thumb Code     0  use_no_semi.o(.text)
    __use_no_semihosting_swi                 0x08000599   Thumb Code     2  use_no_semi.o(.text)
    ADC1_2_IRQHandler                        0x0800059b   Thumb Code    12  stm32g4xx_mc_it.o(i.ADC1_2_IRQHandler)
    __semihosting_library_function           0x0800059b   Thumb Code     0  indicate_semi.o(.text)
    ASPEP_CheckBeacon                        0x080005a7   Thumb Code   124  aspep.o(i.ASPEP_CheckBeacon)
    ASPEP_HWDMAReset                         0x08000623   Thumb Code    22  aspep.o(i.ASPEP_HWDMAReset)
    ASPEP_HWDataReceivedIT                   0x08000639   Thumb Code   150  aspep.o(i.ASPEP_HWDataReceivedIT)
    ASPEP_HWDataTransmittedIT                0x080006d5   Thumb Code   148  aspep.o(i.ASPEP_HWDataTransmittedIT)
    ASPEP_RXframeProcess                     0x08000769   Thumb Code   490  aspep.o(i.ASPEP_RXframeProcess)
    ASPEP_getBuffer                          0x08000a29   Thumb Code    86  aspep.o(i.ASPEP_getBuffer)
    ASPEP_sendPacket                         0x08000a7f   Thumb Code    88  aspep.o(i.ASPEP_sendPacket)
    ASPEP_start                              0x08000ad7   Thumb Code    40  aspep.o(i.ASPEP_start)
    Circle_Limitation                        0x08000aff   Thumb Code    92  circle_limitation.o(i.Circle_Limitation)
    DMA1_Channel2_IRQHandler                 0x08000b5d   Thumb Code    22  stm32g4xx_mc_it.o(i.DMA1_Channel2_IRQHandler)
    EXTI9_5_IRQHandler                       0x08000b7d   Thumb Code    20  stm32g4xx_mc_it.o(i.EXTI9_5_IRQHandler)
    Error_Handler                            0x08000b95   Thumb Code     4  main.o(i.Error_Handler)
    FOC_CalcCurrRef                          0x08000b99   Thumb Code    42  mc_tasks.o(i.FOC_CalcCurrRef)
    FOC_Clear                                0x08000bcd   Thumb Code    86  mc_tasks.o(i.FOC_Clear)
    FOC_InitAdditionalMethods                0x08000c39   Thumb Code     2  mc_tasks.o(i.FOC_InitAdditionalMethods)
    HALL_CalcAvrgMecSpeedUnit                0x08000c3b   Thumb Code   148  hall_speed_pos_fdbk.o(i.HALL_CalcAvrgMecSpeedUnit)
    HALL_CalcElAngle                         0x08000ccf   Thumb Code    56  hall_speed_pos_fdbk.o(i.HALL_CalcElAngle)
    HALL_Clear                               0x08000d07   Thumb Code    82  hall_speed_pos_fdbk.o(i.HALL_Clear)
    HALL_Init                                0x08000d59   Thumb Code   316  hall_speed_pos_fdbk.o(i.HALL_Init)
    HALL_TIMx_CC_IRQHandler                  0x08000f79   Thumb Code   792  hall_speed_pos_fdbk.o(i.HALL_TIMx_CC_IRQHandler)
    HALL_TIMx_UP_IRQHandler                  0x08001291   Thumb Code   138  hall_speed_pos_fdbk.o(i.HALL_TIMx_UP_IRQHandler)
    HAL_ADCEx_InjectedConfigChannel          0x0800131d   Thumb Code  1470  stm32g4xx_hal_adc_ex.o(i.HAL_ADCEx_InjectedConfigChannel)
    HAL_ADCEx_MultiModeConfigChannel         0x080018f9   Thumb Code   240  stm32g4xx_hal_adc_ex.o(i.HAL_ADCEx_MultiModeConfigChannel)
    HAL_ADC_ConfigChannel                    0x080019f1   Thumb Code  1204  stm32g4xx_hal_adc.o(i.HAL_ADC_ConfigChannel)
    HAL_ADC_Init                             0x08001ec9   Thumb Code   554  stm32g4xx_hal_adc.o(i.HAL_ADC_Init)
    HAL_ADC_MspInit                          0x08002109   Thumb Code   194  adc.o(i.HAL_ADC_MspInit)
    HAL_CORDIC_Init                          0x080021d9   Thumb Code    52  stm32g4xx_hal_cordic.o(i.HAL_CORDIC_Init)
    HAL_CORDIC_MspInit                       0x0800220d   Thumb Code    40  cordic.o(i.HAL_CORDIC_MspInit)
    HAL_DMA_Init                             0x08002239   Thumb Code   252  stm32g4xx_hal_dma.o(i.HAL_DMA_Init)
    HAL_GPIO_Init                            0x08002361   Thumb Code   466  stm32g4xx_hal_gpio.o(i.HAL_GPIO_Init)
    HAL_GetTick                              0x08002545   Thumb Code     6  stm32g4xx_hal.o(i.HAL_GetTick)
    HAL_IncTick                              0x08002551   Thumb Code    12  stm32g4xx_hal.o(i.HAL_IncTick)
    HAL_Init                                 0x08002561   Thumb Code    30  stm32g4xx_hal.o(i.HAL_Init)
    HAL_InitTick                             0x08002581   Thumb Code    58  stm32g4xx_hal.o(i.HAL_InitTick)
    HAL_MspInit                              0x080025c5   Thumb Code    50  stm32g4xx_hal_msp.o(i.HAL_MspInit)
    HAL_NVIC_EnableIRQ                       0x080025fd   Thumb Code    30  stm32g4xx_hal_cortex.o(i.HAL_NVIC_EnableIRQ)
    HAL_NVIC_SetPriority                     0x0800261d   Thumb Code    96  stm32g4xx_hal_cortex.o(i.HAL_NVIC_SetPriority)
    HAL_NVIC_SetPriorityGrouping             0x08002681   Thumb Code    30  stm32g4xx_hal_cortex.o(i.HAL_NVIC_SetPriorityGrouping)
    HAL_OPAMP_Init                           0x080026a5   Thumb Code   228  stm32g4xx_hal_opamp.o(i.HAL_OPAMP_Init)
    HAL_OPAMP_MspInit                        0x08002791   Thumb Code   136  opamp.o(i.HAL_OPAMP_MspInit)
    HAL_PWREx_ControlVoltageScaling          0x08002829   Thumb Code   180  stm32g4xx_hal_pwr_ex.o(i.HAL_PWREx_ControlVoltageScaling)
    HAL_PWREx_DisableUCPDDeadBattery         0x080028e9   Thumb Code    12  stm32g4xx_hal_pwr_ex.o(i.HAL_PWREx_DisableUCPDDeadBattery)
    HAL_RCCEx_PeriphCLKConfig                0x080028f9   Thumb Code   700  stm32g4xx_hal_rcc_ex.o(i.HAL_RCCEx_PeriphCLKConfig)
    HAL_RCC_ClockConfig                      0x08002bbd   Thumb Code   488  stm32g4xx_hal_rcc.o(i.HAL_RCC_ClockConfig)
    HAL_RCC_EnableCSS                        0x08002dc5   Thumb Code    12  stm32g4xx_hal_rcc.o(i.HAL_RCC_EnableCSS)
    HAL_RCC_GetHCLKFreq                      0x08002dd5   Thumb Code     6  stm32g4xx_hal_rcc.o(i.HAL_RCC_GetHCLKFreq)
    HAL_RCC_GetPCLK1Freq                     0x08002de1   Thumb Code    24  stm32g4xx_hal_rcc.o(i.HAL_RCC_GetPCLK1Freq)
    HAL_RCC_GetPCLK2Freq                     0x08002e05   Thumb Code    24  stm32g4xx_hal_rcc.o(i.HAL_RCC_GetPCLK2Freq)
    HAL_RCC_GetSysClockFreq                  0x08002e29   Thumb Code   100  stm32g4xx_hal_rcc.o(i.HAL_RCC_GetSysClockFreq)
    HAL_RCC_OscConfig                        0x08002e99   Thumb Code  1226  stm32g4xx_hal_rcc.o(i.HAL_RCC_OscConfig)
    HAL_SYSTICK_Callback                     0x08003363   Thumb Code     2  stm32g4xx_hal_cortex.o(i.HAL_SYSTICK_Callback)
    HAL_SYSTICK_Config                       0x08003365   Thumb Code    38  stm32g4xx_hal_cortex.o(i.HAL_SYSTICK_Config)
    HAL_SYSTICK_IRQHandler                   0x08003391   Thumb Code     8  stm32g4xx_hal_cortex.o(i.HAL_SYSTICK_IRQHandler)
    HAL_TIMEx_ConfigBreakDeadTime            0x08003399   Thumb Code   178  stm32g4xx_hal_tim_ex.o(i.HAL_TIMEx_ConfigBreakDeadTime)
    HAL_TIMEx_HallSensor_Init                0x08003455   Thumb Code   220  stm32g4xx_hal_tim_ex.o(i.HAL_TIMEx_HallSensor_Init)
    HAL_TIMEx_HallSensor_MspInit             0x08003531   Thumb Code     2  stm32g4xx_hal_tim_ex.o(i.HAL_TIMEx_HallSensor_MspInit)
    HAL_TIMEx_MasterConfigSynchronization    0x08003535   Thumb Code   144  stm32g4xx_hal_tim_ex.o(i.HAL_TIMEx_MasterConfigSynchronization)
    HAL_TIM_Base_Init                        0x080035cd   Thumb Code    98  stm32g4xx_hal_tim.o(i.HAL_TIM_Base_Init)
    HAL_TIM_Base_MspInit                     0x08003631   Thumb Code   156  tim.o(i.HAL_TIM_Base_MspInit)
    HAL_TIM_ConfigClockSource                0x080036d5   Thumb Code   414  stm32g4xx_hal_tim.o(i.HAL_TIM_ConfigClockSource)
    HAL_TIM_PWM_ConfigChannel                0x08003879   Thumb Code   848  stm32g4xx_hal_tim.o(i.HAL_TIM_PWM_ConfigChannel)
    HAL_TIM_PWM_Init                         0x08003bdd   Thumb Code    98  stm32g4xx_hal_tim.o(i.HAL_TIM_PWM_Init)
    HAL_TIM_PWM_MspInit                      0x08003c3f   Thumb Code     2  stm32g4xx_hal_tim.o(i.HAL_TIM_PWM_MspInit)
    HAL_TIM_SlaveConfigSynchro               0x08003c41   Thumb Code    86  stm32g4xx_hal_tim.o(i.HAL_TIM_SlaveConfigSynchro)
    HAL_UARTEx_DisableFifoMode               0x08003c97   Thumb Code    62  stm32g4xx_hal_uart_ex.o(i.HAL_UARTEx_DisableFifoMode)
    HAL_UARTEx_SetRxFifoThreshold            0x08003cd5   Thumb Code   134  stm32g4xx_hal_uart_ex.o(i.HAL_UARTEx_SetRxFifoThreshold)
    HAL_UARTEx_SetTxFifoThreshold            0x08003d61   Thumb Code   134  stm32g4xx_hal_uart_ex.o(i.HAL_UARTEx_SetTxFifoThreshold)
    HAL_UART_Init                            0x08003ded   Thumb Code   110  stm32g4xx_hal_uart.o(i.HAL_UART_Init)
    HAL_UART_MspInit                         0x08003e5d   Thumb Code   180  usart.o(i.HAL_UART_MspInit)
    HardFault_Handler                        0x08003f29   Thumb Code     6  stm32g4xx_mc_it.o(i.HardFault_Handler)
    MCI_Clear_Iqdref                         0x08004025   Thumb Code    16  mc_interface.o(i.MCI_Clear_Iqdref)
    MCI_ExecBufferedCommands                 0x08004035   Thumb Code   114  mc_interface.o(i.MCI_ExecBufferedCommands)
    MCI_ExecSpeedRamp                        0x080040a7   Thumb Code    14  mc_interface.o(i.MCI_ExecSpeedRamp)
    MCI_ExecTorqueRamp                       0x080040b5   Thumb Code    18  mc_interface.o(i.MCI_ExecTorqueRamp)
    MCI_FaultAcknowledged                    0x080040c7   Thumb Code    36  mc_interface.o(i.MCI_FaultAcknowledged)
    MCI_FaultProcessing                      0x080040eb   Thumb Code    18  mc_interface.o(i.MCI_FaultProcessing)
    MCI_GetAvrgMecSpeedUnit                  0x080040fd   Thumb Code    16  mc_interface.o(i.MCI_GetAvrgMecSpeedUnit)
    MCI_GetControlMode                       0x0800410d   Thumb Code     4  mc_interface.o(i.MCI_GetControlMode)
    MCI_GetCurrentFaults                     0x08004111   Thumb Code     4  mc_interface.o(i.MCI_GetCurrentFaults)
    MCI_GetFaultState                        0x08004115   Thumb Code    10  mc_interface.o(i.MCI_GetFaultState)
    MCI_GetIab                               0x0800411f   Thumb Code     6  mc_interface.o(i.MCI_GetIab)
    MCI_GetIalphabeta                        0x08004125   Thumb Code     6  mc_interface.o(i.MCI_GetIalphabeta)
    MCI_GetIqd                               0x0800412b   Thumb Code     6  mc_interface.o(i.MCI_GetIqd)
    MCI_GetIqdref                            0x08004131   Thumb Code     6  mc_interface.o(i.MCI_GetIqdref)
    MCI_GetLastRampFinalDuration             0x08004137   Thumb Code     4  mc_interface.o(i.MCI_GetLastRampFinalDuration)
    MCI_GetLastRampFinalSpeed                0x0800413b   Thumb Code     6  mc_interface.o(i.MCI_GetLastRampFinalSpeed)
    MCI_GetLastRampFinalTorque               0x08004141   Thumb Code     6  mc_interface.o(i.MCI_GetLastRampFinalTorque)
    MCI_GetMecSpeedRefUnit                   0x08004147   Thumb Code     6  mc_interface.o(i.MCI_GetMecSpeedRefUnit)
    MCI_GetOccurredFaults                    0x0800414d   Thumb Code     4  mc_interface.o(i.MCI_GetOccurredFaults)
    MCI_GetSTMState                          0x08004151   Thumb Code     4  mc_interface.o(i.MCI_GetSTMState)
    MCI_GetTeref                             0x08004155   Thumb Code     8  mc_interface.o(i.MCI_GetTeref)
    MCI_GetValphabeta                        0x0800415d   Thumb Code     8  mc_interface.o(i.MCI_GetValphabeta)
    MCI_GetVqd                               0x08004165   Thumb Code     8  mc_interface.o(i.MCI_GetVqd)
    MCI_Init                                 0x0800416d   Thumb Code    28  mc_interface.o(i.MCI_Init)
    MCI_SetCurrentReferences                 0x08004189   Thumb Code    20  mc_interface.o(i.MCI_SetCurrentReferences)
    MCI_StartMotor                           0x0800419d   Thumb Code    38  mc_interface.o(i.MCI_StartMotor)
    MCI_StopMotor                            0x080041c3   Thumb Code    48  mc_interface.o(i.MCI_StopMotor)
    MCI_StopRamp                             0x080041f3   Thumb Code     6  mc_interface.o(i.MCI_StopRamp)
    MCM_Clarke                               0x080041f9   Thumb Code    72  mc_math.o(i.MCM_Clarke)
    MCM_Park                                 0x08004245   Thumb Code   122  mc_math.o(i.MCM_Park)
    MCM_Rev_Park                             0x080042c9   Thumb Code    54  mc_math.o(i.MCM_Rev_Park)
    MCM_Sqrt                                 0x08004301   Thumb Code    28  mc_math.o(i.MCM_Sqrt)
    MCM_Trig_Functions                       0x08004321   Thumb Code    22  mc_math.o(i.MCM_Trig_Functions)
    MCPA_cfgLog                              0x0800433d   Thumb Code   238  mcpa.o(i.MCPA_cfgLog)
    MCPA_dataLog                             0x0800442d   Thumb Code   414  mcpa.o(i.MCPA_dataLog)
    MCPA_flushDataLog                        0x080045d1   Thumb Code   124  mcpa.o(i.MCPA_flushDataLog)
    MCP_ReceivedPacket                       0x0800464d   Thumb Code   282  mcp.o(i.MCP_ReceivedPacket)
    MC_GetSTMStateMotor1                     0x08004771   Thumb Code     8  mc_api.o(i.MC_GetSTMStateMotor1)
    MC_RunMotorControlTasks                  0x0800477d   Thumb Code    22  mc_tasks.o(i.MC_RunMotorControlTasks)
    MC_Scheduler                             0x08004799   Thumb Code   106  mc_tasks.o(i.MC_Scheduler)
    MC_StartMotor1                           0x0800480d   Thumb Code     8  mc_api.o(i.MC_StartMotor1)
    MC_StopMotor1                            0x08004819   Thumb Code     8  mc_api.o(i.MC_StopMotor1)
    MCboot                                   0x08004825   Thumb Code   196  mc_tasks.o(i.MCboot)
    MPM_CalcElMotorPower                     0x08004925   Thumb Code    70  motor_power_measurement.o(i.MPM_CalcElMotorPower)
    MPM_Clear                                0x0800496b   Thumb Code    26  motor_power_measurement.o(i.MPM_Clear)
    MPM_GetAvrgElMotorPowerW                 0x08004985   Thumb Code     6  motor_power_measurement.o(i.MPM_GetAvrgElMotorPowerW)
    MX_ADC1_Init                             0x0800498d   Thumb Code   234  adc.o(i.MX_ADC1_Init)
    MX_ADC2_Init                             0x08004a85   Thumb Code   154  adc.o(i.MX_ADC2_Init)
    MX_CORDIC_Init                           0x08004b2d   Thumb Code    28  cordic.o(i.MX_CORDIC_Init)
    MX_DMA_Init                              0x08004b51   Thumb Code    40  dma.o(i.MX_DMA_Init)
    MX_GPIO_Init                             0x08004b7d   Thumb Code   100  gpio.o(i.MX_GPIO_Init)
    MX_MotorControl_Init                     0x08004be9   Thumb Code    44  motorcontrol.o(i.MX_MotorControl_Init)
    MX_OPAMP1_Init                           0x08004c1d   Thumb Code    42  opamp.o(i.MX_OPAMP1_Init)
    MX_OPAMP2_Init                           0x08004c51   Thumb Code    42  opamp.o(i.MX_OPAMP2_Init)
    MX_TIM1_Init                             0x08004c85   Thumb Code   452  tim.o(i.MX_TIM1_Init)
    MX_TIM2_Init                             0x08004e59   Thumb Code   136  tim.o(i.MX_TIM2_Init)
    MX_USART1_UART_Init                      0x08004ee5   Thumb Code   100  usart.o(i.MX_USART1_UART_Init)
    NTC_CalcAvTemp                           0x08004f51   Thumb Code    58  ntc_temperature_sensor.o(i.NTC_CalcAvTemp)
    NTC_Clear                                0x08004f8b   Thumb Code     6  ntc_temperature_sensor.o(i.NTC_Clear)
    NTC_GetAvTemp_C                          0x08004f91   Thumb Code    34  ntc_temperature_sensor.o(i.NTC_GetAvTemp_C)
    NTC_Init                                 0x08004fb3   Thumb Code    36  ntc_temperature_sensor.o(i.NTC_Init)
    NTC_SetFaultState                        0x08004fd7   Thumb Code    24  ntc_temperature_sensor.o(i.NTC_SetFaultState)
    PID_GetKD                                0x08004fef   Thumb Code     6  pid_regulator.o(i.PID_GetKD)
    PID_GetKDDivisorPOW2                     0x08004ff5   Thumb Code     4  pid_regulator.o(i.PID_GetKDDivisorPOW2)
    PID_GetKI                                0x08004ff9   Thumb Code     6  pid_regulator.o(i.PID_GetKI)
    PID_GetKIDivisorPOW2                     0x08004fff   Thumb Code     4  pid_regulator.o(i.PID_GetKIDivisorPOW2)
    PID_GetKP                                0x08005003   Thumb Code     6  pid_regulator.o(i.PID_GetKP)
    PID_GetKPDivisorPOW2                     0x08005009   Thumb Code     4  pid_regulator.o(i.PID_GetKPDivisorPOW2)
    PID_HandleInit                           0x0800500d   Thumb Code    20  pid_regulator.o(i.PID_HandleInit)
    PID_SetIntegralTerm                      0x08005021   Thumb Code     4  pid_regulator.o(i.PID_SetIntegralTerm)
    PID_SetKD                                0x08005025   Thumb Code     4  pid_regulator.o(i.PID_SetKD)
    PID_SetKDDivisorPOW2                     0x08005029   Thumb Code    12  pid_regulator.o(i.PID_SetKDDivisorPOW2)
    PID_SetKI                                0x08005035   Thumb Code     4  pid_regulator.o(i.PID_SetKI)
    PID_SetKIDivisorPOW2                     0x08005039   Thumb Code    36  pid_regulator.o(i.PID_SetKIDivisorPOW2)
    PID_SetKP                                0x0800505d   Thumb Code     4  pid_regulator.o(i.PID_SetKP)
    PID_SetKPDivisorPOW2                     0x08005061   Thumb Code    12  pid_regulator.o(i.PID_SetKPDivisorPOW2)
    PID_SetLowerIntegralTermLimit            0x0800506d   Thumb Code     4  pid_regulator.o(i.PID_SetLowerIntegralTermLimit)
    PID_SetUpperIntegralTermLimit            0x08005071   Thumb Code     4  pid_regulator.o(i.PID_SetUpperIntegralTermLimit)
    PI_Controller                            0x08005075   Thumb Code   122  pid_regulator.o(i.PI_Controller)
    PQD_CalcElMotorPower                     0x080050f5   Thumb Code    90  pqd_motor_power_measurement.o(i.PQD_CalcElMotorPower)
    PWMC_CheckOverCurrent                    0x08005155   Thumb Code     4  pwm_curr_fdbk.o(i.PWMC_CheckOverCurrent)
    PWMC_CurrentReadingCalibr                0x08005159   Thumb Code    66  pwm_curr_fdbk.o(i.PWMC_CurrentReadingCalibr)
    PWMC_GetPhaseCurrents                    0x0800519b   Thumb Code     4  pwm_curr_fdbk.o(i.PWMC_GetPhaseCurrents)
    PWMC_SetPhaseVoltage                     0x0800519f   Thumb Code   526  pwm_curr_fdbk.o(i.PWMC_SetPhaseVoltage)
    PWMC_SwitchOffPWM                        0x080053ad   Thumb Code     4  pwm_curr_fdbk.o(i.PWMC_SwitchOffPWM)
    PWMC_SwitchOnPWM                         0x080053b1   Thumb Code     4  pwm_curr_fdbk.o(i.PWMC_SwitchOnPWM)
    R3_2_BRK2_IRQHandler                     0x080054ad   Thumb Code    66  r3_2_g4xx_pwm_curr_fdbk.o(i.R3_2_BRK2_IRQHandler)
    R3_2_BRK_IRQHandler                      0x080054ef   Thumb Code    34  r3_2_g4xx_pwm_curr_fdbk.o(i.R3_2_BRK_IRQHandler)
    R3_2_CurrentReadingPolarization          0x08005511   Thumb Code   448  r3_2_g4xx_pwm_curr_fdbk.o(i.R3_2_CurrentReadingPolarization)
    R3_2_GetOffsetCalib                      0x080056e5   Thumb Code    16  r3_2_g4xx_pwm_curr_fdbk.o(i.R3_2_GetOffsetCalib)
    R3_2_GetPhaseCurrents                    0x080056f5   Thumb Code   290  r3_2_g4xx_pwm_curr_fdbk.o(i.R3_2_GetPhaseCurrents)
    R3_2_Init                                0x080058d1   Thumb Code   676  r3_2_g4xx_pwm_curr_fdbk.o(i.R3_2_Init)
    R3_2_IsOverCurrentOccurred               0x08005b79   Thumb Code    38  r3_2_g4xx_pwm_curr_fdbk.o(i.R3_2_IsOverCurrentOccurred)
    R3_2_RLDetectionModeDisable              0x08005ba1   Thumb Code   226  r3_2_g4xx_pwm_curr_fdbk.o(i.R3_2_RLDetectionModeDisable)
    R3_2_RLDetectionModeEnable               0x08005c95   Thumb Code   174  r3_2_g4xx_pwm_curr_fdbk.o(i.R3_2_RLDetectionModeEnable)
    R3_2_RLDetectionModeSetDuty              0x08005d55   Thumb Code   122  r3_2_g4xx_pwm_curr_fdbk.o(i.R3_2_RLDetectionModeSetDuty)
    R3_2_SetADCSampPointPolarization         0x08005f4d   Thumb Code    54  r3_2_g4xx_pwm_curr_fdbk.o(i.R3_2_SetADCSampPointPolarization)
    R3_2_SetADCSampPointSectX                0x08005f89   Thumb Code   132  r3_2_g4xx_pwm_curr_fdbk.o(i.R3_2_SetADCSampPointSectX)
    R3_2_SetOffsetCalib                      0x0800610d   Thumb Code    22  r3_2_g4xx_pwm_curr_fdbk.o(i.R3_2_SetOffsetCalib)
    R3_2_SwitchOffPWM                        0x08006123   Thumb Code   120  r3_2_g4xx_pwm_curr_fdbk.o(i.R3_2_SwitchOffPWM)
    R3_2_SwitchOnPWM                         0x0800619b   Thumb Code   200  r3_2_g4xx_pwm_curr_fdbk.o(i.R3_2_SwitchOnPWM)
    R3_2_TIMx_UP_IRQHandler                  0x08006263   Thumb Code   152  r3_2_g4xx_pwm_curr_fdbk.o(i.R3_2_TIMx_UP_IRQHandler)
    R3_2_TurnOnLowSides                      0x080062fb   Thumb Code    96  r3_2_g4xx_pwm_curr_fdbk.o(i.R3_2_TurnOnLowSides)
    RCM_ExecNextConv                         0x0800635d   Thumb Code   134  regular_conversion_manager.o(i.RCM_ExecNextConv)
    RCM_ExecRegularConv                      0x080063f5   Thumb Code   302  regular_conversion_manager.o(i.RCM_ExecRegularConv)
    RCM_ExecUserConv                         0x08006539   Thumb Code    76  regular_conversion_manager.o(i.RCM_ExecUserConv)
    RCM_ReadOngoingConv                      0x08006591   Thumb Code    62  regular_conversion_manager.o(i.RCM_ReadOngoingConv)
    RCM_RegisterRegConv                      0x080065dd   Thumb Code   288  regular_conversion_manager.o(i.RCM_RegisterRegConv)
    REMNG_Init                               0x0800670d   Thumb Code    16  ramp_ext_mngr.o(i.REMNG_Init)
    RI_GetIDSize                             0x0800671d   Thumb Code    32  register_interface.o(i.RI_GetIDSize)
    RI_GetPtrReg                             0x0800673d   Thumb Code   186  register_interface.o(i.RI_GetPtrReg)
    RI_GetRegCommandParser                   0x08006805   Thumb Code  1900  register_interface.o(i.RI_GetRegCommandParser)
    RI_SetRegCommandParser                   0x08006f99   Thumb Code  1176  register_interface.o(i.RI_SetRegCommandParser)
    RVBS_CalcAvVbus                          0x08007449   Thumb Code   102  r_divider_bus_voltage_sensor.o(i.RVBS_CalcAvVbus)
    RVBS_CheckFaultState                     0x080074af   Thumb Code    24  r_divider_bus_voltage_sensor.o(i.RVBS_CheckFaultState)
    RVBS_Clear                               0x080074c7   Thumb Code    44  r_divider_bus_voltage_sensor.o(i.RVBS_Clear)
    RVBS_Init                                0x080074f3   Thumb Code    22  r_divider_bus_voltage_sensor.o(i.RVBS_Init)
    SPD_GetAvrgMecSpeedUnit                  0x08007509   Thumb Code     6  speed_pos_fdbk.o(i.SPD_GetAvrgMecSpeedUnit)
    SPD_GetElAngle                           0x0800750f   Thumb Code     6  speed_pos_fdbk.o(i.SPD_GetElAngle)
    SPD_GetInstElSpeedDpp                    0x08007515   Thumb Code     6  speed_pos_fdbk.o(i.SPD_GetInstElSpeedDpp)
    SPD_GetS16Speed                          0x0800751b   Thumb Code    20  speed_pos_fdbk.o(i.SPD_GetS16Speed)
    SPD_IsMecSpeedReliable                   0x0800752f   Thumb Code    96  speed_pos_fdbk.o(i.SPD_IsMecSpeedReliable)
    STC_CalcTorqueReference                  0x0800758f   Thumb Code    80  speed_torq_ctrl.o(i.STC_CalcTorqueReference)
    STC_Clear                                0x080075df   Thumb Code    16  speed_torq_ctrl.o(i.STC_Clear)
    STC_ExecRamp                             0x080075ef   Thumb Code   140  speed_torq_ctrl.o(i.STC_ExecRamp)
    STC_ForceSpeedReferenceToCurrentSpeed    0x0800767b   Thumb Code    16  speed_torq_ctrl.o(i.STC_ForceSpeedReferenceToCurrentSpeed)
    STC_GetDefaultIqdref                     0x0800768b   Thumb Code    16  speed_torq_ctrl.o(i.STC_GetDefaultIqdref)
    STC_GetMecSpeedRefUnit                   0x0800769b   Thumb Code     6  speed_torq_ctrl.o(i.STC_GetMecSpeedRefUnit)
    STC_GetMecSpeedRefUnitDefault            0x080076a1   Thumb Code     6  speed_torq_ctrl.o(i.STC_GetMecSpeedRefUnitDefault)
    STC_GetSpeedSensor                       0x080076a7   Thumb Code     4  speed_torq_ctrl.o(i.STC_GetSpeedSensor)
    STC_GetTorqueRef                         0x080076ab   Thumb Code     6  speed_torq_ctrl.o(i.STC_GetTorqueRef)
    STC_Init                                 0x080076b1   Thumb Code    32  speed_torq_ctrl.o(i.STC_Init)
    STC_SetControlMode                       0x080076d1   Thumb Code     8  speed_torq_ctrl.o(i.STC_SetControlMode)
    STC_StopRamp                             0x080076d9   Thumb Code     8  speed_torq_ctrl.o(i.STC_StopRamp)
    SysTick_Handler                          0x080076e1   Thumb Code    36  stm32g4xx_mc_it.o(i.SysTick_Handler)
    SystemClock_Config                       0x08007709   Thumb Code   158  main.o(i.SystemClock_Config)
    SystemInit                               0x080077a9   Thumb Code    12  system_stm32g4xx.o(i.SystemInit)
    TIM1_BRK_TIM15_IRQHandler                0x080077b9   Thumb Code    54  stm32g4xx_mc_it.o(i.TIM1_BRK_TIM15_IRQHandler)
    TIM1_UP_TIM16_IRQHandler                 0x080077fd   Thumb Code    14  stm32g4xx_mc_it.o(i.TIM1_UP_TIM16_IRQHandler)
    TIM2_IRQHandler                          0x08007815   Thumb Code    54  stm32g4xx_mc_it.o(i.TIM2_IRQHandler)
    TIM_Base_SetConfig                       0x08007851   Thumb Code   152  stm32g4xx_hal_tim.o(i.TIM_Base_SetConfig)
    TIM_OC2_SetConfig                        0x08007905   Thumb Code   136  stm32g4xx_hal_tim.o(i.TIM_OC2_SetConfig)
    TIM_TI1_SetConfig                        0x08007acd   Thumb Code   120  stm32g4xx_hal_tim.o(i.TIM_TI1_SetConfig)
    TSK_ChargeBootCapDelayHasElapsedM1       0x08007b45   Thumb Code    14  mc_tasks.o(i.TSK_ChargeBootCapDelayHasElapsedM1)
    TSK_HardwareFaultTask                    0x08007b59   Thumb Code    24  mc_tasks.o(i.TSK_HardwareFaultTask)
    TSK_HighFrequencyTask                    0x08007b79   Thumb Code   214  mc_tasks.o(i.TSK_HighFrequencyTask)
    TSK_MediumFrequencyTaskM1                0x08007c75   Thumb Code   420  mc_tasks.o(i.TSK_MediumFrequencyTaskM1)
    TSK_SafetyTask                           0x08007e2d   Thumb Code    26  mc_tasks.o(i.TSK_SafetyTask)
    TSK_SafetyTask_PWMOFF                    0x08007e4d   Thumb Code   128  mc_tasks.o(i.TSK_SafetyTask_PWMOFF)
    TSK_SetChargeBootCapDelayM1              0x08007ee9   Thumb Code     6  mc_tasks.o(i.TSK_SetChargeBootCapDelayM1)
    TSK_SetStopPermanencyTimeM1              0x08007ef5   Thumb Code     6  mc_tasks.o(i.TSK_SetStopPermanencyTimeM1)
    TSK_StopPermanencyTimeHasElapsedM1       0x08007f01   Thumb Code    14  mc_tasks.o(i.TSK_StopPermanencyTimeHasElapsedM1)
    UART_AdvFeatureConfig                    0x08007f15   Thumb Code   218  stm32g4xx_hal_uart.o(i.UART_AdvFeatureConfig)
    UART_CheckIdleState                      0x08007fef   Thumb Code   100  stm32g4xx_hal_uart.o(i.UART_CheckIdleState)
    UART_SetConfig                           0x08008055   Thumb Code   620  stm32g4xx_hal_uart.o(i.UART_SetConfig)
    UART_WaitOnFlagUntilTimeout              0x080082d9   Thumb Code   228  stm32g4xx_hal_uart.o(i.UART_WaitOnFlagUntilTimeout)
    UASPEP_IDLE_ENABLE                       0x080083bd   Thumb Code    26  usart_aspep_driver.o(i.UASPEP_IDLE_ENABLE)
    UASPEP_INIT                              0x080083d9   Thumb Code   168  usart_aspep_driver.o(i.UASPEP_INIT)
    UASPEP_RECEIVE_BUFFER                    0x08008485   Thumb Code    74  usart_aspep_driver.o(i.UASPEP_RECEIVE_BUFFER)
    UASPEP_SEND_PACKET                       0x080084d5   Thumb Code    74  usart_aspep_driver.o(i.UASPEP_SEND_PACKET)
    UI_HandleStartStopButton_cb              0x08008525   Thumb Code    24  mc_tasks.o(i.UI_HandleStartStopButton_cb)
    USART1_IRQHandler                        0x0800853d   Thumb Code   234  stm32g4xx_mc_it.o(i.USART1_IRQHandler)
    VBS_GetAvBusVoltage_V                    0x08008641   Thumb Code    10  bus_voltage_sensor.o(i.VBS_GetAvBusVoltage_V)
    main                                     0x0800864b   Thumb Code   166  main.o(i.main)
    mc_lock_pins                             0x080086f1   Thumb Code   306  mc_tasks.o(i.mc_lock_pins)
    startTimers                              0x0800883d   Thumb Code   100  pwm_common.o(i.startTimers)
    waitForPolarizationEnd                   0x080088a9   Thumb Code    72  pwm_common.o(i.waitForPolarizationEnd)
    _fp_init                                 0x080088f1   Thumb Code    10  fpinit.o(x$fpl$fpinit)
    __fplib_config_fpu_vfp                   0x080088f9   Thumb Code     0  fpinit.o(x$fpl$fpinit)
    __fplib_config_pureend_doubles           0x080088f9   Thumb Code     0  fpinit.o(x$fpl$fpinit)
    R3_3_OPAMPParamsM1                       0x08008904   Data         108  mc_parameters.o(.constdata)
    R3_2_ParamsM1                            0x08008970   Data         204  mc_parameters.o(.constdata)
    CTL_BOARD                                0x08008a46   Data          16  mc_configuration_registers.o(.constdata)
    FIRMWARE_NAME                            0x08008a67   Data          24  mc_configuration_registers.o(.constdata)
    globalConfig_reg                         0x08008a7f   Data          10  mc_configuration_registers.o(.constdata)
    M1_MotorConfig_reg                       0x08008a97   Data          60  mc_configuration_registers.o(.constdata)
    UARTPrescTable                           0x08008bf2   Data          24  stm32g4xx_hal_uart.o(.constdata)
    AHBPrescTable                            0x08008c1a   Data          16  system_stm32g4xx.o(.constdata)
    APBPrescTable                            0x08008c2a   Data           8  system_stm32g4xx.o(.constdata)
    Region$$Table$$Base                      0x08008c5c   Number         0  anon$$obj.o(Region$$Table)
    Region$$Table$$Limit                     0x08008c7c   Number         0  anon$$obj.o(Region$$Table)
    pMCI                                     0x20000004   Data           4  motorcontrol.o(.data)
    PQD_MotorPowMeasM1                       0x20000008   Data         276  mc_config.o(.data)
    PIDSpeedHandle_M1                        0x2000011c   Data          44  mc_config.o(.data)
    PIDIqHandle_M1                           0x20000148   Data          44  mc_config.o(.data)
    PIDIdHandle_M1                           0x20000174   Data          44  mc_config.o(.data)
    SpeednTorqCtrlM1                         0x200001a0   Data          52  mc_config.o(.data)
    PWM_Handle_M1                            0x200001d4   Data         152  mc_config.o(.data)
    HALL_M1                                  0x2000026c   Data         200  mc_config.o(.data)
    TempSensor_M1                            0x20000334   Data          40  mc_config.o(.data)
    BusVoltageSensor_M1                      0x2000035c   Data          40  mc_config.o(.data)
    RampExtMngrHFParamsM1                    0x20000384   Data          24  mc_config.o(.data)
    CircleLimitationM1                       0x2000039c   Data         180  mc_config.o(.data)
    pSTC                                     0x20000450   Data           4  mc_config.o(.data)
    pPIDIq                                   0x20000454   Data           4  mc_config.o(.data)
    pPIDId                                   0x20000458   Data           4  mc_config.o(.data)
    pTemperatureSensor                       0x2000045c   Data           4  mc_config.o(.data)
    pMPM                                     0x20000460   Data           4  mc_config.o(.data)
    aspepOverUartA                           0x20000478   Data         116  mcp_config.o(.data)
    MCP_Over_UartA                           0x200004ec   Data          16  mcp_config.o(.data)
    MCPA_UART_A                              0x200004fc   Data          44  mcp_config.o(.data)
    MCP_UserCallBack                         0x20000528   Data           8  mcp_config.o(.data)
    PWR_BOARD_NAME                           0x20000558   Data           4  mc_configuration_registers.o(.data)
    FOCConfig_reg                            0x2000055c   Data           4  mc_configuration_registers.o(.data)
    MotorConfig_reg                          0x20000560   Data           4  mc_configuration_registers.o(.data)
    ApplicationConfig_reg                    0x20000564   Data           4  mc_configuration_registers.o(.data)
    uwTickPrio                               0x20000568   Data           4  stm32g4xx_hal.o(.data)
    uwTickFreq                               0x2000056c   Data           4  stm32g4xx_hal.o(.data)
    uwTick                                   0x20000570   Data           4  stm32g4xx_hal.o(.data)
    SystemCoreClock                          0x20000574   Data           4  system_stm32g4xx.o(.data)
    GLOBAL_TIMESTAMP                         0x20000578   Data           4  mcpa.o(.data)
    hadc1                                    0x2000057c   Data         108  adc.o(.bss)
    hadc2                                    0x200005e8   Data         108  adc.o(.bss)
    hcordic                                  0x20000654   Data          40  cordic.o(.bss)
    Mci                                      0x20000688   Data          32  mc_config.o(.bss)
    dataPtrTableA                            0x200018bc   Data          40  mcp_config.o(.bss)
    dataPtrTableBuffA                        0x200018e4   Data          40  mcp_config.o(.bss)
    dataSizeTableA                           0x2000190c   Data          10  mcp_config.o(.bss)
    dataSizeTableBuffA                       0x20001916   Data          10  mcp_config.o(.bss)
    hopamp1                                  0x20001990   Data          60  opamp.o(.bss)
    hopamp2                                  0x200019cc   Data          60  opamp.o(.bss)
    htim1                                    0x20001a08   Data          76  tim.o(.bss)
    htim2                                    0x20001a54   Data          76  tim.o(.bss)
    huart1                                   0x20001aa0   Data         144  usart.o(.bss)
    hdma_usart1_rx                           0x20001b30   Data          96  usart.o(.bss)
    hdma_usart1_tx                           0x20001b90   Data          96  usart.o(.bss)
    __libspace_start                         0x20001bf0   Data          96  libspace.o(.bss)
    __temporary_stack_top$libspace           0x20001c50   Data           0  libspace.o(.bss)



==============================================================================

Memory Map of the image

  Image Entry point : 0x080001d9

  Load Region LR_IROM1 (Base: 0x08000000, Size: 0x000091f8, Max: 0x00020000, ABSOLUTE, COMPRESSED[0x00008de4])

    Execution Region ER_IROM1 (Exec base: 0x08000000, Load base: 0x08000000, Size: 0x00008c7c, Max: 0x00020000, ABSOLUTE)

    Exec Addr    Load Addr    Size         Type   Attr      Idx    E Section Name        Object

    0x08000000   0x08000000   0x000001d8   Data   RO            3    RESET               startup_stm32g431xx.o
    0x080001d8   0x080001d8   0x00000008   Code   RO         7405  * !!!main             c_w.l(__main.o)
    0x080001e0   0x080001e0   0x00000034   Code   RO         7601    !!!scatter          c_w.l(__scatter.o)
    0x08000214   0x08000214   0x0000005a   Code   RO         7599    !!dczerorl2         c_w.l(__dczerorl2.o)
    0x0800026e   0x0800026e   0x00000002   PAD
    0x08000270   0x08000270   0x0000001c   Code   RO         7603    !!handler_zi        c_w.l(__scatter_zi.o)
    0x0800028c   0x0800028c   0x00000002   Code   RO         7467    .ARM.Collect$$libinit$$00000000  c_w.l(libinit.o)
    0x0800028e   0x0800028e   0x00000004   Code   RO         7479    .ARM.Collect$$libinit$$00000001  c_w.l(libinit2.o)
    0x08000292   0x08000292   0x00000000   Code   RO         7482    .ARM.Collect$$libinit$$00000004  c_w.l(libinit2.o)
    0x08000292   0x08000292   0x00000000   Code   RO         7485    .ARM.Collect$$libinit$$0000000A  c_w.l(libinit2.o)
    0x08000292   0x08000292   0x00000000   Code   RO         7487    .ARM.Collect$$libinit$$0000000C  c_w.l(libinit2.o)
    0x08000292   0x08000292   0x00000000   Code   RO         7489    .ARM.Collect$$libinit$$0000000E  c_w.l(libinit2.o)
    0x08000292   0x08000292   0x00000000   Code   RO         7492    .ARM.Collect$$libinit$$00000011  c_w.l(libinit2.o)
    0x08000292   0x08000292   0x00000000   Code   RO         7494    .ARM.Collect$$libinit$$00000013  c_w.l(libinit2.o)
    0x08000292   0x08000292   0x00000000   Code   RO         7496    .ARM.Collect$$libinit$$00000015  c_w.l(libinit2.o)
    0x08000292   0x08000292   0x00000000   Code   RO         7498    .ARM.Collect$$libinit$$00000017  c_w.l(libinit2.o)
    0x08000292   0x08000292   0x00000000   Code   RO         7500    .ARM.Collect$$libinit$$00000019  c_w.l(libinit2.o)
    0x08000292   0x08000292   0x00000000   Code   RO         7502    .ARM.Collect$$libinit$$0000001B  c_w.l(libinit2.o)
    0x08000292   0x08000292   0x00000000   Code   RO         7504    .ARM.Collect$$libinit$$0000001D  c_w.l(libinit2.o)
    0x08000292   0x08000292   0x00000000   Code   RO         7506    .ARM.Collect$$libinit$$0000001F  c_w.l(libinit2.o)
    0x08000292   0x08000292   0x00000000   Code   RO         7508    .ARM.Collect$$libinit$$00000021  c_w.l(libinit2.o)
    0x08000292   0x08000292   0x00000000   Code   RO         7510    .ARM.Collect$$libinit$$00000023  c_w.l(libinit2.o)
    0x08000292   0x08000292   0x00000000   Code   RO         7512    .ARM.Collect$$libinit$$00000025  c_w.l(libinit2.o)
    0x08000292   0x08000292   0x00000000   Code   RO         7516    .ARM.Collect$$libinit$$0000002C  c_w.l(libinit2.o)
    0x08000292   0x08000292   0x00000000   Code   RO         7518    .ARM.Collect$$libinit$$0000002E  c_w.l(libinit2.o)
    0x08000292   0x08000292   0x00000000   Code   RO         7520    .ARM.Collect$$libinit$$00000030  c_w.l(libinit2.o)
    0x08000292   0x08000292   0x00000000   Code   RO         7522    .ARM.Collect$$libinit$$00000032  c_w.l(libinit2.o)
    0x08000292   0x08000292   0x00000002   Code   RO         7523    .ARM.Collect$$libinit$$00000033  c_w.l(libinit2.o)
    0x08000294   0x08000294   0x00000002   Code   RO         7554    .ARM.Collect$$libshutdown$$00000000  c_w.l(libshutdown.o)
    0x08000296   0x08000296   0x00000000   Code   RO         7580    .ARM.Collect$$libshutdown$$00000002  c_w.l(libshutdown2.o)
    0x08000296   0x08000296   0x00000000   Code   RO         7582    .ARM.Collect$$libshutdown$$00000004  c_w.l(libshutdown2.o)
    0x08000296   0x08000296   0x00000000   Code   RO         7584    .ARM.Collect$$libshutdown$$00000006  c_w.l(libshutdown2.o)
    0x08000296   0x08000296   0x00000000   Code   RO         7587    .ARM.Collect$$libshutdown$$00000009  c_w.l(libshutdown2.o)
    0x08000296   0x08000296   0x00000000   Code   RO         7590    .ARM.Collect$$libshutdown$$0000000C  c_w.l(libshutdown2.o)
    0x08000296   0x08000296   0x00000000   Code   RO         7592    .ARM.Collect$$libshutdown$$0000000E  c_w.l(libshutdown2.o)
    0x08000296   0x08000296   0x00000000   Code   RO         7595    .ARM.Collect$$libshutdown$$00000011  c_w.l(libshutdown2.o)
    0x08000296   0x08000296   0x00000002   Code   RO         7596    .ARM.Collect$$libshutdown$$00000012  c_w.l(libshutdown2.o)
    0x08000298   0x08000298   0x00000000   Code   RO         7423    .ARM.Collect$$rtentry$$00000000  c_w.l(__rtentry.o)
    0x08000298   0x08000298   0x00000000   Code   RO         7438    .ARM.Collect$$rtentry$$00000002  c_w.l(__rtentry2.o)
    0x08000298   0x08000298   0x00000006   Code   RO         7450    .ARM.Collect$$rtentry$$00000004  c_w.l(__rtentry4.o)
    0x0800029e   0x0800029e   0x00000000   Code   RO         7440    .ARM.Collect$$rtentry$$00000009  c_w.l(__rtentry2.o)
    0x0800029e   0x0800029e   0x00000004   Code   RO         7441    .ARM.Collect$$rtentry$$0000000A  c_w.l(__rtentry2.o)
    0x080002a2   0x080002a2   0x00000000   Code   RO         7443    .ARM.Collect$$rtentry$$0000000C  c_w.l(__rtentry2.o)
    0x080002a2   0x080002a2   0x00000008   Code   RO         7444    .ARM.Collect$$rtentry$$0000000D  c_w.l(__rtentry2.o)
    0x080002aa   0x080002aa   0x00000002   Code   RO         7471    .ARM.Collect$$rtexit$$00000000  c_w.l(rtexit.o)
    0x080002ac   0x080002ac   0x00000000   Code   RO         7527    .ARM.Collect$$rtexit$$00000002  c_w.l(rtexit2.o)
    0x080002ac   0x080002ac   0x00000004   Code   RO         7528    .ARM.Collect$$rtexit$$00000003  c_w.l(rtexit2.o)
    0x080002b0   0x080002b0   0x00000006   Code   RO         7529    .ARM.Collect$$rtexit$$00000004  c_w.l(rtexit2.o)
    0x080002b6   0x080002b6   0x00000002   PAD
    0x080002b8   0x080002b8   0x00000040   Code   RO            4    .text               startup_stm32g431xx.o
    0x080002f8   0x080002f8   0x000000ee   Code   RO         7395    .text               c_w.l(lludivv7m.o)
    0x080003e6   0x080003e6   0x0000008a   Code   RO         7397    .text               c_w.l(rt_memcpy_v6.o)
    0x08000470   0x08000470   0x00000064   Code   RO         7399    .text               c_w.l(rt_memcpy_w.o)
    0x080004d4   0x080004d4   0x0000004e   Code   RO         7401    .text               c_w.l(rt_memclr_w.o)
    0x08000522   0x08000522   0x00000006   Code   RO         7403    .text               c_w.l(heapauxi.o)
    0x08000528   0x08000528   0x0000004a   Code   RO         7454    .text               c_w.l(sys_stackheap_outer.o)
    0x08000572   0x08000572   0x00000012   Code   RO         7456    .text               c_w.l(exit.o)
    0x08000584   0x08000584   0x00000008   Code   RO         7468    .text               c_w.l(libspace.o)
    0x0800058c   0x0800058c   0x0000000c   Code   RO         7524    .text               c_w.l(sys_exit.o)
    0x08000598   0x08000598   0x00000002   Code   RO         7543    .text               c_w.l(use_no_semi.o)
    0x0800059a   0x0800059a   0x00000000   Code   RO         7545    .text               c_w.l(indicate_semi.o)
    0x0800059a   0x0800059a   0x0000000c   Code   RO         1723    i.ADC1_2_IRQHandler  stm32g4xx_mc_it.o
    0x080005a6   0x080005a6   0x0000007c   Code   RO         2060    i.ASPEP_CheckBeacon  aspep.o
    0x08000622   0x08000622   0x00000016   Code   RO         2061    i.ASPEP_HWDMAReset  aspep.o
    0x08000638   0x08000638   0x0000009c   Code   RO         2062    i.ASPEP_HWDataReceivedIT  aspep.o
    0x080006d4   0x080006d4   0x00000094   Code   RO         2063    i.ASPEP_HWDataTransmittedIT  aspep.o
    0x08000768   0x08000768   0x000001ea   Code   RO         2064    i.ASPEP_RXframeProcess  aspep.o
    0x08000952   0x08000952   0x00000002   PAD
    0x08000954   0x08000954   0x000000d4   Code   RO         2065    i.ASPEP_TXframeProcess  aspep.o
    0x08000a28   0x08000a28   0x00000056   Code   RO         2066    i.ASPEP_getBuffer   aspep.o
    0x08000a7e   0x08000a7e   0x00000058   Code   RO         2068    i.ASPEP_sendPacket  aspep.o
    0x08000ad6   0x08000ad6   0x00000028   Code   RO         2070    i.ASPEP_start       aspep.o
    0x08000afe   0x08000afe   0x0000005c   Code   RO         6067    i.Circle_Limitation  circle_limitation.o
    0x08000b5a   0x08000b5a   0x00000002   PAD
    0x08000b5c   0x08000b5c   0x00000020   Code   RO         1724    i.DMA1_Channel2_IRQHandler  stm32g4xx_mc_it.o
    0x08000b7c   0x08000b7c   0x00000018   Code   RO         1725    i.EXTI9_5_IRQHandler  stm32g4xx_mc_it.o
    0x08000b94   0x08000b94   0x00000004   Code   RO           13    i.Error_Handler     main.o
    0x08000b98   0x08000b98   0x00000034   Code   RO          897    i.FOC_CalcCurrRef   mc_tasks.o
    0x08000bcc   0x08000bcc   0x0000006c   Code   RO          898    i.FOC_Clear         mc_tasks.o
    0x08000c38   0x08000c38   0x00000002   Code   RO          899    i.FOC_InitAdditionalMethods  mc_tasks.o
    0x08000c3a   0x08000c3a   0x00000094   Code   RO         6124    i.HALL_CalcAvrgMecSpeedUnit  hall_speed_pos_fdbk.o
    0x08000cce   0x08000cce   0x00000038   Code   RO         6125    i.HALL_CalcElAngle  hall_speed_pos_fdbk.o
    0x08000d06   0x08000d06   0x00000052   Code   RO         6126    i.HALL_Clear        hall_speed_pos_fdbk.o
    0x08000d58   0x08000d58   0x00000148   Code   RO         6127    i.HALL_Init         hall_speed_pos_fdbk.o
    0x08000ea0   0x08000ea0   0x000000d6   Code   RO         6128    i.HALL_Init_Electrical_Angle  hall_speed_pos_fdbk.o
    0x08000f76   0x08000f76   0x00000002   PAD
    0x08000f78   0x08000f78   0x00000318   Code   RO         6129    i.HALL_TIMx_CC_IRQHandler  hall_speed_pos_fdbk.o
    0x08001290   0x08001290   0x0000008a   Code   RO         6130    i.HALL_TIMx_UP_IRQHandler  hall_speed_pos_fdbk.o
    0x0800131a   0x0800131a   0x00000002   PAD
    0x0800131c   0x0800131c   0x000005dc   Code   RO         2543    i.HAL_ADCEx_InjectedConfigChannel  stm32g4xx_hal_adc_ex.o
    0x080018f8   0x080018f8   0x000000f8   Code   RO         2554    i.HAL_ADCEx_MultiModeConfigChannel  stm32g4xx_hal_adc_ex.o
    0x080019f0   0x080019f0   0x000004d8   Code   RO         2341    i.HAL_ADC_ConfigChannel  stm32g4xx_hal_adc.o
    0x08001ec8   0x08001ec8   0x00000240   Code   RO         2350    i.HAL_ADC_Init      stm32g4xx_hal_adc.o
    0x08002108   0x08002108   0x000000d0   Code   RO          373    i.HAL_ADC_MspInit   adc.o
    0x080021d8   0x080021d8   0x00000034   Code   RO         4168    i.HAL_CORDIC_Init   stm32g4xx_hal_cordic.o
    0x0800220c   0x0800220c   0x0000002c   Code   RO          422    i.HAL_CORDIC_MspInit  cordic.o
    0x08002238   0x08002238   0x00000128   Code   RO         3538    i.HAL_DMA_Init      stm32g4xx_hal_dma.o
    0x08002360   0x08002360   0x000001e4   Code   RO         3397    i.HAL_GPIO_Init     stm32g4xx_hal_gpio.o
    0x08002544   0x08002544   0x0000000c   Code   RO         2732    i.HAL_GetTick       stm32g4xx_hal.o
    0x08002550   0x08002550   0x00000010   Code   RO         2735    i.HAL_IncTick       stm32g4xx_hal.o
    0x08002560   0x08002560   0x0000001e   Code   RO         2736    i.HAL_Init          stm32g4xx_hal.o
    0x0800257e   0x0800257e   0x00000002   PAD
    0x08002580   0x08002580   0x00000044   Code   RO         2737    i.HAL_InitTick      stm32g4xx_hal.o
    0x080025c4   0x080025c4   0x00000038   Code   RO         2310    i.HAL_MspInit       stm32g4xx_hal_msp.o
    0x080025fc   0x080025fc   0x0000001e   Code   RO         4029    i.HAL_NVIC_EnableIRQ  stm32g4xx_hal_cortex.o
    0x0800261a   0x0800261a   0x00000002   PAD
    0x0800261c   0x0800261c   0x00000064   Code   RO         4035    i.HAL_NVIC_SetPriority  stm32g4xx_hal_cortex.o
    0x08002680   0x08002680   0x00000024   Code   RO         4036    i.HAL_NVIC_SetPriorityGrouping  stm32g4xx_hal_cortex.o
    0x080026a4   0x080026a4   0x000000ec   Code   RO         4274    i.HAL_OPAMP_Init    stm32g4xx_hal_opamp.o
    0x08002790   0x08002790   0x00000098   Code   RO         2145    i.HAL_OPAMP_MspInit  opamp.o
    0x08002828   0x08002828   0x000000c0   Code   RO         3785    i.HAL_PWREx_ControlVoltageScaling  stm32g4xx_hal_pwr_ex.o
    0x080028e8   0x080028e8   0x00000010   Code   RO         3797    i.HAL_PWREx_DisableUCPDDeadBattery  stm32g4xx_hal_pwr_ex.o
    0x080028f8   0x080028f8   0x000002c4   Code   RO         3080    i.HAL_RCCEx_PeriphCLKConfig  stm32g4xx_hal_rcc_ex.o
    0x08002bbc   0x08002bbc   0x00000208   Code   RO         2956    i.HAL_RCC_ClockConfig  stm32g4xx_hal_rcc.o
    0x08002dc4   0x08002dc4   0x00000010   Code   RO         2959    i.HAL_RCC_EnableCSS  stm32g4xx_hal_rcc.o
    0x08002dd4   0x08002dd4   0x0000000c   Code   RO         2962    i.HAL_RCC_GetHCLKFreq  stm32g4xx_hal_rcc.o
    0x08002de0   0x08002de0   0x00000024   Code   RO         2964    i.HAL_RCC_GetPCLK1Freq  stm32g4xx_hal_rcc.o
    0x08002e04   0x08002e04   0x00000024   Code   RO         2965    i.HAL_RCC_GetPCLK2Freq  stm32g4xx_hal_rcc.o
    0x08002e28   0x08002e28   0x00000070   Code   RO         2966    i.HAL_RCC_GetSysClockFreq  stm32g4xx_hal_rcc.o
    0x08002e98   0x08002e98   0x000004ca   Code   RO         2969    i.HAL_RCC_OscConfig  stm32g4xx_hal_rcc.o
    0x08003362   0x08003362   0x00000002   Code   RO         4039    i.HAL_SYSTICK_Callback  stm32g4xx_hal_cortex.o
    0x08003364   0x08003364   0x0000002c   Code   RO         4040    i.HAL_SYSTICK_Config  stm32g4xx_hal_cortex.o
    0x08003390   0x08003390   0x00000008   Code   RO         4041    i.HAL_SYSTICK_IRQHandler  stm32g4xx_hal_cortex.o
    0x08003398   0x08003398   0x000000bc   Code   RO         5053    i.HAL_TIMEx_ConfigBreakDeadTime  stm32g4xx_hal_tim_ex.o
    0x08003454   0x08003454   0x000000dc   Code   RO         5080    i.HAL_TIMEx_HallSensor_Init  stm32g4xx_hal_tim_ex.o
    0x08003530   0x08003530   0x00000002   Code   RO         5082    i.HAL_TIMEx_HallSensor_MspInit  stm32g4xx_hal_tim_ex.o
    0x08003532   0x08003532   0x00000002   PAD
    0x08003534   0x08003534   0x00000098   Code   RO         5090    i.HAL_TIMEx_MasterConfigSynchronization  stm32g4xx_hal_tim_ex.o
    0x080035cc   0x080035cc   0x00000062   Code   RO         4381    i.HAL_TIM_Base_Init  stm32g4xx_hal_tim.o
    0x0800362e   0x0800362e   0x00000002   PAD
    0x08003630   0x08003630   0x000000a4   Code   RO         2193    i.HAL_TIM_Base_MspInit  tim.o
    0x080036d4   0x080036d4   0x000001a4   Code   RO         4390    i.HAL_TIM_ConfigClockSource  stm32g4xx_hal_tim.o
    0x08003878   0x08003878   0x00000364   Code   RO         4453    i.HAL_TIM_PWM_ConfigChannel  stm32g4xx_hal_tim.o
    0x08003bdc   0x08003bdc   0x00000062   Code   RO         4456    i.HAL_TIM_PWM_Init  stm32g4xx_hal_tim.o
    0x08003c3e   0x08003c3e   0x00000002   Code   RO         4458    i.HAL_TIM_PWM_MspInit  stm32g4xx_hal_tim.o
    0x08003c40   0x08003c40   0x00000056   Code   RO         4470    i.HAL_TIM_SlaveConfigSynchro  stm32g4xx_hal_tim.o
    0x08003c96   0x08003c96   0x0000003e   Code   RO         5880    i.HAL_UARTEx_DisableFifoMode  stm32g4xx_hal_uart_ex.o
    0x08003cd4   0x08003cd4   0x0000008c   Code   RO         5888    i.HAL_UARTEx_SetRxFifoThreshold  stm32g4xx_hal_uart_ex.o
    0x08003d60   0x08003d60   0x0000008c   Code   RO         5889    i.HAL_UARTEx_SetTxFifoThreshold  stm32g4xx_hal_uart_ex.o
    0x08003dec   0x08003dec   0x0000006e   Code   RO         5501    i.HAL_UART_Init     stm32g4xx_hal_uart.o
    0x08003e5a   0x08003e5a   0x00000002   PAD
    0x08003e5c   0x08003e5c   0x000000cc   Code   RO         2247    i.HAL_UART_MspInit  usart.o
    0x08003f28   0x08003f28   0x00000006   Code   RO         1726    i.HardFault_Handler  stm32g4xx_mc_it.o
    0x08003f2e   0x08003f2e   0x00000002   PAD
    0x08003f30   0x08003f30   0x00000074   Code   RO         7121    i.LL_TIM_OC_EnablePreload  r3_2_g4xx_pwm_curr_fdbk.o
    0x08003fa4   0x08003fa4   0x00000080   Code   RO         7122    i.LL_TIM_OC_SetMode  r3_2_g4xx_pwm_curr_fdbk.o
    0x08004024   0x08004024   0x00000010   Code   RO         1393    i.MCI_Clear_Iqdref  mc_interface.o
    0x08004034   0x08004034   0x00000072   Code   RO         1394    i.MCI_ExecBufferedCommands  mc_interface.o
    0x080040a6   0x080040a6   0x0000000e   Code   RO         1395    i.MCI_ExecSpeedRamp  mc_interface.o
    0x080040b4   0x080040b4   0x00000012   Code   RO         1397    i.MCI_ExecTorqueRamp  mc_interface.o
    0x080040c6   0x080040c6   0x00000024   Code   RO         1399    i.MCI_FaultAcknowledged  mc_interface.o
    0x080040ea   0x080040ea   0x00000012   Code   RO         1400    i.MCI_FaultProcessing  mc_interface.o
    0x080040fc   0x080040fc   0x00000010   Code   RO         1401    i.MCI_GetAvrgMecSpeedUnit  mc_interface.o
    0x0800410c   0x0800410c   0x00000004   Code   RO         1404    i.MCI_GetControlMode  mc_interface.o
    0x08004110   0x08004110   0x00000004   Code   RO         1405    i.MCI_GetCurrentFaults  mc_interface.o
    0x08004114   0x08004114   0x0000000a   Code   RO         1407    i.MCI_GetFaultState  mc_interface.o
    0x0800411e   0x0800411e   0x00000006   Code   RO         1408    i.MCI_GetIab        mc_interface.o
    0x08004124   0x08004124   0x00000006   Code   RO         1410    i.MCI_GetIalphabeta  mc_interface.o
    0x0800412a   0x0800412a   0x00000006   Code   RO         1412    i.MCI_GetIqd        mc_interface.o
    0x08004130   0x08004130   0x00000006   Code   RO         1415    i.MCI_GetIqdref     mc_interface.o
    0x08004136   0x08004136   0x00000004   Code   RO         1417    i.MCI_GetLastRampFinalDuration  mc_interface.o
    0x0800413a   0x0800413a   0x00000006   Code   RO         1418    i.MCI_GetLastRampFinalSpeed  mc_interface.o
    0x08004140   0x08004140   0x00000006   Code   RO         1420    i.MCI_GetLastRampFinalTorque  mc_interface.o
    0x08004146   0x08004146   0x00000006   Code   RO         1421    i.MCI_GetMecSpeedRefUnit  mc_interface.o
    0x0800414c   0x0800414c   0x00000004   Code   RO         1423    i.MCI_GetOccurredFaults  mc_interface.o
    0x08004150   0x08004150   0x00000004   Code   RO         1426    i.MCI_GetSTMState   mc_interface.o
    0x08004154   0x08004154   0x00000008   Code   RO         1428    i.MCI_GetTeref      mc_interface.o
    0x0800415c   0x0800415c   0x00000008   Code   RO         1430    i.MCI_GetValphabeta  mc_interface.o
    0x08004164   0x08004164   0x00000008   Code   RO         1431    i.MCI_GetVqd        mc_interface.o
    0x0800416c   0x0800416c   0x0000001c   Code   RO         1432    i.MCI_Init          mc_interface.o
    0x08004188   0x08004188   0x00000014   Code   RO         1436    i.MCI_SetCurrentReferences  mc_interface.o
    0x0800419c   0x0800419c   0x00000026   Code   RO         1438    i.MCI_StartMotor    mc_interface.o
    0x080041c2   0x080041c2   0x00000030   Code   RO         1441    i.MCI_StopMotor     mc_interface.o
    0x080041f2   0x080041f2   0x00000006   Code   RO         1442    i.MCI_StopRamp      mc_interface.o
    0x080041f8   0x080041f8   0x0000004c   Code   RO         1336    i.MCM_Clarke        mc_math.o
    0x08004244   0x08004244   0x00000084   Code   RO         1337    i.MCM_Park          mc_math.o
    0x080042c8   0x080042c8   0x00000036   Code   RO         1338    i.MCM_Rev_Park      mc_math.o
    0x080042fe   0x080042fe   0x00000002   PAD
    0x08004300   0x08004300   0x00000020   Code   RO         1339    i.MCM_Sqrt          mc_math.o
    0x08004320   0x08004320   0x0000001c   Code   RO         1340    i.MCM_Trig_Functions  mc_math.o
    0x0800433c   0x0800433c   0x000000ee   Code   RO         7354    i.MCPA_cfgLog       mcpa.o
    0x0800442a   0x0800442a   0x00000002   PAD
    0x0800442c   0x0800442c   0x000001a4   Code   RO         7355    i.MCPA_dataLog      mcpa.o
    0x080045d0   0x080045d0   0x0000007c   Code   RO         7356    i.MCPA_flushDataLog  mcpa.o
    0x0800464c   0x0800464c   0x00000124   Code   RO         7324    i.MCP_ReceivedPacket  mcp.o
    0x08004770   0x08004770   0x0000000c   Code   RO          547    i.MC_GetSTMStateMotor1  mc_api.o
    0x0800477c   0x0800477c   0x0000001c   Code   RO          901    i.MC_RunMotorControlTasks  mc_tasks.o
    0x08004798   0x08004798   0x00000074   Code   RO          902    i.MC_Scheduler      mc_tasks.o
    0x0800480c   0x0800480c   0x0000000c   Code   RO          561    i.MC_StartMotor1    mc_api.o
    0x08004818   0x08004818   0x0000000c   Code   RO          563    i.MC_StopMotor1     mc_api.o
    0x08004824   0x08004824   0x00000100   Code   RO          903    i.MCboot            mc_tasks.o
    0x08004924   0x08004924   0x00000046   Code   RO         6188    i.MPM_CalcElMotorPower  motor_power_measurement.o
    0x0800496a   0x0800496a   0x0000001a   Code   RO         6189    i.MPM_Clear         motor_power_measurement.o
    0x08004984   0x08004984   0x00000006   Code   RO         6190    i.MPM_GetAvrgElMotorPowerW  motor_power_measurement.o
    0x0800498a   0x0800498a   0x00000002   PAD
    0x0800498c   0x0800498c   0x000000f8   Code   RO          374    i.MX_ADC1_Init      adc.o
    0x08004a84   0x08004a84   0x000000a8   Code   RO          375    i.MX_ADC2_Init      adc.o
    0x08004b2c   0x08004b2c   0x00000024   Code   RO          423    i.MX_CORDIC_Init    cordic.o
    0x08004b50   0x08004b50   0x0000002c   Code   RO          463    i.MX_DMA_Init       dma.o
    0x08004b7c   0x08004b7c   0x0000006c   Code   RO          348    i.MX_GPIO_Init      gpio.o
    0x08004be8   0x08004be8   0x00000034   Code   RO          487    i.MX_MotorControl_Init  motorcontrol.o
    0x08004c1c   0x08004c1c   0x00000034   Code   RO         2146    i.MX_OPAMP1_Init    opamp.o
    0x08004c50   0x08004c50   0x00000034   Code   RO         2147    i.MX_OPAMP2_Init    opamp.o
    0x08004c84   0x08004c84   0x000001d4   Code   RO         2195    i.MX_TIM1_Init      tim.o
    0x08004e58   0x08004e58   0x0000008c   Code   RO         2196    i.MX_TIM2_Init      tim.o
    0x08004ee4   0x08004ee4   0x0000006c   Code   RO         2248    i.MX_USART1_UART_Init  usart.o
    0x08004f50   0x08004f50   0x0000003a   Code   RO         6230    i.NTC_CalcAvTemp    ntc_temperature_sensor.o
    0x08004f8a   0x08004f8a   0x00000006   Code   RO         6232    i.NTC_Clear         ntc_temperature_sensor.o
    0x08004f90   0x08004f90   0x00000022   Code   RO         6233    i.NTC_GetAvTemp_C   ntc_temperature_sensor.o
    0x08004fb2   0x08004fb2   0x00000024   Code   RO         6235    i.NTC_Init          ntc_temperature_sensor.o
    0x08004fd6   0x08004fd6   0x00000018   Code   RO         6236    i.NTC_SetFaultState  ntc_temperature_sensor.o
    0x08004fee   0x08004fee   0x00000006   Code   RO         6344    i.PID_GetKD         pid_regulator.o
    0x08004ff4   0x08004ff4   0x00000004   Code   RO         6346    i.PID_GetKDDivisorPOW2  pid_regulator.o
    0x08004ff8   0x08004ff8   0x00000006   Code   RO         6347    i.PID_GetKI         pid_regulator.o
    0x08004ffe   0x08004ffe   0x00000004   Code   RO         6349    i.PID_GetKIDivisorPOW2  pid_regulator.o
    0x08005002   0x08005002   0x00000006   Code   RO         6350    i.PID_GetKP         pid_regulator.o
    0x08005008   0x08005008   0x00000004   Code   RO         6352    i.PID_GetKPDivisorPOW2  pid_regulator.o
    0x0800500c   0x0800500c   0x00000014   Code   RO         6353    i.PID_HandleInit    pid_regulator.o
    0x08005020   0x08005020   0x00000004   Code   RO         6354    i.PID_SetIntegralTerm  pid_regulator.o
    0x08005024   0x08005024   0x00000004   Code   RO         6355    i.PID_SetKD         pid_regulator.o
    0x08005028   0x08005028   0x0000000c   Code   RO         6356    i.PID_SetKDDivisorPOW2  pid_regulator.o
    0x08005034   0x08005034   0x00000004   Code   RO         6357    i.PID_SetKI         pid_regulator.o
    0x08005038   0x08005038   0x00000024   Code   RO         6358    i.PID_SetKIDivisorPOW2  pid_regulator.o
    0x0800505c   0x0800505c   0x00000004   Code   RO         6359    i.PID_SetKP         pid_regulator.o
    0x08005060   0x08005060   0x0000000c   Code   RO         6360    i.PID_SetKPDivisorPOW2  pid_regulator.o
    0x0800506c   0x0800506c   0x00000004   Code   RO         6361    i.PID_SetLowerIntegralTermLimit  pid_regulator.o
    0x08005070   0x08005070   0x00000004   Code   RO         6364    i.PID_SetUpperIntegralTermLimit  pid_regulator.o
    0x08005074   0x08005074   0x00000080   Code   RO         6366    i.PI_Controller     pid_regulator.o
    0x080050f4   0x080050f4   0x00000060   Code   RO         6515    i.PQD_CalcElMotorPower  pqd_motor_power_measurement.o
    0x08005154   0x08005154   0x00000004   Code   RO         1043    i.PWMC_CheckOverCurrent  pwm_curr_fdbk.o
    0x08005158   0x08005158   0x00000042   Code   RO         1045    i.PWMC_CurrentReadingCalibr  pwm_curr_fdbk.o
    0x0800519a   0x0800519a   0x00000004   Code   RO         1050    i.PWMC_GetPhaseCurrents  pwm_curr_fdbk.o
    0x0800519e   0x0800519e   0x0000020e   Code   RO         1070    i.PWMC_SetPhaseVoltage  pwm_curr_fdbk.o
    0x080053ac   0x080053ac   0x00000004   Code   RO         1071    i.PWMC_SwitchOffPWM  pwm_curr_fdbk.o
    0x080053b0   0x080053b0   0x00000004   Code   RO         1072    i.PWMC_SwitchOnPWM  pwm_curr_fdbk.o
    0x080053b4   0x080053b4   0x000000f8   Code   RO         7123    i.R3_2_ADCxInit     r3_2_g4xx_pwm_curr_fdbk.o
    0x080054ac   0x080054ac   0x00000042   Code   RO         7124    i.R3_2_BRK2_IRQHandler  r3_2_g4xx_pwm_curr_fdbk.o
    0x080054ee   0x080054ee   0x00000022   Code   RO         7125    i.R3_2_BRK_IRQHandler  r3_2_g4xx_pwm_curr_fdbk.o
    0x08005510   0x08005510   0x000001d4   Code   RO         7126    i.R3_2_CurrentReadingPolarization  r3_2_g4xx_pwm_curr_fdbk.o
    0x080056e4   0x080056e4   0x00000010   Code   RO         7127    i.R3_2_GetOffsetCalib  r3_2_g4xx_pwm_curr_fdbk.o
    0x080056f4   0x080056f4   0x00000128   Code   RO         7128    i.R3_2_GetPhaseCurrents  r3_2_g4xx_pwm_curr_fdbk.o
    0x0800581c   0x0800581c   0x00000060   Code   RO         7130    i.R3_2_HFCurrentsPolarizationAB  r3_2_g4xx_pwm_curr_fdbk.o
    0x0800587c   0x0800587c   0x00000054   Code   RO         7131    i.R3_2_HFCurrentsPolarizationC  r3_2_g4xx_pwm_curr_fdbk.o
    0x080058d0   0x080058d0   0x000002a8   Code   RO         7132    i.R3_2_Init         r3_2_g4xx_pwm_curr_fdbk.o
    0x08005b78   0x08005b78   0x00000026   Code   RO         7133    i.R3_2_IsOverCurrentOccurred  r3_2_g4xx_pwm_curr_fdbk.o
    0x08005b9e   0x08005b9e   0x00000002   PAD
    0x08005ba0   0x08005ba0   0x000000f4   Code   RO         7134    i.R3_2_RLDetectionModeDisable  r3_2_g4xx_pwm_curr_fdbk.o
    0x08005c94   0x08005c94   0x000000c0   Code   RO         7135    i.R3_2_RLDetectionModeEnable  r3_2_g4xx_pwm_curr_fdbk.o
    0x08005d54   0x08005d54   0x00000080   Code   RO         7136    i.R3_2_RLDetectionModeSetDuty  r3_2_g4xx_pwm_curr_fdbk.o
    0x08005dd4   0x08005dd4   0x00000050   Code   RO         7137    i.R3_2_RLGetPhaseCurrents  r3_2_g4xx_pwm_curr_fdbk.o
    0x08005e24   0x08005e24   0x000000d2   Code   RO         7138    i.R3_2_RLSwitchOnPWM  r3_2_g4xx_pwm_curr_fdbk.o
    0x08005ef6   0x08005ef6   0x00000054   Code   RO         7139    i.R3_2_RLTurnOnLowSides  r3_2_g4xx_pwm_curr_fdbk.o
    0x08005f4a   0x08005f4a   0x00000002   PAD
    0x08005f4c   0x08005f4c   0x0000003c   Code   RO         7140    i.R3_2_SetADCSampPointPolarization  r3_2_g4xx_pwm_curr_fdbk.o
    0x08005f88   0x08005f88   0x00000088   Code   RO         7141    i.R3_2_SetADCSampPointSectX  r3_2_g4xx_pwm_curr_fdbk.o
    0x08006010   0x08006010   0x000000fc   Code   RO         7143    i.R3_2_SetAOReferenceVoltage  r3_2_g4xx_pwm_curr_fdbk.o
    0x0800610c   0x0800610c   0x00000016   Code   RO         7144    i.R3_2_SetOffsetCalib  r3_2_g4xx_pwm_curr_fdbk.o
    0x08006122   0x08006122   0x00000078   Code   RO         7145    i.R3_2_SwitchOffPWM  r3_2_g4xx_pwm_curr_fdbk.o
    0x0800619a   0x0800619a   0x000000c8   Code   RO         7146    i.R3_2_SwitchOnPWM  r3_2_g4xx_pwm_curr_fdbk.o
    0x08006262   0x08006262   0x00000098   Code   RO         7147    i.R3_2_TIMx_UP_IRQHandler  r3_2_g4xx_pwm_curr_fdbk.o
    0x080062fa   0x080062fa   0x00000060   Code   RO         7148    i.R3_2_TurnOnLowSides  r3_2_g4xx_pwm_curr_fdbk.o
    0x0800635a   0x0800635a   0x00000002   PAD
    0x0800635c   0x0800635c   0x00000098   Code   RO         1252    i.RCM_ExecNextConv  regular_conversion_manager.o
    0x080063f4   0x080063f4   0x00000144   Code   RO         1253    i.RCM_ExecRegularConv  regular_conversion_manager.o
    0x08006538   0x08006538   0x00000058   Code   RO         1254    i.RCM_ExecUserConv  regular_conversion_manager.o
    0x08006590   0x08006590   0x0000004c   Code   RO         1258    i.RCM_ReadOngoingConv  regular_conversion_manager.o
    0x080065dc   0x080065dc   0x00000130   Code   RO         1259    i.RCM_RegisterRegConv  regular_conversion_manager.o
    0x0800670c   0x0800670c   0x00000010   Code   RO         6626    i.REMNG_Init        ramp_ext_mngr.o
    0x0800671c   0x0800671c   0x00000020   Code   RO         1838    i.RI_GetIDSize      register_interface.o
    0x0800673c   0x0800673c   0x000000c8   Code   RO         1839    i.RI_GetPtrReg      register_interface.o
    0x08006804   0x08006804   0x00000794   Code   RO         1840    i.RI_GetRegCommandParser  register_interface.o
    0x08006f98   0x08006f98   0x000004b0   Code   RO         1841    i.RI_SetRegCommandParser  register_interface.o
    0x08007448   0x08007448   0x00000066   Code   RO         6575    i.RVBS_CalcAvVbus   r_divider_bus_voltage_sensor.o
    0x080074ae   0x080074ae   0x00000018   Code   RO         6577    i.RVBS_CheckFaultState  r_divider_bus_voltage_sensor.o
    0x080074c6   0x080074c6   0x0000002c   Code   RO         6578    i.RVBS_Clear        r_divider_bus_voltage_sensor.o
    0x080074f2   0x080074f2   0x00000016   Code   RO         6579    i.RVBS_Init         r_divider_bus_voltage_sensor.o
    0x08007508   0x08007508   0x00000006   Code   RO         6816    i.SPD_GetAvrgMecSpeedUnit  speed_pos_fdbk.o
    0x0800750e   0x0800750e   0x00000006   Code   RO         6817    i.SPD_GetElAngle    speed_pos_fdbk.o
    0x08007514   0x08007514   0x00000006   Code   RO         6820    i.SPD_GetInstElSpeedDpp  speed_pos_fdbk.o
    0x0800751a   0x0800751a   0x00000014   Code   RO         6822    i.SPD_GetS16Speed   speed_pos_fdbk.o
    0x0800752e   0x0800752e   0x00000060   Code   RO         6823    i.SPD_IsMecSpeedReliable  speed_pos_fdbk.o
    0x0800758e   0x0800758e   0x00000050   Code   RO         6893    i.STC_CalcTorqueReference  speed_torq_ctrl.o
    0x080075de   0x080075de   0x00000010   Code   RO         6894    i.STC_Clear         speed_torq_ctrl.o
    0x080075ee   0x080075ee   0x0000008c   Code   RO         6895    i.STC_ExecRamp      speed_torq_ctrl.o
    0x0800767a   0x0800767a   0x00000010   Code   RO         6896    i.STC_ForceSpeedReferenceToCurrentSpeed  speed_torq_ctrl.o
    0x0800768a   0x0800768a   0x00000010   Code   RO         6898    i.STC_GetDefaultIqdref  speed_torq_ctrl.o
    0x0800769a   0x0800769a   0x00000006   Code   RO         6900    i.STC_GetMecSpeedRefUnit  speed_torq_ctrl.o
    0x080076a0   0x080076a0   0x00000006   Code   RO         6901    i.STC_GetMecSpeedRefUnitDefault  speed_torq_ctrl.o
    0x080076a6   0x080076a6   0x00000004   Code   RO         6903    i.STC_GetSpeedSensor  speed_torq_ctrl.o
    0x080076aa   0x080076aa   0x00000006   Code   RO         6904    i.STC_GetTorqueRef  speed_torq_ctrl.o
    0x080076b0   0x080076b0   0x00000020   Code   RO         6905    i.STC_Init          speed_torq_ctrl.o
    0x080076d0   0x080076d0   0x00000008   Code   RO         6907    i.STC_SetControlMode  speed_torq_ctrl.o
    0x080076d8   0x080076d8   0x00000008   Code   RO         6910    i.STC_StopRamp      speed_torq_ctrl.o
    0x080076e0   0x080076e0   0x00000028   Code   RO         1727    i.SysTick_Handler   stm32g4xx_mc_it.o
    0x08007708   0x08007708   0x0000009e   Code   RO           14    i.SystemClock_Config  main.o
    0x080077a6   0x080077a6   0x00000002   PAD
    0x080077a8   0x080077a8   0x00000010   Code   RO         5988    i.SystemInit        system_stm32g4xx.o
    0x080077b8   0x080077b8   0x00000044   Code   RO         1728    i.TIM1_BRK_TIM15_IRQHandler  stm32g4xx_mc_it.o
    0x080077fc   0x080077fc   0x00000018   Code   RO         1729    i.TIM1_UP_TIM16_IRQHandler  stm32g4xx_mc_it.o
    0x08007814   0x08007814   0x0000003c   Code   RO         1730    i.TIM2_IRQHandler   stm32g4xx_mc_it.o
    0x08007850   0x08007850   0x000000b4   Code   RO         4474    i.TIM_Base_SetConfig  stm32g4xx_hal_tim.o
    0x08007904   0x08007904   0x00000090   Code   RO         4486    i.TIM_OC2_SetConfig  stm32g4xx_hal_tim.o
    0x08007994   0x08007994   0x00000138   Code   RO         4487    i.TIM_SlaveTimer_SetConfig  stm32g4xx_hal_tim.o
    0x08007acc   0x08007acc   0x00000078   Code   RO         4488    i.TIM_TI1_SetConfig  stm32g4xx_hal_tim.o
    0x08007b44   0x08007b44   0x00000014   Code   RO          904    i.TSK_ChargeBootCapDelayHasElapsedM1  mc_tasks.o
    0x08007b58   0x08007b58   0x00000020   Code   RO          905    i.TSK_HardwareFaultTask  mc_tasks.o
    0x08007b78   0x08007b78   0x000000fc   Code   RO          906    i.TSK_HighFrequencyTask  mc_tasks.o
    0x08007c74   0x08007c74   0x000001b8   Code   RO          908    i.TSK_MediumFrequencyTaskM1  mc_tasks.o
    0x08007e2c   0x08007e2c   0x00000020   Code   RO          909    i.TSK_SafetyTask    mc_tasks.o
    0x08007e4c   0x08007e4c   0x0000009c   Code   RO          910    i.TSK_SafetyTask_PWMOFF  mc_tasks.o
    0x08007ee8   0x08007ee8   0x0000000c   Code   RO          911    i.TSK_SetChargeBootCapDelayM1  mc_tasks.o
    0x08007ef4   0x08007ef4   0x0000000c   Code   RO          912    i.TSK_SetStopPermanencyTimeM1  mc_tasks.o
    0x08007f00   0x08007f00   0x00000014   Code   RO          913    i.TSK_StopPermanencyTimeHasElapsedM1  mc_tasks.o
    0x08007f14   0x08007f14   0x000000da   Code   RO         5515    i.UART_AdvFeatureConfig  stm32g4xx_hal_uart.o
    0x08007fee   0x08007fee   0x00000064   Code   RO         5516    i.UART_CheckIdleState  stm32g4xx_hal_uart.o
    0x08008052   0x08008052   0x00000002   PAD
    0x08008054   0x08008054   0x00000284   Code   RO         5531    i.UART_SetConfig    stm32g4xx_hal_uart.o
    0x080082d8   0x080082d8   0x000000e4   Code   RO         5538    i.UART_WaitOnFlagUntilTimeout  stm32g4xx_hal_uart.o
    0x080083bc   0x080083bc   0x0000001a   Code   RO         1966    i.UASPEP_IDLE_ENABLE  usart_aspep_driver.o
    0x080083d6   0x080083d6   0x00000002   PAD
    0x080083d8   0x080083d8   0x000000ac   Code   RO         1967    i.UASPEP_INIT       usart_aspep_driver.o
    0x08008484   0x08008484   0x00000050   Code   RO         1968    i.UASPEP_RECEIVE_BUFFER  usart_aspep_driver.o
    0x080084d4   0x080084d4   0x00000050   Code   RO         1969    i.UASPEP_SEND_PACKET  usart_aspep_driver.o
    0x08008524   0x08008524   0x00000018   Code   RO          914    i.UI_HandleStartStopButton_cb  mc_tasks.o
    0x0800853c   0x0800853c   0x00000104   Code   RO         1731    i.USART1_IRQHandler  stm32g4xx_mc_it.o
    0x08008640   0x08008640   0x0000000a   Code   RO         6026    i.VBS_GetAvBusVoltage_V  bus_voltage_sensor.o
    0x0800864a   0x0800864a   0x000000a6   Code   RO           15    i.main              main.o
    0x080086f0   0x080086f0   0x0000014c   Code   RO          915    i.mc_lock_pins      mc_tasks.o
    0x0800883c   0x0800883c   0x0000006c   Code   RO         6539    i.startTimers       pwm_common.o
    0x080088a8   0x080088a8   0x00000048   Code   RO         6540    i.waitForPolarizationEnd  pwm_common.o
    0x080088f0   0x080088f0   0x0000000a   Code   RO         7539    x$fpl$fpinit        fz_wm.l(fpinit.o)
    0x080088fa   0x080088fa   0x00000002   PAD
    0x080088fc   0x080088fc   0x00000002   Data   RO          917    .constdata          mc_tasks.o
    0x080088fe   0x080088fe   0x00000006   Data   RO         1732    .constdata          stm32g4xx_mc_it.o
    0x08008904   0x08008904   0x0000006c   Data   RO         1813    .constdata          mc_parameters.o
    0x08008970   0x08008970   0x000000cc   Data   RO         1814    .constdata          mc_parameters.o
    0x08008a3c   0x08008a3c   0x00000004   Data   RO         1842    .constdata          register_interface.o
    0x08008a40   0x08008a40   0x00000006   Data   RO         1970    .constdata          usart_aspep_driver.o
    0x08008a46   0x08008a46   0x00000010   Data   RO         2025    .constdata          mc_configuration_registers.o
    0x08008a56   0x08008a56   0x00000011   Data   RO         2026    .constdata          mc_configuration_registers.o
    0x08008a67   0x08008a67   0x00000018   Data   RO         2027    .constdata          mc_configuration_registers.o
    0x08008a7f   0x08008a7f   0x0000000a   Data   RO         2028    .constdata          mc_configuration_registers.o
    0x08008a89   0x08008a89   0x0000000e   Data   RO         2029    .constdata          mc_configuration_registers.o
    0x08008a97   0x08008a97   0x0000003c   Data   RO         2030    .constdata          mc_configuration_registers.o
    0x08008ad3   0x08008ad3   0x0000000e   Data   RO         2031    .constdata          mc_configuration_registers.o
    0x08008ae1   0x08008ae1   0x00000110   Data   RO         2071    .constdata          aspep.o
    0x08008bf1   0x08008bf1   0x00000001   PAD
    0x08008bf2   0x08008bf2   0x00000018   Data   RO         5539    .constdata          stm32g4xx_hal_uart.o
    0x08008c0a   0x08008c0a   0x00000010   Data   RO         5893    .constdata          stm32g4xx_hal_uart_ex.o
    0x08008c1a   0x08008c1a   0x00000010   Data   RO         5989    .constdata          system_stm32g4xx.o
    0x08008c2a   0x08008c2a   0x00000008   Data   RO         5990    .constdata          system_stm32g4xx.o
    0x08008c32   0x08008c32   0x00000014   Data   RO         6131    .constdata          hall_speed_pos_fdbk.o
    0x08008c46   0x08008c46   0x00000014   Data   RO         7150    .constdata          r3_2_g4xx_pwm_curr_fdbk.o
    0x08008c5a   0x08008c5a   0x00000002   PAD
    0x08008c5c   0x08008c5c   0x00000020   Data   RO         7597    Region$$Table       anon$$obj.o


    Execution Region RW_IRAM1 (Exec base: 0x20000000, Load base: 0x08008c7c, Size: 0x00002250, Max: 0x00008000, ABSOLUTE, COMPRESSED[0x00000168])

    Exec Addr    Load Addr    Size         Type   Attr      Idx    E Section Name        Object

    0x20000000   COMPRESSED   0x00000004   Data   RW          377    .data               adc.o
    0x20000004   COMPRESSED   0x00000004   Data   RW          488    .data               motorcontrol.o
    0x20000008   COMPRESSED   0x00000114   Data   RW          814    .data               mc_config.o
    0x2000011c   COMPRESSED   0x0000002c   Data   RW          815    .data               mc_config.o
    0x20000148   COMPRESSED   0x0000002c   Data   RW          816    .data               mc_config.o
    0x20000174   COMPRESSED   0x0000002c   Data   RW          817    .data               mc_config.o
    0x200001a0   COMPRESSED   0x00000034   Data   RW          818    .data               mc_config.o
    0x200001d4   COMPRESSED   0x00000098   Data   RW          819    .data               mc_config.o
    0x2000026c   COMPRESSED   0x000000c8   Data   RW          820    .data               mc_config.o
    0x20000334   COMPRESSED   0x00000028   Data   RW          821    .data               mc_config.o
    0x2000035c   COMPRESSED   0x00000028   Data   RW          822    .data               mc_config.o
    0x20000384   COMPRESSED   0x00000018   Data   RW          823    .data               mc_config.o
    0x2000039c   COMPRESSED   0x000000b4   Data   RW          824    .data               mc_config.o
    0x20000450   COMPRESSED   0x00000004   Data   RW          825    .data               mc_config.o
    0x20000454   COMPRESSED   0x00000004   Data   RW          826    .data               mc_config.o
    0x20000458   COMPRESSED   0x00000004   Data   RW          827    .data               mc_config.o
    0x2000045c   COMPRESSED   0x00000004   Data   RW          828    .data               mc_config.o
    0x20000460   COMPRESSED   0x00000004   Data   RW          829    .data               mc_config.o
    0x20000464   COMPRESSED   0x00000014   Data   RW          866    .data               mcp_config.o
    0x20000478   COMPRESSED   0x00000074   Data   RW          867    .data               mcp_config.o
    0x200004ec   COMPRESSED   0x00000010   Data   RW          868    .data               mcp_config.o
    0x200004fc   COMPRESSED   0x0000002c   Data   RW          869    .data               mcp_config.o
    0x20000528   COMPRESSED   0x00000008   Data   RW          870    .data               mcp_config.o
    0x20000530   COMPRESSED   0x00000014   Data   RW          918    .data               mc_tasks.o
    0x20000544   COMPRESSED   0x00000006   Data   RW         1263    .data               regular_conversion_manager.o
    0x2000054a   COMPRESSED   0x00000001   Data   RW         1733    .data               stm32g4xx_mc_it.o
    0x2000054b   COMPRESSED   0x00000001   PAD
    0x2000054c   COMPRESSED   0x0000000c   Data   RW         1843    .data               register_interface.o
    0x20000558   COMPRESSED   0x00000004   Data   RW         2032    .data               mc_configuration_registers.o
    0x2000055c   COMPRESSED   0x00000004   Data   RW         2033    .data               mc_configuration_registers.o
    0x20000560   COMPRESSED   0x00000004   Data   RW         2034    .data               mc_configuration_registers.o
    0x20000564   COMPRESSED   0x00000004   Data   RW         2035    .data               mc_configuration_registers.o
    0x20000568   COMPRESSED   0x0000000c   Data   RW         2756    .data               stm32g4xx_hal.o
    0x20000574   COMPRESSED   0x00000004   Data   RW         5991    .data               system_stm32g4xx.o
    0x20000578   COMPRESSED   0x00000004   Data   RW         7357    .data               mcpa.o
    0x2000057c        -       0x000000d8   Zero   RW          376    .bss                adc.o
    0x20000654        -       0x00000028   Zero   RW          424    .bss                cordic.o
    0x2000067c        -       0x0000000c   Zero   RW          812    .bss                mc_config.o
    0x20000688        -       0x00000020   Zero   RW          813    .bss                mc_config.o
    0x200006a8        -       0x00000106   Zero   RW          858    .bss                mcp_config.o
    0x200007ae        -       0x00000102   Zero   RW          859    .bss                mcp_config.o
    0x200008b0        -       0x00000806   Zero   RW          860    .bss                mcp_config.o
    0x200010b6        -       0x00000806   Zero   RW          861    .bss                mcp_config.o
    0x200018bc        -       0x00000028   Zero   RW          862    .bss                mcp_config.o
    0x200018e4        -       0x00000028   Zero   RW          863    .bss                mcp_config.o
    0x2000190c        -       0x0000000a   Zero   RW          864    .bss                mcp_config.o
    0x20001916        -       0x0000000a   Zero   RW          865    .bss                mcp_config.o
    0x20001920        -       0x00000026   Zero   RW          916    .bss                mc_tasks.o
    0x20001946   COMPRESSED   0x00000002   PAD
    0x20001948        -       0x00000048   Zero   RW         1262    .bss                regular_conversion_manager.o
    0x20001990        -       0x00000078   Zero   RW         2148    .bss                opamp.o
    0x20001a08        -       0x00000098   Zero   RW         2197    .bss                tim.o
    0x20001aa0        -       0x00000150   Zero   RW         2249    .bss                usart.o
    0x20001bf0        -       0x00000060   Zero   RW         7469    .bss                c_w.l(libspace.o)
    0x20001c50        -       0x00000200   Zero   RW            2    HEAP                startup_stm32g431xx.o
    0x20001e50        -       0x00000400   Zero   RW            1    STACK               startup_stm32g431xx.o


==============================================================================

Image component sizes


      Code (inc. data)   RO Data    RW Data    ZI Data      Debug   Object Name

       624         42          0          4        216       2770   adc.o
      1366         14        272          0          0       9160   aspep.o
        10          0          0          0          0       1092   bus_voltage_sensor.o
        92          0          0          0          0       1644   circle_limitation.o
        80         12          0          0         40       1588   cordic.o
         0          0          0          0          0       4212   digital_output.o
        44          4          0          0          0        790   dma.o
       108          8          0          0          0        935   gpio.o
      1758         28         20          0          0      53884   hall_speed_pos_fdbk.o
       328          0          0          0          0     729099   main.o
        36         12          0          0          0       1428   mc_api.o
         0          0          0       1116         44       1574   mc_config.o
         0          0        155         16          0       3694   mc_configuration_registers.o
       468          0          0          0          0      16314   mc_interface.o
       322         24          0          0          0       9323   mc_math.o
         0          0        312          0          0        279   mc_parameters.o
      1894        258          2         20         38      17796   mc_tasks.o
       292         10          0          0          0       1713   mcp.o
         0          0          0        204       4728       1775   mcp_config.o
       782          6          0          4          0       5024   mcpa.o
       102          0          0          0          0       2582   motor_power_measurement.o
        52          8          0          4          0       1062   motorcontrol.o
       158          0          0          0          0       4010   ntc_temperature_sensor.o
       256         36          0          0        120       2340   opamp.o
       262          6          0          0          0      11781   pid_regulator.o
        96          6          0          0          0       1263   pqd_motor_power_measurement.o
       180          8          0          0          0      52199   pwm_common.o
       608          0          0          0          0       4910   pwm_curr_fdbk.o
      4246        132         20          0          0     178315   r3_2_g4xx_pwm_curr_fdbk.o
       192          0          0          0          0       3650   r_divider_bus_voltage_sensor.o
        16          0          0          0          0       1021   ramp_ext_mngr.o
      3372        120          4         12          0      10728   register_interface.o
       944         82          0          6         72      71644   regular_conversion_manager.o
       134          0          0          0          0       4118   speed_pos_fdbk.o
       338          0          0          0          0       9012   speed_torq_ctrl.o
        64         26        472          0       1536        848   startup_stm32g431xx.o
       126         20          0         12          0       3717   stm32g4xx_hal.o
      1816         58          0          0          0      71447   stm32g4xx_hal_adc.o
      1748         52          0          0          0      70993   stm32g4xx_hal_adc_ex.o
        52          0          0          0          0       1242   stm32g4xx_hal_cordic.o
       220         16          0          0          0      34527   stm32g4xx_hal_cortex.o
       296         44          0          0          0       1639   stm32g4xx_hal_dma.o
       484         18          0          0          0       1428   stm32g4xx_hal_gpio.o
        56          6          0          0          0        854   stm32g4xx_hal_msp.o
       236          8          0          0          0       1785   stm32g4xx_hal_opamp.o
       208         16          0          0          0       1437   stm32g4xx_hal_pwr_ex.o
      1958         94          0          0          0       7478   stm32g4xx_hal_rcc.o
       708          8          0          0          0       1880   stm32g4xx_hal_rcc_ex.o
      2328         76          0          0          0      12321   stm32g4xx_hal_tim.o
       562         18          0          0          0       3835   stm32g4xx_hal_tim_ex.o
      1300         44         24          0          0      24831   stm32g4xx_hal_uart.o
       342         12         16          0          0       3425   stm32g4xx_hal_uart_ex.o
       526         74          6          1          0      90903   stm32g4xx_mc_it.o
        16          4         24          4          0       1119   system_stm32g4xx.o
       772         28          0          0        152       3177   tim.o
       312         32          0          0        336       1920   usart.o
       358         16          6          0          0      40170   usart_aspep_driver.o

    ----------------------------------------------------------------------
     33686       1486       1368       1404       7284    1603705   Object Totals
         0          0         32          0          0          0   (incl. Generated)
        38          0          3          1          2          0   (incl. Padding)

    ----------------------------------------------------------------------

      Code (inc. data)   RO Data    RW Data    ZI Data      Debug   Library Member Name

        90          0          0          0          0          0   __dczerorl2.o
         8          0          0          0          0         68   __main.o
         0          0          0          0          0          0   __rtentry.o
        12          0          0          0          0          0   __rtentry2.o
         6          0          0          0          0          0   __rtentry4.o
        52          8          0          0          0          0   __scatter.o
        28          0          0          0          0          0   __scatter_zi.o
        18          0          0          0          0         80   exit.o
         6          0          0          0          0        152   heapauxi.o
         0          0          0          0          0          0   indicate_semi.o
         2          0          0          0          0          0   libinit.o
         6          0          0          0          0          0   libinit2.o
         2          0          0          0          0          0   libshutdown.o
         2          0          0          0          0          0   libshutdown2.o
         8          4          0          0         96         68   libspace.o
       238          0          0          0          0        100   lludivv7m.o
        78          0          0          0          0         80   rt_memclr_w.o
       138          0          0          0          0         68   rt_memcpy_v6.o
       100          0          0          0          0         80   rt_memcpy_w.o
         2          0          0          0          0          0   rtexit.o
        10          0          0          0          0          0   rtexit2.o
        12          4          0          0          0         68   sys_exit.o
        74          0          0          0          0         80   sys_stackheap_outer.o
         2          0          0          0          0         68   use_no_semi.o
        10          0          0          0          0        116   fpinit.o

    ----------------------------------------------------------------------
       910         16          0          0         96       1028   Library Totals
         6          0          0          0          0          0   (incl. Padding)

    ----------------------------------------------------------------------

      Code (inc. data)   RO Data    RW Data    ZI Data      Debug   Library Name

       894         16          0          0         96        912   c_w.l
        10          0          0          0          0        116   fz_wm.l

    ----------------------------------------------------------------------
       910         16          0          0         96       1028   Library Totals

    ----------------------------------------------------------------------

==============================================================================


      Code (inc. data)   RO Data    RW Data    ZI Data      Debug   

     34596       1502       1368       1404       7380    1580069   Grand Totals
     34596       1502       1368        360       7380    1580069   ELF Image Totals (compressed)
     34596       1502       1368        360          0          0   ROM Totals

==============================================================================

    Total RO  Size (Code + RO Data)                35964 (  35.12kB)
    Total RW  Size (RW Data + ZI Data)              8784 (   8.58kB)
    Total ROM Size (Code + RO Data + RW Data)      36324 (  35.47kB)

==============================================================================

