<html>
<body>
<pre>
<h1>µVision Build Log</h1>
<h2>Tool Versions:</h2>
IDE-Version: ¦ÌVision V5.33.0.0
Copyright (C) 2020 ARM Ltd and ARM Germany GmbH. All rights reserved.
License Information: 1 zizhong, HP Inc., LIC=PE7DL-0HTHL-2ZQW4-F9CM5-MM33X-NZ9UH
 
Tool Versions:
Toolchain:       MDK-ARM Plus  Version: 5.33.0.0
Toolchain Path:  G:\keil\ARM\ARMCC\Bin
C Compiler:      Armcc.exe V5.06 update 7 (build 960)
Assembler:       Armasm.exe V5.06 update 7 (build 960)
Linker/Locator:  ArmLink.exe V5.06 update 7 (build 960)
Library Manager: ArmAr.exe V5.06 update 7 (build 960)
Hex Converter:   FromElf.exe V5.06 update 7 (build 960)
CPU DLL:         SARMCM3.DLL V5.33.0.0
Dialog DLL:      DCM.DLL V1.17.3.0
Target DLL:      STLink\ST-LINKIII-KEIL_SWO.dll V3.0.8.0
Dialog DLL:      TCM.DLL V1.48.0.0
 
<h2>Project:</h2>
G:\desktop\BLDC\BLDC_Outer\RBT3_Test\RBT3\MDK-ARM\RBT3.uvprojx
Project File Date:  05/09/2024

<h2>Output:</h2>
*** Using Compiler 'V5.06 update 7 (build 960)', folder: 'G:\keil\ARM\ARMCC\Bin'
Build target 'RBT3'
assembling startup_stm32g431xx.s...
compiling usart_aspep_driver.c...
compiling aspep.c...
compiling mc_math.c...
compiling mc_configuration_registers.c...
compiling mc_perf.c...
compiling motorcontrol.c...
compiling mcp_config.c...
compiling main.c...
compiling dma.c...
compiling mc_parameters.c...
compiling mc_api.c...
compiling regular_conversion_manager.c...
compiling stm32g4xx_ll_adc.c...
compiling cordic.c...
compiling adc.c...
compiling mc_interface.c...
compiling register_interface.c...
compiling pwm_curr_fdbk.c...
compiling gpio.c...
compiling opamp.c...
compiling tim.c...
compiling mc_config.c...
compiling stm32g4xx_mc_it.c...
compiling usart.c...
compiling mc_tasks.c...
compiling stm32g4xx_hal_rcc.c...
compiling stm32g4xx_hal_flash.c...
compiling stm32g4xx_hal_exti.c...
compiling stm32g4xx_hal_flash_ex.c...
compiling stm32g4xx_hal_gpio.c...
compiling stm32g4xx_hal.c...
compiling stm32g4xx_hal_flash_ramfunc.c...
compiling stm32g4xx_hal_adc_ex.c...
compiling stm32g4xx_hal_cordic.c...
compiling stm32g4xx_hal_dma_ex.c...
compiling stm32g4xx_hal_cortex.c...
compiling stm32g4xx_hal_pwr.c...
compiling stm32g4xx_hal_rcc_ex.c...
compiling stm32g4xx_hal_uart_ex.c...
compiling stm32g4xx_hal_opamp.c...
compiling stm32g4xx_hal_dma.c...
compiling stm32g4xx_hal_pwr_ex.c...
compiling stm32g4xx_hal_opamp_ex.c...
compiling stm32g4xx_hal_adc.c...
compiling stm32g4xx_hal_uart.c...
compiling stm32g4xx_hal_tim_ex.c...
compiling stm32g4xx_hal_tim.c...
compiling system_stm32g4xx.c...
compiling stm32g4xx_hal_msp.c...
compiling stm32g4xx_it.c...
compiling open_loop.c...
compiling digital_output.c...
compiling pqd_motor_power_measurement.c...
compiling ntc_temperature_sensor.c...
compiling pid_regulator.c...
compiling pwm_common.c...
compiling bus_voltage_sensor.c...
compiling circle_limitation.c...
compiling motor_power_measurement.c...
compiling hall_speed_pos_fdbk.c...
compiling r_divider_bus_voltage_sensor.c...
compiling speed_pos_fdbk.c...
compiling mcpa.c...
compiling ramp_ext_mngr.c...
compiling revup_ctrl.c...
compiling virtual_speed_sensor.c...
compiling speed_torq_ctrl.c...
compiling mcp.c...
compiling r3_2_g4xx_pwm_curr_fdbk.c...
linking...
Program Size: Code=34596 RO-data=1368 RW-data=1404 ZI-data=7380  
FromELF: creating hex file...
"RBT3\RBT3.axf" - 0 Error(s), 0 Warning(s).

<h2>Software Packages used:</h2>

Package Vendor: ARM
                http://www.keil.com/pack/ARM.CMSIS.5.7.0.pack
                ARM.CMSIS.5.7.0
                CMSIS (Cortex Microcontroller Software Interface Standard)
   * Component: CORE Version: 5.4.0

Package Vendor: Keil
                https://www.keil.com/pack/Keil.STM32G4xx_DFP.1.5.0.pack
                Keil.STM32G4xx_DFP.1.5.0
                STMicroelectronics STM32G4 Series Device Support, Drivers and Examples

<h2>Collection of Component include folders:</h2>
  .\RTE\_RBT3
  G:\keil\ARM\CMSIS\5.7.0\CMSIS\Core\Include
  G:\keil\Keil\STM32G4xx_DFP\1.5.0\Drivers\CMSIS\Device\ST\STM32G4xx\Include

<h2>Collection of Component Files used:</h2>

   * Component: ARM::CMSIS:CORE:5.4.0
      Include file:  CMSIS\Core\Include\tz_context.h
Build Time Elapsed:  00:00:17
</pre>
</body>
</html>
